Archive member included to satisfy reference by file (symbol)

C:/Program Files (x86)/Arm GNU Toolchain arm-none-eabi/14.3 rel1/bin/../lib/gcc/arm-none-eabi/14.3.1/../../../../arm-none-eabi/lib/thumb/v7e-m+fp/hard\libc.a(libc_a-abort.o)
                              build/apollo3p_evb/arm-none-eabi/apps/ai/kws/src/kws.o (abort)
C:/Program Files (x86)/Arm GNU Toolchain arm-none-eabi/14.3 rel1/bin/../lib/gcc/arm-none-eabi/14.3.1/../../../../arm-none-eabi/lib/thumb/v7e-m+fp/hard\libc.a(libc_a-atexit.o)
                              build/apollo3p_evb/arm-none-eabi/apps/ai/kws/src/kws.o (atexit)
C:/Program Files (x86)/Arm GNU Toolchain arm-none-eabi/14.3 rel1/bin/../lib/gcc/arm-none-eabi/14.3.1/../../../../arm-none-eabi/lib/thumb/v7e-m+fp/hard\libc.a(libc_a-signal.o)
                              C:/Program Files (x86)/Arm GNU Toolchain arm-none-eabi/14.3 rel1/bin/../lib/gcc/arm-none-eabi/14.3.1/../../../../arm-none-eabi/lib/thumb/v7e-m+fp/hard\libc.a(libc_a-abort.o) (raise)
C:/Program Files (x86)/Arm GNU Toolchain arm-none-eabi/14.3 rel1/bin/../lib/gcc/arm-none-eabi/14.3.1/../../../../arm-none-eabi/lib/thumb/v7e-m+fp/hard\libc.a(libc_a-impure.o)
                              C:/Program Files (x86)/Arm GNU Toolchain arm-none-eabi/14.3 rel1/bin/../lib/gcc/arm-none-eabi/14.3.1/../../../../arm-none-eabi/lib/thumb/v7e-m+fp/hard\libc.a(libc_a-signal.o) (_impure_ptr)
C:/Program Files (x86)/Arm GNU Toolchain arm-none-eabi/14.3 rel1/bin/../lib/gcc/arm-none-eabi/14.3.1/../../../../arm-none-eabi/lib/thumb/v7e-m+fp/hard\libc.a(libc_a-strcmp.o)
                              build/apollo3p_evb/arm-none-eabi/apps/ai/kws/src/kws.o (strcmp)
C:/Program Files (x86)/Arm GNU Toolchain arm-none-eabi/14.3 rel1/bin/../lib/gcc/arm-none-eabi/14.3.1/../../../../arm-none-eabi/lib/thumb/v7e-m+fp/hard\libc.a(libc_a-__atexit.o)
                              C:/Program Files (x86)/Arm GNU Toolchain arm-none-eabi/14.3 rel1/bin/../lib/gcc/arm-none-eabi/14.3.1/../../../../arm-none-eabi/lib/thumb/v7e-m+fp/hard\libc.a(libc_a-atexit.o) (__register_exitproc)
C:/Program Files (x86)/Arm GNU Toolchain arm-none-eabi/14.3 rel1/bin/../lib/gcc/arm-none-eabi/14.3.1/../../../../arm-none-eabi/lib/thumb/v7e-m+fp/hard\libc.a(libc_a-__call_atexit.o)
                              C:/Program Files (x86)/Arm GNU Toolchain arm-none-eabi/14.3 rel1/bin/../lib/gcc/arm-none-eabi/14.3.1/../../../../arm-none-eabi/lib/thumb/v7e-m+fp/hard\libc.a(libc_a-__atexit.o) (__atexit_recursive_mutex)
C:/Program Files (x86)/Arm GNU Toolchain arm-none-eabi/14.3 rel1/bin/../lib/gcc/arm-none-eabi/14.3.1/../../../../arm-none-eabi/lib/thumb/v7e-m+fp/hard\libc.a(libc_a-mallocr.o)
                              C:/Program Files (x86)/Arm GNU Toolchain arm-none-eabi/14.3 rel1/bin/../lib/gcc/arm-none-eabi/14.3.1/../../../../arm-none-eabi/lib/thumb/v7e-m+fp/hard\libc.a(libc_a-signal.o) (_malloc_r)
C:/Program Files (x86)/Arm GNU Toolchain arm-none-eabi/14.3 rel1/bin/../lib/gcc/arm-none-eabi/14.3.1/../../../../arm-none-eabi/lib/thumb/v7e-m+fp/hard\libc.a(libc_a-mlock.o)
                              C:/Program Files (x86)/Arm GNU Toolchain arm-none-eabi/14.3 rel1/bin/../lib/gcc/arm-none-eabi/14.3.1/../../../../arm-none-eabi/lib/thumb/v7e-m+fp/hard\libc.a(libc_a-mallocr.o) (__malloc_lock)
C:/Program Files (x86)/Arm GNU Toolchain arm-none-eabi/14.3 rel1/bin/../lib/gcc/arm-none-eabi/14.3.1/../../../../arm-none-eabi/lib/thumb/v7e-m+fp/hard\libc.a(libc_a-findfp.o)
                              C:/Program Files (x86)/Arm GNU Toolchain arm-none-eabi/14.3 rel1/bin/../lib/gcc/arm-none-eabi/14.3.1/../../../../arm-none-eabi/lib/thumb/v7e-m+fp/hard\libc.a(libc_a-impure.o) (__sf)
C:/Program Files (x86)/Arm GNU Toolchain arm-none-eabi/14.3 rel1/bin/../lib/gcc/arm-none-eabi/14.3.1/../../../../arm-none-eabi/lib/thumb/v7e-m+fp/hard\libc.a(libc_a-fwalk.o)
                              C:/Program Files (x86)/Arm GNU Toolchain arm-none-eabi/14.3 rel1/bin/../lib/gcc/arm-none-eabi/14.3.1/../../../../arm-none-eabi/lib/thumb/v7e-m+fp/hard\libc.a(libc_a-findfp.o) (_fwalk_sglue)
C:/Program Files (x86)/Arm GNU Toolchain arm-none-eabi/14.3 rel1/bin/../lib/gcc/arm-none-eabi/14.3.1/../../../../arm-none-eabi/lib/thumb/v7e-m+fp/hard\libc.a(libc_a-stdio.o)
                              C:/Program Files (x86)/Arm GNU Toolchain arm-none-eabi/14.3 rel1/bin/../lib/gcc/arm-none-eabi/14.3.1/../../../../arm-none-eabi/lib/thumb/v7e-m+fp/hard\libc.a(libc_a-findfp.o) (__sread)
C:/Program Files (x86)/Arm GNU Toolchain arm-none-eabi/14.3 rel1/bin/../lib/gcc/arm-none-eabi/14.3.1/../../../../arm-none-eabi/lib/thumb/v7e-m+fp/hard\libc.a(libc_a-memset.o)
                              C:/Program Files (x86)/Arm GNU Toolchain arm-none-eabi/14.3 rel1/bin/../lib/gcc/arm-none-eabi/14.3.1/../../../../arm-none-eabi/lib/thumb/v7e-m+fp/hard\libc.a(libc_a-findfp.o) (memset)
C:/Program Files (x86)/Arm GNU Toolchain arm-none-eabi/14.3 rel1/bin/../lib/gcc/arm-none-eabi/14.3.1/../../../../arm-none-eabi/lib/thumb/v7e-m+fp/hard\libc.a(libc_a-sbrkr.o)
[...]
Memory Configuration

Name             Origin             Length             Attributes
ROMEM            0x0000c000         0x001f4000         xr
RWMEM            0x10015400         0x000adc00         xrw
TCM              0x10000000         0x00010000         xrw
STACKMEM         0x10010000         0x00005400         xrw
*default*        0x00000000         0xffffffff

Linker script and memory map


.text           0x0000c000    0x41310
                0x0000c000                        . = ALIGN (0x4)
 *(.isr_vector .isr_vector.*)
 .isr_vector    0x0000c000       0xc8 build/apollo3p_evb/arm-none-eabi/neuralspot/ns-core/ns-core.a(startup_gcc.o)
                0x0000c000                g_am_pfnVectors
 *(.patch .patch.*)
 .patch         0x0000c0c8       0x38 build/apollo3p_evb/arm-none-eabi/neuralspot/ns-core/ns-core.a(startup_gcc.o)
                0x0000c0c8                __Patchable
 *(.text)
 .text          0x0000c100      0x2e0 C:/Program Files (x86)/Arm GNU Toolchain arm-none-eabi/14.3 rel1/bin/../lib/gcc/arm-none-eabi/14.3.1/../../../../arm-none-eabi/lib/thumb/v7e-m+fp/hard\libc.a(libc_a-strcmp.o)
                0x0000c100                strcmp
 .text          0x0000c3e0      0x378 C:/Program Files (x86)/Arm GNU Toolchain arm-none-eabi/14.3 rel1/bin/../lib/gcc/arm-none-eabi/14.3.1/thumb/v7e-m+fp/hard\libgcc.a(_arm_addsubdf3.o)
                0x0000c3e0                __aeabi_drsub
                0x0000c3e8                __aeabi_dsub
                0x0000c3e8                __subdf3
                0x0000c3ec                __aeabi_dadd
                0x0000c3ec                __adddf3
                0x0000c664                __floatunsidf
                0x0000c664                __aeabi_ui2d
                0x0000c684                __floatsidf
                0x0000c684                __aeabi_i2d
                0x0000c6a8                __aeabi_f2d
                0x0000c6a8                __extendsfdf2
                0x0000c6ec                __floatundidf
                0x0000c6ec                __aeabi_ul2d
                0x0000c6fc                __floatdidf
                0x0000c6fc                __aeabi_l2d
 .text          0x0000c758      0x110 C:/Program Files (x86)/Arm GNU Toolchain arm-none-eabi/14.3 rel1/bin/../lib/gcc/arm-none-eabi/14.3.1/thumb/v7e-m+fp/hard\libgcc.a(_arm_cmpdf2.o)
                0x0000c758                __gtdf2
                0x0000c758                __gedf2
                0x0000c760                __ltdf2
                0x0000c760                __ledf2
                0x0000c768                __nedf2
                0x0000c768                __eqdf2
                0x0000c768                __cmpdf2
                0x0000c7e4                __aeabi_cdrcmple
                0x0000c7f4                __aeabi_cdcmpeq
                0x0000c7f4                __aeabi_cdcmple
                0x0000c804                __aeabi_dcmpeq
                0x0000c818                __aeabi_dcmplt
                0x0000c82c                __aeabi_dcmple
                0x0000c840                __aeabi_dcmpge
                0x0000c854                __aeabi_dcmpgt
 *fill*         0x0000c868        0x8 
 .text          0x0000c870       0xa0 C:/Program Files (x86)/Arm GNU Toolchain arm-none-eabi/14.3 rel1/bin/../lib/gcc/arm-none-eabi/14.3.1/../../../../arm-none-eabi/lib/thumb/v7e-m+fp/hard\libc.a(libc_a-memchr.o)
                0x0000c870                memchr
 .text          0x0000c910      0x134 C:/Program Files (x86)/Arm GNU Toolchain arm-none-eabi/14.3 rel1/bin/../lib/gcc/arm-none-eabi/14.3.1/../../../../arm-none-eabi/lib/thumb/v7e-m+fp/hard\libc.a(libc_a-memcpy.o)
                0x0000c910                memcpy
 *fill*         0x0000ca44       0x3c 
 .text          0x0000ca80       0xd8 C:/Program Files (x86)/Arm GNU Toolchain arm-none-eabi/14.3 rel1/bin/../lib/gcc/arm-none-eabi/14.3.1/../../../../arm-none-eabi/lib/thumb/v7e-m+fp/hard\libc.a(libc_a-strlen.o)
                0x0000ca80                strlen
 .text          0x0000cb58      0x424 C:/Program Files (x86)/Arm GNU Toolchain arm-none-eabi/14.3 rel1/bin/../lib/gcc/arm-none-eabi/14.3.1/thumb/v7e-m+fp/hard\libgcc.a(_arm_muldivdf3.o)
                0x0000cb58                __aeabi_dmul
                0x0000cb58                __muldf3
                0x0000cdac                __divdf3
                0x0000cdac                __aeabi_ddiv
 .text          0x0000cf7c       0x2c C:/Program Files (x86)/Arm GNU Toolchain arm-none-eabi/14.3 rel1/bin/../lib/gcc/arm-none-eabi/14.3.1/thumb/v7e-m+fp/hard\libgcc.a(_arm_unorddf2.o)
                0x0000cf7c                __unorddf2
                0x0000cf7c                __aeabi_dcmpun
 .text          0x0000cfa8       0x50 C:/Program Files (x86)/Arm GNU Toolchain arm-none-eabi/14.3 rel1/bin/../lib/gcc/arm-none-eabi/14.3.1/thumb/v7e-m+fp/hard\libgcc.a(_arm_fixdfsi.o)
                0x0000cfa8                __aeabi_d2iz
                0x0000cfa8                __fixdfsi
 .text          0x0000cff8       0xa0 C:/Program Files (x86)/Arm GNU Toolchain arm-none-eabi/14.3 rel1/bin/../lib/gcc/arm-none-eabi/14.3.1/thumb/v7e-m+fp/hard\libgcc.a(_arm_truncdfsf2.o)
                0x0000cff8                __truncdfsf2
                0x0000cff8                __aeabi_d2f
 .text          0x0000d098      0x198 C:/Program Files (x86)/Arm GNU Toolchain arm-none-eabi/14.3 rel1/bin/../lib/gcc/arm-none-eabi/14.3.1/thumb/v7e-m+fp/hard\libgcc.a(libunwind.o)
                0x0000d098                __restore_core_regs
                0x0000d098                restore_core_regs
                0x0000d0b0                __gnu_Unwind_Restore_VFP
                0x0000d0b8                __gnu_Unwind_Save_VFP
                0x0000d0c0                __gnu_Unwind_Restore_VFP_D
                0x0000d0c8                __gnu_Unwind_Save_VFP_D
                0x0000d0d0                __gnu_Unwind_Restore_VFP_D_16_to_31
                0x0000d0d8                __gnu_Unwind_Save_VFP_D_16_to_31
                0x0000d0e0                __gnu_Unwind_Restore_WMMXD
                0x0000d124                __gnu_Unwind_Save_WMMXD
                0x0000d168                __gnu_Unwind_Restore_WMMXC
                0x0000d17c                __gnu_Unwind_Save_WMMXC
                0x0000d190                ___Unwind_RaiseException
                0x0000d190                _Unwind_RaiseException
                0x0000d1b0                _Unwind_Resume
                0x0000d1b0                ___Unwind_Resume
                0x0000d1d0                _Unwind_Resume_or_Rethrow
                0x0000d1d0                ___Unwind_Resume_or_Rethrow
                0x0000d1f0                _Unwind_ForcedUnwind
                0x0000d1f0                ___Unwind_ForcedUnwind
                0x0000d210                ___Unwind_Backtrace
                0x0000d210                _Unwind_Backtrace
 .text          0x0000d230       0x40 C:/Program Files (x86)/Arm GNU Toolchain arm-none-eabi/14.3 rel1/bin/../lib/gcc/arm-none-eabi/14.3.1/thumb/v7e-m+fp/hard\libgcc.a(_arm_fixunsdfsi.o)
                0x0000d230                __aeabi_d2uiz
                0x0000d230                __fixunsdfsi
 *(SORT_BY_NAME(.text.*) .gnu.linkonce.t.*)
 .text.HardFault_Handler
                0x0000d270        0x4 build/apollo3p_evb/arm-none-eabi/neuralspot/ns-core/ns-core.a(startup_gcc.o)
                0x0000d270                UsageFault_Handler
                0x0000d270                MemManage_Handler
                0x0000d270                BusFault_Handler
                0x0000d270                HardFault_Handler
 .text.NMI_Handler
                0x0000d274        0x4 build/apollo3p_evb/arm-none-eabi/neuralspot/ns-core/ns-core.a(startup_gcc.o)
                0x0000d274                NMI_Handler
 .text.Reset_Handler
                0x0000d278       0x88 build/apollo3p_evb/arm-none-eabi/neuralspot/ns-core/ns-core.a(startup_gcc.o)
                0x0000d278                Reset_Handler
 .text.TfLiteIntArrayGetSizeInBytes
                0x0000d300        0x6 extern/tensorflow/helia_rt_v1_6_0/lib/libtensorflow-microlite-cm4-gcc-release.a(common.o)
                0x0000d300                TfLiteIntArrayGetSizeInBytes
 *fill*         0x0000d306        0x2 
 .text.TfLiteTypeGetName
                0x0000d308       0x18 extern/tensorflow/helia_rt_v1_6_0/lib/libtensorflow-microlite-cm4-gcc-release.a(common.o)
                0x0000d308                TfLiteTypeGetName
 .text._Balloc  0x0000d320       0x4c C:/Program Files (x86)/Arm GNU Toolchain arm-none-eabi/14.3 rel1/bin/../lib/gcc/arm-none-eabi/14.3.1/../../../../arm-none-eabi/lib/thumb/v7e-m+fp/hard\libc.a(libc_a-mprec.o)
                0x0000d320                _Balloc
 .text._Bfree   0x0000d36c       0x14 C:/Program Files (x86)/Arm GNU Toolchain arm-none-eabi/14.3 rel1/bin/../lib/gcc/arm-none-eabi/14.3.1/../../../../arm-none-eabi/lib/thumb/v7e-m+fp/hard\libc.a(libc_a-mprec.o)
                0x0000d36c                _Bfree
 .text._Unwind_Complete
                0x0000d380        0x4 C:/Program Files (x86)/Arm GNU Toolchain arm-none-eabi/14.3 rel1/bin/../lib/gcc/arm-none-eabi/14.3.1/thumb/v7e-m+fp/hard\libgcc.a(unwind-arm.o)
                0x0000d380                _Unwind_Complete
 .text._Unwind_DebugHook
                0x0000d384        0x4 C:/Program Files (x86)/Arm GNU Toolchain arm-none-eabi/14.3 rel1/bin/../lib/gcc/arm-none-eabi/14.3.1/thumb/v7e-m+fp/hard\libgcc.a(unwind-arm.o)
 .text._Unwind_DeleteException
                0x0000d388        0xc C:/Program Files (x86)/Arm GNU Toolchain arm-none-eabi/14.3 rel1/bin/../lib/gcc/arm-none-eabi/14.3.1/thumb/v7e-m+fp/hard\libgcc.a(unwind-arm.o)
                0x0000d388                _Unwind_DeleteException
 .text._Unwind_GetCFA
                0x0000d394        0x4 C:/Program Files (x86)/Arm GNU Toolchain arm-none-eabi/14.3 rel1/bin/../lib/gcc/arm-none-eabi/14.3.1/thumb/v7e-m+fp/hard\libgcc.a(unwind-arm.o)
                0x0000d394                _Unwind_GetCFA
 .text._Unwind_GetGR
                0x0000d398       0x1c C:/Program Files (x86)/Arm GNU Toolchain arm-none-eabi/14.3 rel1/bin/../lib/gcc/arm-none-eabi/14.3.1/thumb/v7e-m+fp/hard\libgcc.a(unwind-arm.o)
 .text._Unwind_GetGR.constprop.0
                0x0000d3b4       0x1c C:/Program Files (x86)/Arm GNU Toolchain arm-none-eabi/14.3 rel1/bin/../lib/gcc/arm-none-eabi/14.3.1/thumb/v7e-m+fp/hard\libgcc.a(pr-support.o)
 .text._Unwind_GetLanguageSpecificData
                0x0000d3d0       0x14 C:/Program Files (x86)/Arm GNU Toolchain arm-none-eabi/14.3 rel1/bin/../lib/gcc/arm-none-eabi/14.3.1/thumb/v7e-m+fp/hard\libgcc.a(pr-support.o)
                0x0000d3d0                _Unwind_GetLanguageSpecificData
 .text._Unwind_GetRegionStart
                0x0000d3e4        0xc C:/Program Files (x86)/Arm GNU Toolchain arm-none-eabi/14.3 rel1/bin/../lib/gcc/arm-none-eabi/14.3.1/thumb/v7e-m+fp/hard\libgcc.a(pr-support.o)
                0x0000d3e4                _Unwind_GetRegionStart
 .text._Unwind_SetGR
                0x0000d3f0       0x18 C:/Program Files (x86)/Arm GNU Toolchain arm-none-eabi/14.3 rel1/bin/../lib/gcc/arm-none-eabi/14.3.1/thumb/v7e-m+fp/hard\libgcc.a(unwind-arm.o)
 .text._Unwind_VRS_Get
                0x0000d408       0x34 C:/Program Files (x86)/Arm GNU Toolchain arm-none-eabi/14.3 rel1/bin/../lib/gcc/arm-none-eabi/14.3.1/thumb/v7e-m+fp/hard\libgcc.a(unwind-arm.o)
                0x0000d408                _Unwind_VRS_Get
 .text._Unwind_VRS_Pop
                0x0000d43c      0x2ec C:/Program Files (x86)/Arm GNU Toolchain arm-none-eabi/14.3 rel1/bin/../lib/gcc/arm-none-eabi/14.3.1/thumb/v7e-m+fp/hard\libgcc.a(unwind-arm.o)
                0x0000d43c                _Unwind_VRS_Pop
 .text._Unwind_VRS_Set
                0x0000d728       0x34 C:/Program Files (x86)/Arm GNU Toolchain arm-none-eabi/14.3 rel1/bin/../lib/gcc/arm-none-eabi/14.3.1/thumb/v7e-m+fp/hard\libgcc.a(unwind-arm.o)
                0x0000d728                _Unwind_VRS_Set
 .text._Unwind_decode_typeinfo_ptr.constprop.0
                0x0000d75c        0xc C:/Program Files (x86)/Arm GNU Toolchain arm-none-eabi/14.3 rel1/bin/../lib/gcc/arm-none-eabi/14.3.1/thumb/v7e-m+fp/hard\libgcc.a(unwind-arm.o)
 .text._ZGTtNKSt13bad_exceptionD1Ev
                0x0000d768        0x4 C:/Program Files (x86)/Arm GNU Toolchain arm-none-eabi/14.3 rel1/bin/../lib/gcc/arm-none-eabi/14.3.1/../../../../arm-none-eabi/lib/thumb/v7e-m+fp/hard\libstdc++.a(eh_exception.o)
                0x0000d768                transaction clone for std::bad_exception::~bad_exception() const
 .text._ZGTtNKSt9exceptionD1Ev
                0x0000d76c        0x4 C:/Program Files (x86)/Arm GNU Toolchain arm-none-eabi/14.3 rel1/bin/../lib/gcc/arm-none-eabi/14.3.1/../../../../arm-none-eabi/lib/thumb/v7e-m+fp/hard\libstdc++.a(eh_exception.o)
                0x0000d76c                transaction clone for std::exception::~exception() const
 .text._ZL17parse_lsda_headerP15_Unwind_ContextPKhP16lsda_header_info
                0x0000d770       0x90 C:/Program Files (x86)/Arm GNU Toolchain arm-none-eabi/14.3 rel1/bin/../lib/gcc/arm-none-eabi/14.3.1/../../../../arm-none-eabi/lib/thumb/v7e-m+fp/hard\libstdc++.a(eh_personality.o)
 .text._ZL20audio_frame_callbackP12ns_audio_cfgt
                0x0000d800       0x24 build/apollo3p_evb/arm-none-eabi/apps/ai/kws/src/kws.o
 .text._ZL21base_of_encoded_valuehP15_Unwind_Context
                0x0000d824       0x44 C:/Program Files (x86)/Arm GNU Toolchain arm-none-eabi/14.3 rel1/bin/../lib/gcc/arm-none-eabi/14.3.1/../../../../arm-none-eabi/lib/thumb/v7e-m+fp/hard\libstdc++.a(eh_personality.o)
 .text._ZL23__gxx_exception_cleanup19_Unwind_Reason_CodeP21_Unwind_Control_Block
                0x0000d868       0x44 C:/Program Files (x86)/Arm GNU Toolchain arm-none-eabi/14.3 rel1/bin/../lib/gcc/arm-none-eabi/14.3.1/../../../../arm-none-eabi/lib/thumb/v7e-m+fp/hard\libstdc++.a(eh_throw.o)
 .text._ZL28read_encoded_value_with_basehjPKhPj
                0x0000d8ac       0xc0 C:/Program Files (x86)/Arm GNU Toolchain arm-none-eabi/14.3 rel1/bin/../lib/gcc/arm-none-eabi/14.3.1/../../../../arm-none-eabi/lib/thumb/v7e-m+fp/hard\libstdc++.a(eh_personality.o)
 .text._ZN10__cxxabiv111__terminateEPFvvE
                0x0000d96c       0x10 C:/Program Files (x86)/Arm GNU Toolchain arm-none-eabi/14.3 rel1/bin/../lib/gcc/arm-none-eabi/14.3.1/../../../../arm-none-eabi/lib/thumb/v7e-m+fp/hard\libstdc++.a(eh_terminate.o)
                0x0000d96c                __cxxabiv1::__terminate(void (*)())
 .text._ZN10__cxxabiv112__unexpectedEPFvvE
                0x0000d97c        0x8 C:/Program Files (x86)/Arm GNU Toolchain arm-none-eabi/14.3 rel1/bin/../lib/gcc/arm-none-eabi/14.3.1/../../../../arm-none-eabi/lib/thumb/v7e-m+fp/hard\libstdc++.a(eh_terminate.o)
                0x0000d97c                __cxxabiv1::__unexpected(void (*)())
 .text._ZN10__cxxabiv115__forced_unwindD0Ev
                0x0000d984       0x10 C:/Program Files (x86)/Arm GNU Toolchain arm-none-eabi/14.3 rel1/bin/../lib/gcc/arm-none-eabi/14.3.1/../../../../arm-none-eabi/lib/thumb/v7e-m+fp/hard\libstdc++.a(eh_exception.o)
                0x0000d984                __cxxabiv1::__forced_unwind::~__forced_unwind()
 .text._ZN10__cxxabiv115__forced_unwindD2Ev
                0x0000d994        0x4 C:/Program Files (x86)/Arm GNU Toolchain arm-none-eabi/14.3 rel1/bin/../lib/gcc/arm-none-eabi/14.3.1/../../../../arm-none-eabi/lib/thumb/v7e-m+fp/hard\libstdc++.a(eh_exception.o)
                0x0000d994                __cxxabiv1::__forced_unwind::~__forced_unwind()
                0x0000d994                __cxxabiv1::__forced_unwind::~__forced_unwind()
 .text._ZN10__cxxabiv117__class_type_infoD0Ev
                0x0000d998       0x1c C:/Program Files (x86)/Arm GNU Toolchain arm-none-eabi/14.3 rel1/bin/../lib/gcc/arm-none-eabi/14.3.1/../../../../arm-none-eabi/lib/thumb/v7e-m+fp/hard\libstdc++.a(class_type_info.o)
                0x0000d998                __cxxabiv1::__class_type_info::~__class_type_info()
 .text._ZN10__cxxabiv117__class_type_infoD2Ev
                0x0000d9b4       0x14 C:/Program Files (x86)/Arm GNU Toolchain arm-none-eabi/14.3 rel1/bin/../lib/gcc/arm-none-eabi/14.3.1/../../../../arm-none-eabi/lib/thumb/v7e-m+fp/hard\libstdc++.a(class_type_info.o)
                0x0000d9b4                __cxxabiv1::__class_type_info::~__class_type_info()
                0x0000d9b4                __cxxabiv1::__class_type_info::~__class_type_info()
 .text._ZN10__cxxabiv119__foreign_exceptionD0Ev
                0x0000d9c8       0x10 C:/Program Files (x86)/Arm GNU Toolchain arm-none-eabi/14.3 rel1/bin/../lib/gcc/arm-none-eabi/14.3.1/../../../../arm-none-eabi/lib/thumb/v7e-m+fp/hard\libstdc++.a(eh_exception.o)
                0x0000d9c8                __cxxabiv1::__foreign_exception::~__foreign_exception()
 .text._ZN10__cxxabiv119__foreign_exceptionD2Ev
                0x0000d9d8        0x4 C:/Program Files (x86)/Arm GNU Toolchain arm-none-eabi/14.3 rel1/bin/../lib/gcc/arm-none-eabi/14.3.1/../../../../arm-none-eabi/lib/thumb/v7e-m+fp/hard\libstdc++.a(eh_exception.o)
                0x0000d9d8                __cxxabiv1::__foreign_exception::~__foreign_exception()
                0x0000d9d8                __cxxabiv1::__foreign_exception::~__foreign_exception()
 .text._ZN10__cxxabiv120__si_class_type_infoD0Ev
                0x0000d9dc       0x1c C:/Program Files (x86)/Arm GNU Toolchain arm-none-eabi/14.3 rel1/bin/../lib/gcc/arm-none-eabi/14.3.1/../../../../arm-none-eabi/lib/thumb/v7e-m+fp/hard\libstdc++.a(si_class_type_info.o)
                0x0000d9dc                __cxxabiv1::__si_class_type_info::~__si_class_type_info()
 .text._ZN10__cxxabiv120__si_class_type_infoD2Ev
                0x0000d9f8       0x14 C:/Program Files (x86)/Arm GNU Toolchain arm-none-eabi/14.3 rel1/bin/../lib/gcc/arm-none-eabi/14.3.1/../../../../arm-none-eabi/lib/thumb/v7e-m+fp/hard\libstdc++.a(si_class_type_info.o)
                0x0000d9f8                __cxxabiv1::__si_class_type_info::~__si_class_type_info()
                0x0000d9f8                __cxxabiv1::__si_class_type_info::~__si_class_type_info()
 .text._ZN11flatbuffers5Table10GetPointerIPKNS_6VectorIlmEEmEET_t
                0x0000da0c       0x12 extern/tensorflow/helia_rt_v1_6_0/lib/libtensorflow-microlite-cm4-gcc-release.a(micro_interpreter.o)
                0x0000da0c                flatbuffers::Vector<long, unsigned long> const* flatbuffers::Table::GetPointer<flatbuffers::Vector<long, unsigned long> const*, unsigned long>(unsigned short)
 *fill*         0x0000da1e        0x2 
 .text._ZN12_GLOBAL__N_14pool4freeEPv.constprop.0
                0x0000da20       0x8c C:/Program Files (x86)/Arm GNU Toolchain arm-none-eabi/14.3 rel1/bin/../lib/gcc/arm-none-eabi/14.3.1/../../../../arm-none-eabi/lib/thumb/v7e-m+fp/hard\libstdc++.a(eh_alloc.o)
 .text._ZN12_GLOBAL__N_14pool8allocateEj.constprop.0
                0x0000daac       0x5c C:/Program Files (x86)/Arm GNU Toolchain arm-none-eabi/14.3 rel1/bin/../lib/gcc/arm-none-eabi/14.3.1/../../../../arm-none-eabi/lib/thumb/v7e-m+fp/hard\libstdc++.a(eh_alloc.o)
 .text._ZN6tflite11AlignSizeUpEjj
                0x0000db08        0xe extern/tensorflow/helia_rt_v1_6_0/lib/libtensorflow-microlite-cm4-gcc-release.a(memory_helpers.o)
                0x0000db08                tflite::AlignSizeUp(unsigned int, unsigned int)
 .text._ZN6tflite11ParseConv2DEPKNS_8OperatorEPNS_13ErrorReporterEPNS_20BuiltinDataAllocatorEPPv
                0x0000db16       0xbe extern/tensorflow/helia_rt_v1_6_0/lib/libtensorflow-microlite-cm4-gcc-release.a(flatbuffer_conversions.o)
                0x0000db16                tflite::ParseConv2D(tflite::Operator const*, tflite::ErrorReporter*, tflite::BuiltinDataAllocator*, void**)
 .text._ZN6tflite12ElementCountERK14TfLiteIntArray
                0x0000dbd4       0x1a extern/tensorflow/helia_rt_v1_6_0/lib/libtensorflow-microlite-cm4-gcc-release.a(micro_utils.o)
                0x0000dbd4                tflite::ElementCount(TfLiteIntArray const&)
 .text._ZN6tflite12MicroContext23AllocateTempInputTensorEPK10TfLiteNodei
                0x0000dbee       0x2a extern/tensorflow/helia_rt_v1_6_0/lib/libtensorflow-microlite-cm4-gcc-release.a(micro_context.o)
                0x0000dbee                tflite::MicroContext::AllocateTempInputTensor(TfLiteNode const*, int)
 .text._ZN6tflite12MicroContext24AllocateTempOutputTensorEPK10TfLiteNodei
                0x0000dc18       0x2a extern/tensorflow/helia_rt_v1_6_0/lib/libtensorflow-microlite-cm4-gcc-release.a(micro_context.o)
                0x0000dc18                tflite::MicroContext::AllocateTempOutputTensor(TfLiteNode const*, int)
 .text._ZN6tflite12ParseReshapeEPKNS_8OperatorEPNS_13ErrorReporterEPNS_20BuiltinDataAllocatorEPPv
                0x0000dc42       0x64 extern/tensorflow/helia_rt_v1_6_0/lib/libtensorflow-microlite-cm4-gcc-release.a(flatbuffer_conversions.o)
                0x0000dc42                tflite::ParseReshape(tflite::Operator const*, tflite::ErrorReporter*, tflite::BuiltinDataAllocator*, void**)
 *fill*         0x0000dca6        0x2 
 .text._ZN6tflite12ParseSoftmaxEPKNS_8OperatorEPNS_13ErrorReporterEPNS_20BuiltinDataAllocatorEPPv
                0x0000dca8       0x50 extern/tensorflow/helia_rt_v1_6_0/lib/libtensorflow-microlite-cm4-gcc-release.a(flatbuffer_conversions.o)
                0x0000dca8                tflite::ParseSoftmax(tflite::Operator const*, tflite::ErrorReporter*, tflite::BuiltinDataAllocator*, void**)
 .text._ZN6tflite12_GLOBAL__N_111AverageEvalEP13TfLiteContextP10TfLiteNode
                0x0000dcf8       0x70 extern/tensorflow/helia_rt_v1_6_0/lib/libtensorflow-microlite-cm4-gcc-release.a(pooling.o)
 .text._ZN6tflite12_GLOBAL__N_111SoftmaxEvalEP13TfLiteContextP10TfLiteNode
                0x0000dd68      0x1a4 extern/tensorflow/helia_rt_v1_6_0/lib/libtensorflow-microlite-cm4-gcc-release.a(softmax.o)
 .text._ZN6tflite12_GLOBAL__N_114AveragePrepareEP13TfLiteContextP10TfLiteNode
                0x0000df0c       0xb8 extern/tensorflow/helia_rt_v1_6_0/lib/libtensorflow-microlite-cm4-gcc-release.a(pooling.o)
 .text._ZN6tflite12_GLOBAL__N_114ConvertPaddingENS_7PaddingE
                0x0000dfc4       0x10 extern/tensorflow/helia_rt_v1_6_0/lib/libtensorflow-microlite-cm4-gcc-release.a(flatbuffer_conversions.o)
 .text._ZN6tflite12_GLOBAL__N_117EvalQuantizedInt4EP13TfLiteContextP10TfLiteNodeRKNS0_6OpDataEPK16TfLiteEvalTensorSA_SA_PS8_.isra.0
                0x0000dfd4       0xb0 extern/tensorflow/helia_rt_v1_6_0/lib/libtensorflow-microlite-cm4-gcc-release.a(fully_connected.o)
 .text._ZN6tflite12_GLOBAL__N_117EvalQuantizedInt8EP13TfLiteContextP10TfLiteNodeRKNS0_6OpDataEPK16TfLiteEvalTensorSA_SA_PS8_.isra.0
                0x0000e084      0x1b8 extern/tensorflow/helia_rt_v1_6_0/lib/libtensorflow-microlite-cm4-gcc-release.a(fully_connected.o)
 .text._ZN6tflite12_GLOBAL__N_118EvalQuantizedInt16EP13TfLiteContextP10TfLiteNodeRKNS0_6OpDataEPK16TfLiteEvalTensorSA_SA_PS8_.isra.0
                0x0000e23c       0xb4 extern/tensorflow/helia_rt_v1_6_0/lib/libtensorflow-microlite-cm4-gcc-release.a(fully_connected.o)
 .text._ZN6tflite12_GLOBAL__N_120AverageEvalQuantizedEP13TfLiteContextPK10TfLiteNodePK16TfLitePoolParamsRKNS0_6OpDataEPK16TfLiteEvalTensorPSC_.isra.0
                0x0000e2f0       0xb0 extern/tensorflow/helia_rt_v1_6_0/lib/libtensorflow-microlite-cm4-gcc-release.a(pooling.o)
 .text._ZN6tflite12_GLOBAL__N_120EvalReshapeReferenceEP13TfLiteContextP10TfLiteNode
                0x0000e3a0       0x50 extern/tensorflow/helia_rt_v1_6_0/lib/libtensorflow-microlite-cm4-gcc-release.a(reshape.o)
 .text._ZN6tflite12_GLOBAL__N_123EvalQuantizedPerChannelEP13TfLiteContextP10TfLiteNodeRK25TfLiteDepthwiseConvParamsRKNS0_6OpDataEPK16TfLiteEvalTensorSD_SD_PSB_.isra.0
                0x0000e3f0      0x15c extern/tensorflow/helia_rt_v1_6_0/lib/libtensorflow-microlite-cm4-gcc-release.a(depthwise_conv.o)
 .text._ZN6tflite12_GLOBAL__N_123EvalQuantizedPerChannelIalL10TfLiteType18EEE12TfLiteStatusP13TfLiteContextP10TfLiteNodeRK16TfLiteConvParamsRKNS0_6OpDataEPK16TfLiteEvalTensorSG_SG_PSE_.isra.0
                0x0000e54c       0xc8 extern/tensorflow/helia_rt_v1_6_0/lib/libtensorflow-microlite-cm4-gcc-release.a(conv.o)
 .text._ZN6tflite12_GLOBAL__N_123EvalQuantizedPerChannelIalL10TfLiteType9EEE12TfLiteStatusP13TfLiteContextP10TfLiteNodeRK16TfLiteConvParamsRKNS0_6OpDataEPK16TfLiteEvalTensorSG_SG_PSE_.isra.0
                0x0000e614      0x124 extern/tensorflow/helia_rt_v1_6_0/lib/libtensorflow-microlite-cm4-gcc-release.a(conv.o)
 .text._ZN6tflite12_GLOBAL__N_123EvalQuantizedPerChannelIslL10TfLiteType7EEE12TfLiteStatusP13TfLiteContextP10TfLiteNodeRK16TfLiteConvParamsRKNS0_6OpDataEPK16TfLiteEvalTensorSG_SG_PSE_.isra.0
                0x0000e738       0xd0 extern/tensorflow/helia_rt_v1_6_0/lib/libtensorflow-microlite-cm4-gcc-release.a(conv.o)
 .text._ZN6tflite12_GLOBAL__N_123EvalQuantizedPerChannelIsxL10TfLiteType7EEE12TfLiteStatusP13TfLiteContextP10TfLiteNodeRK16TfLiteConvParamsRKNS0_6OpDataEPK16TfLiteEvalTensorSG_SG_PSE_.isra.0
                0x0000e808       0xd4 extern/tensorflow/helia_rt_v1_6_0/lib/libtensorflow-microlite-cm4-gcc-release.a(conv.o)
 .text._ZN6tflite12_GLOBAL__N_124SafeBuiltinDataAllocator18BuiltinDataDeleterclEPv.isra.0
                0x0000e8dc        0x6 extern/tensorflow/helia_rt_v1_6_0/lib/libtensorflow-microlite-cm4-gcc-release.a(flatbuffer_conversions.o)
 .text._ZN6tflite12_GLOBAL__N_125MicroBuiltinDataAllocator10DeallocateEPv
                0x0000e8e2        0x2 extern/tensorflow/helia_rt_v1_6_0/lib/libtensorflow-microlite-cm4-gcc-release.a(micro_allocator.o)
 .text._ZN6tflite12_GLOBAL__N_125MicroBuiltinDataAllocator8AllocateEjj
                0x0000e8e4        0x8 extern/tensorflow/helia_rt_v1_6_0/lib/libtensorflow-microlite-cm4-gcc-release.a(micro_allocator.o)
 .text._ZN6tflite12_GLOBAL__N_125MicroBuiltinDataAllocatorD0Ev
                0x0000e8ec        0x2 extern/tensorflow/helia_rt_v1_6_0/lib/libtensorflow-microlite-cm4-gcc-release.a(micro_allocator.o)
 *fill*         0x0000e8ee        0x2 
 .text._ZN6tflite12_GLOBAL__N_127EvalQuantizedPerChannel16x8EP13TfLiteContextP10TfLiteNodeRK25TfLiteDepthwiseConvParamsRKNS0_6OpDataEPK16TfLiteEvalTensorSD_SD_PSB_.isra.0
                0x0000e8f0       0xe8 extern/tensorflow/helia_rt_v1_6_0/lib/libtensorflow-microlite-cm4-gcc-release.a(depthwise_conv.o)
 .text._ZN6tflite12_GLOBAL__N_127EvalQuantizedPerChannelInt4EP13TfLiteContextP10TfLiteNodeRK25TfLiteDepthwiseConvParamsRKNS0_6OpDataEPK16TfLiteEvalTensorSD_SD_PSB_.isra.0
                0x0000e9d8       0xf8 extern/tensorflow/helia_rt_v1_6_0/lib/libtensorflow-microlite-cm4-gcc-release.a(depthwise_conv.o)
 .text._ZN6tflite12_GLOBAL__N_14EvalEP13TfLiteContextP10TfLiteNode
                0x0000ead0      0x424 extern/tensorflow/helia_rt_v1_6_0/lib/libtensorflow-microlite-cm4-gcc-release.a(conv.o)
 .text._ZN6tflite12_GLOBAL__N_14EvalEP13TfLiteContextP10TfLiteNode
                0x0000eef4      0x41c extern/tensorflow/helia_rt_v1_6_0/lib/libtensorflow-microlite-cm4-gcc-release.a(depthwise_conv.o)
 .text._ZN6tflite12_GLOBAL__N_14EvalEP13TfLiteContextP10TfLiteNode
                0x0000f310      0x204 extern/tensorflow/helia_rt_v1_6_0/lib/libtensorflow-microlite-cm4-gcc-release.a(fully_connected.o)
 .text._ZN6tflite12_GLOBAL__N_14InitEP13TfLiteContextPKcj
                0x0000f514        0x8 extern/tensorflow/helia_rt_v1_6_0/lib/libtensorflow-microlite-cm4-gcc-release.a(conv.o)
 .text._ZN6tflite12_GLOBAL__N_14InitEP13TfLiteContextPKcj
                0x0000f51c        0x8 extern/tensorflow/helia_rt_v1_6_0/lib/libtensorflow-microlite-cm4-gcc-release.a(depthwise_conv.o)
 .text._ZN6tflite12_GLOBAL__N_14InitEP13TfLiteContextPKcj
                0x0000f524        0x8 extern/tensorflow/helia_rt_v1_6_0/lib/libtensorflow-microlite-cm4-gcc-release.a(fully_connected.o)
 .text._ZN6tflite12_GLOBAL__N_14InitEP13TfLiteContextPKcj
                0x0000f52c        0x8 extern/tensorflow/helia_rt_v1_6_0/lib/libtensorflow-microlite-cm4-gcc-release.a(pooling.o)
 .text._ZN6tflite12_GLOBAL__N_14InitEP13TfLiteContextPKcj
                0x0000f534        0x8 extern/tensorflow/helia_rt_v1_6_0/lib/libtensorflow-microlite-cm4-gcc-release.a(softmax.o)
 .text._ZN6tflite12_GLOBAL__N_17PrepareEP13TfLiteContextP10TfLiteNode
                0x0000f53c      0x2d4 extern/tensorflow/helia_rt_v1_6_0/lib/libtensorflow-microlite-cm4-gcc-release.a(conv.o)
 .text._ZN6tflite12_GLOBAL__N_17PrepareEP13TfLiteContextP10TfLiteNode
                0x0000f810      0x348 extern/tensorflow/helia_rt_v1_6_0/lib/libtensorflow-microlite-cm4-gcc-release.a(depthwise_conv.o)
 .text._ZN6tflite12_GLOBAL__N_17PrepareEP13TfLiteContextP10TfLiteNode
                0x0000fb58      0x26c extern/tensorflow/helia_rt_v1_6_0/lib/libtensorflow-microlite-cm4-gcc-release.a(fully_connected.o)
 .text._ZN6tflite12_GLOBAL__N_17PrepareEP13TfLiteContextP10TfLiteNode
                0x0000fdc4       0xfc extern/tensorflow/helia_rt_v1_6_0/lib/libtensorflow-microlite-cm4-gcc-release.a(softmax.o)
 .text._ZN6tflite12_GLOBAL__N_18QuantizeEP13TfLiteContextflfRl.isra.0
                0x0000fec0       0x48 extern/tensorflow/helia_rt_v1_6_0/lib/libtensorflow-microlite-cm4-gcc-release.a(kernel_util.o)
 .text._ZN6tflite12_GLOBAL__N_1L26FlatBufferIntVectorToArrayIlEE12TfLiteStatusiPKN11flatbuffers6VectorIT_mEEPS5_PNS_13ErrorReporterEPKc.isra.0
                0x0000ff08       0x26 extern/tensorflow/helia_rt_v1_6_0/lib/libtensorflow-microlite-cm4-gcc-release.a(flatbuffer_conversions.o)
 .text._ZN6tflite14AlignPointerUpEPhj
                0x0000ff2e        0xc extern/tensorflow/helia_rt_v1_6_0/lib/libtensorflow-microlite-cm4-gcc-release.a(memory_helpers.o)
                0x0000ff2e                tflite::AlignPointerUp(unsigned char*, unsigned int)
 .text._ZN6tflite14GetBuiltinCodeEPKNS_12OperatorCodeE
                0x0000ff3a       0x2c extern/tensorflow/helia_rt_v1_6_0/lib/libtensorflow-microlite-cm4-gcc-release.a(schema_utils.o)
                0x0000ff3a                tflite::GetBuiltinCode(tflite::OperatorCode const*)
 .text._ZN6tflite14GetTensorShapeEPK12TfLiteTensor
                0x0000ff66       0x1e extern/tensorflow/helia_rt_v1_6_0/lib/libtensorflow-microlite-cm4-gcc-release.a(tensor_ctypes.o)
                0x0000ff66                tflite::GetTensorShape(TfLiteTensor const*)
 .text._ZN6tflite14MicroAllocator17AllocateVariablesEPKNS_8SubGraphEP16TfLiteEvalTensorPKl
                0x0000ff84       0x66 extern/tensorflow/helia_rt_v1_6_0/lib/libtensorflow-microlite-cm4-gcc-release.a(micro_allocator.o)
                0x0000ff84                tflite::MicroAllocator::AllocateVariables(tflite::SubGraph const*, TfLiteEvalTensor*, long const*)
 .text._ZN6tflite14MicroAllocator18AllocateTempBufferEjj
                0x0000ffea        0x8 extern/tensorflow/helia_rt_v1_6_0/lib/libtensorflow-microlite-cm4-gcc-release.a(micro_allocator.o)
                0x0000ffea                tflite::MicroAllocator::AllocateTempBuffer(unsigned int, unsigned int)
 .text._ZN6tflite14MicroAllocator20DeallocateTempBufferEPh
                0x0000fff2        0x8 extern/tensorflow/helia_rt_v1_6_0/lib/libtensorflow-microlite-cm4-gcc-release.a(micro_allocator.o)
                0x0000fff2                tflite::MicroAllocator::DeallocateTempBuffer(unsigned char*)
 .text._ZN6tflite14MicroAllocator20IsAllTempDeallocatedEv
                0x0000fffa        0x8 extern/tensorflow/helia_rt_v1_6_0/lib/libtensorflow-microlite-cm4-gcc-release.a(micro_allocator.o)
                0x0000fffa                tflite::MicroAllocator::IsAllTempDeallocated()
 .text._ZN6tflite14MicroAllocator20ResetTempAllocationsEv
                0x00010002        0x8 extern/tensorflow/helia_rt_v1_6_0/lib/libtensorflow-microlite-cm4-gcc-release.a(micro_allocator.o)
                0x00010002                tflite::MicroAllocator::ResetTempAllocations()
 *fill*         0x0001000a        0x2 
 .text._ZN6tflite14MicroAllocator20StartModelAllocationEPKNS_5ModelE
                0x0001000c       0x78 extern/tensorflow/helia_rt_v1_6_0/lib/libtensorflow-microlite-cm4-gcc-release.a(micro_allocator.o)
                0x0001000c                tflite::MicroAllocator::StartModelAllocation(tflite::Model const*)
 .text._ZN6tflite14MicroAllocator21FinishModelAllocationEPKNS_5ModelEPNS_19SubgraphAllocationsEPPNS_19ScratchBufferHandleE
                0x00010084       0x38 extern/tensorflow/helia_rt_v1_6_0/lib/libtensorflow-microlite-cm4-gcc-release.a(micro_allocator.o)
                0x00010084                tflite::MicroAllocator::FinishModelAllocation(tflite::Model const*, tflite::SubgraphAllocations*, tflite::ScratchBufferHandle**)
 .text._ZN6tflite14MicroAllocator21InitScratchBufferDataEv
                0x000100bc       0x1e extern/tensorflow/helia_rt_v1_6_0/lib/libtensorflow-microlite-cm4-gcc-release.a(micro_allocator.o)
                0x000100bc                tflite::MicroAllocator::InitScratchBufferData()
 .text._ZN6tflite14MicroAllocator22CommitStaticMemoryPlanEPKNS_5ModelEPNS_19SubgraphAllocationsEPNS_19ScratchBufferHandleE
                0x000100da      0x1ba extern/tensorflow/helia_rt_v1_6_0/lib/libtensorflow-microlite-cm4-gcc-release.a(micro_allocator.o)
                0x000100da                tflite::MicroAllocator::CommitStaticMemoryPlan(tflite::Model const*, tflite::SubgraphAllocations*, tflite::ScratchBufferHandle*)
 .text._ZN6tflite14MicroAllocator23GetBuiltinDataAllocatorEv
                0x00010294        0x4 extern/tensorflow/helia_rt_v1_6_0/lib/libtensorflow-microlite-cm4-gcc-release.a(micro_allocator.o)
                0x00010294                tflite::MicroAllocator::GetBuiltinDataAllocator()
 .text._ZN6tflite14MicroAllocator24AllocatePersistentBufferEj
                0x00010298        0xa extern/tensorflow/helia_rt_v1_6_0/lib/libtensorflow-microlite-cm4-gcc-release.a(micro_allocator.o)
                0x00010298                tflite::MicroAllocator::AllocatePersistentBuffer(unsigned int)
 .text._ZN6tflite14MicroAllocator24AllocateTempTfLiteTensorEPKNS_5ModelEPKNS_19SubgraphAllocationsEii
                0x000102a2       0x5e extern/tensorflow/helia_rt_v1_6_0/lib/libtensorflow-microlite-cm4-gcc-release.a(micro_allocator.o)
                0x000102a2                tflite::MicroAllocator::AllocateTempTfLiteTensor(tflite::Model const*, tflite::SubgraphAllocations const*, int, int)
 .text._ZN6tflite14MicroAllocator24GetScratchBufferRequestsEv
                0x00010300        0x8 extern/tensorflow/helia_rt_v1_6_0/lib/libtensorflow-microlite-cm4-gcc-release.a(micro_allocator.o)
                0x00010300                tflite::MicroAllocator::GetScratchBufferRequests()
 .text._ZN6tflite14MicroAllocator25AllocateTfLiteEvalTensorsEPKNS_5ModelEPNS_19SubgraphAllocationsE
                0x00010308       0x9e extern/tensorflow/helia_rt_v1_6_0/lib/libtensorflow-microlite-cm4-gcc-release.a(micro_allocator.o)
                0x00010308                tflite::MicroAllocator::AllocateTfLiteEvalTensors(tflite::Model const*, tflite::SubgraphAllocations*)
 .text._ZN6tflite14MicroAllocator26DeallocateTempTfLiteTensorEP12TfLiteTensor
                0x000103a6       0x3a extern/tensorflow/helia_rt_v1_6_0/lib/libtensorflow-microlite-cm4-gcc-release.a(micro_allocator.o)
                0x000103a6                tflite::MicroAllocator::DeallocateTempTfLiteTensor(TfLiteTensor*)
 .text._ZN6tflite14MicroAllocator27RequestScratchBufferInArenaEjiPi
                0x000103e0       0x50 extern/tensorflow/helia_rt_v1_6_0/lib/libtensorflow-microlite-cm4-gcc-release.a(micro_allocator.o)
                0x000103e0                tflite::MicroAllocator::RequestScratchBufferInArena(unsigned int, int, int*)
 .text._ZN6tflite14MicroAllocator28AllocateNodeAndRegistrationsEPKNS_5ModelEPNS_19SubgraphAllocationsE
                0x00010430       0x4c extern/tensorflow/helia_rt_v1_6_0/lib/libtensorflow-microlite-cm4-gcc-release.a(micro_allocator.o)
                0x00010430                tflite::MicroAllocator::AllocateNodeAndRegistrations(tflite::Model const*, tflite::SubgraphAllocations*)
 .text._ZN6tflite14MicroAllocator28AllocateScratchBufferHandlesEPPNS_19ScratchBufferHandleEj
                0x0001047c       0x1c extern/tensorflow/helia_rt_v1_6_0/lib/libtensorflow-microlite-cm4-gcc-release.a(micro_allocator.o)
                0x0001047c                tflite::MicroAllocator::AllocateScratchBufferHandles(tflite::ScratchBufferHandle**, unsigned int)
 .text._ZN6tflite14MicroAllocator28FinishPrepareNodeAllocationsEi
                0x00010498       0x42 extern/tensorflow/helia_rt_v1_6_0/lib/libtensorflow-microlite-cm4-gcc-release.a(micro_allocator.o)
                0x00010498                tflite::MicroAllocator::FinishPrepareNodeAllocations(int)
 .text._ZN6tflite14MicroAllocator30AllocatePersistentTfLiteTensorEPKNS_5ModelEPKNS_19SubgraphAllocationsEii
                0x000104da       0x58 extern/tensorflow/helia_rt_v1_6_0/lib/libtensorflow-microlite-cm4-gcc-release.a(micro_allocator.o)
                0x000104da                tflite::MicroAllocator::AllocatePersistentTfLiteTensor(tflite::Model const*, tflite::SubgraphAllocations const*, int, int)
 .text._ZN6tflite14MicroAllocator34PopulateTfLiteTensorFromFlatbufferEPKNS_5ModelEP12TfLiteTensoriib
                0x00010532       0x5e extern/tensorflow/helia_rt_v1_6_0/lib/libtensorflow-microlite-cm4-gcc-release.a(micro_allocator.o)
                0x00010532                tflite::MicroAllocator::PopulateTfLiteTensorFromFlatbuffer(tflite::Model const*, TfLiteTensor*, int, int, bool)
 .text._ZN6tflite14MicroAllocator38AllocatePersistentTfLiteTensorInternalEv
                0x00010590        0xc extern/tensorflow/helia_rt_v1_6_0/lib/libtensorflow-microlite-cm4-gcc-release.a(micro_allocator.o)
                0x00010590                tflite::MicroAllocator::AllocatePersistentTfLiteTensorInternal()
 .text._ZN6tflite14MicroAllocator6CreateEPNS_26SingleArenaBufferAllocatorEPNS_18MicroMemoryPlannerE
                0x0001059c       0x30 extern/tensorflow/helia_rt_v1_6_0/lib/libtensorflow-microlite-cm4-gcc-release.a(micro_allocator.o)
                0x0001059c                tflite::MicroAllocator::Create(tflite::SingleArenaBufferAllocator*, tflite::MicroMemoryPlanner*)
 .text._ZN6tflite14MicroAllocator6CreateEPhjNS_17MemoryPlannerTypeE
                0x000105cc       0x56 extern/tensorflow/helia_rt_v1_6_0/lib/libtensorflow-microlite-cm4-gcc-release.a(micro_allocator.o)
                0x000105cc                tflite::MicroAllocator::Create(unsigned char*, unsigned int, tflite::MemoryPlannerType)
 .text._ZN6tflite14MicroAllocatorD0Ev
                0x00010622        0x2 extern/tensorflow/helia_rt_v1_6_0/lib/libtensorflow-microlite-cm4-gcc-release.a(micro_allocator.o)
                0x00010622                tflite::MicroAllocator::~MicroAllocator()
                0x00010622                tflite::MicroAllocator::~MicroAllocator()
                0x00010622                tflite::MicroAllocator::~MicroAllocator()
 *fill*         0x00010624        0x4 
 .text._ZN6tflite14PoolingPrepareEP13TfLiteContextP10TfLiteNode
                0x00010628      0x114 extern/tensorflow/helia_rt_v1_6_0/lib/libtensorflow-microlite-cm4-gcc-release.a(pooling_common.o)
                0x00010628                tflite::PoolingPrepare(TfLiteContext*, TfLiteNode*)
 .text._ZN6tflite15ConvParamsFloatERK16TfLiteConvParamsRKNS_10OpDataConvE
                0x0001073c       0x78 extern/tensorflow/helia_rt_v1_6_0/lib/libtensorflow-microlite-cm4-gcc-release.a(conv_common.o)
                0x0001073c                tflite::ConvParamsFloat(TfLiteConvParams const&, tflite::OpDataConv const&)
 .text._ZN6tflite16AlignPointerDownEPhj
                0x000107b4        0x8 extern/tensorflow/helia_rt_v1_6_0/lib/libtensorflow-microlite-cm4-gcc-release.a(memory_helpers.o)
                0x000107b4                tflite::AlignPointerDown(unsigned char*, unsigned int)
 .text._ZN6tflite16InitializeTargetEv
                0x000107bc        0x2 extern/tensorflow/helia_rt_v1_6_0/lib/libtensorflow-microlite-cm4-gcc-release.a(system_setup.o)
                0x000107bc                tflite::InitializeTarget()
 .text._ZN6tflite16MicroInterpreter15AllocateTensorsEv
                0x000107be      0x1ac extern/tensorflow/helia_rt_v1_6_0/lib/libtensorflow-microlite-cm4-gcc-release.a(micro_interpreter.o)
                0x000107be                tflite::MicroInterpreter::AllocateTensors()
 .text._ZN6tflite16MicroInterpreter44PrepareNodeAndRegistrationDataFromFlatbufferEv
                0x0001096a      0x1ae extern/tensorflow/helia_rt_v1_6_0/lib/libtensorflow-microlite-cm4-gcc-release.a(micro_interpreter.o)
                0x0001096a                tflite::MicroInterpreter::PrepareNodeAndRegistrationDataFromFlatbuffer()
 .text._ZN6tflite16MicroInterpreter4InitEPNS_22MicroProfilerInterfaceE
                0x00010b18       0x58 extern/tensorflow/helia_rt_v1_6_0/lib/libtensorflow-microlite-cm4-gcc-release.a(micro_interpreter.o)
                0x00010b18                tflite::MicroInterpreter::Init(tflite::MicroProfilerInterface*)
 .text._ZN6tflite16MicroInterpreter5ResetEv
                0x00010b70       0x1a extern/tensorflow/helia_rt_v1_6_0/lib/libtensorflow-microlite-cm4-gcc-release.a(micro_interpreter.o)
                0x00010b70                tflite::MicroInterpreter::Reset()
 .text._ZN6tflite16MicroInterpreter5inputEj
                0x00010b8a       0x1c extern/tensorflow/helia_rt_v1_6_0/lib/libtensorflow-microlite-cm4-gcc-release.a(micro_interpreter.o)
                0x00010b8a                tflite::MicroInterpreter::input(unsigned int)
 .text._ZN6tflite16MicroInterpreter6InvokeEv
                0x00010ba6       0x2c extern/tensorflow/helia_rt_v1_6_0/lib/libtensorflow-microlite-cm4-gcc-release.a(micro_interpreter.o)
                0x00010ba6                tflite::MicroInterpreter::Invoke()
 .text._ZN6tflite16MicroInterpreter6outputEj
                0x00010bd2       0x1c extern/tensorflow/helia_rt_v1_6_0/lib/libtensorflow-microlite-cm4-gcc-release.a(micro_interpreter.o)
                0x00010bd2                tflite::MicroInterpreter::output(unsigned int)
 .text._ZN6tflite16MicroInterpreterC2EPKNS_5ModelERKNS_15MicroOpResolverEPhjPNS_22MicroResourceVariablesEPNS_22MicroProfilerInterfaceEb
                0x00010bee       0x6a extern/tensorflow/helia_rt_v1_6_0/lib/libtensorflow-microlite-cm4-gcc-release.a(micro_interpreter.o)
                0x00010bee                tflite::MicroInterpreter::MicroInterpreter(tflite::Model const*, tflite::MicroOpResolver const&, unsigned char*, unsigned int, tflite::MicroResourceVariables*, tflite::MicroProfilerInterface*, bool)
                0x00010bee                tflite::MicroInterpreter::MicroInterpreter(tflite::Model const*, tflite::MicroOpResolver const&, unsigned char*, unsigned int, tflite::MicroResourceVariables*, tflite::MicroProfilerInterface*, bool)
 .text._ZN6tflite16MicroInterpreterD2Ev
                0x00010c58       0x26 extern/tensorflow/helia_rt_v1_6_0/lib/libtensorflow-microlite-cm4-gcc-release.a(micro_interpreter.o)
                0x00010c58                tflite::MicroInterpreter::~MicroInterpreter()
                0x00010c58                tflite::MicroInterpreter::~MicroInterpreter()
 *fill*         0x00010c7e        0x2 
 .text._ZN6tflite16Register_CONV_2DEv
                0x00010c80       0x28 extern/tensorflow/helia_rt_v1_6_0/lib/libtensorflow-microlite-cm4-gcc-release.a(conv.o)
                0x00010c80                tflite::Register_CONV_2D()
 .text._ZN6tflite16Register_RESHAPEEv
                0x00010ca8       0x24 extern/tensorflow/helia_rt_v1_6_0/lib/libtensorflow-microlite-cm4-gcc-release.a(reshape.o)
                0x00010ca8                tflite::Register_RESHAPE()
 .text._ZN6tflite16Register_SOFTMAXEv
                0x00010ccc       0x28 extern/tensorflow/helia_rt_v1_6_0/lib/libtensorflow-microlite-cm4-gcc-release.a(softmax.o)
                0x00010ccc                tflite::Register_SOFTMAX()
 .text._ZN6tflite16TfLiteTypeSizeOfE10TfLiteTypePj
                0x00010cf4       0x78 extern/tensorflow/helia_rt_v1_6_0/lib/libtensorflow-microlite-cm4-gcc-release.a(memory_helpers.o)
                0x00010cf4                tflite::TfLiteTypeSizeOf(TfLiteType, unsigned int*)
 .text._ZN6tflite17ConvertTensorTypeENS_10TensorTypeEP10TfLiteType
                0x00010d6c       0x18 extern/tensorflow/helia_rt_v1_6_0/lib/libtensorflow-microlite-cm4-gcc-release.a(flatbuffer_conversions_bridge.o)
                0x00010d6c                tflite::ConvertTensorType(tflite::TensorType, TfLiteType*)
 .text._ZN6tflite17ConvertTensorTypeENS_10TensorTypeEP10TfLiteTypePNS_13ErrorReporterE
                0x00010d84       0x72 extern/tensorflow/helia_rt_v1_6_0/lib/libtensorflow-microlite-cm4-gcc-release.a(flatbuffer_conversions.o)
                0x00010d84                tflite::ConvertTensorType(tflite::TensorType, TfLiteType*, tflite::ErrorReporter*)
 .text._ZN6tflite18MicroErrorReporter6ReportEPKcSt9__va_list
                0x00010df6        0x4 extern/tensorflow/helia_rt_v1_6_0/lib/libtensorflow-microlite-cm4-gcc-release.a(micro_error_reporter.o)
                0x00010df6                tflite::MicroErrorReporter::Report(char const*, std::__va_list)
 .text._ZN6tflite18MicroErrorReporterD0Ev
                0x00010dfa        0x2 extern/tensorflow/helia_rt_v1_6_0/lib/libtensorflow-microlite-cm4-gcc-release.a(micro_error_reporter.o)
                0x00010dfa                tflite::MicroErrorReporter::~MicroErrorReporter()
                0x00010dfa                tflite::MicroErrorReporter::~MicroErrorReporter()
                0x00010dfa                tflite::MicroErrorReporter::~MicroErrorReporter()
 .text._ZN6tflite18MicroMemoryPlanner15PrintMemoryPlanEv
                0x00010dfc        0x2 extern/tensorflow/helia_rt_v1_6_0/lib/libtensorflow-microlite-cm4-gcc-release.a(linear_memory_planner.o)
                0x00010dfc                tflite::MicroMemoryPlanner::PrintMemoryPlan()
 .text._ZN6tflite18MicroMemoryPlanner4InitEPhi
                0x00010dfe        0x4 extern/tensorflow/helia_rt_v1_6_0/lib/libtensorflow-microlite-cm4-gcc-release.a(linear_memory_planner.o)
                0x00010dfe                tflite::MicroMemoryPlanner::Init(unsigned char*, int)
 .text._ZN6tflite18MicroMemoryPlanner9AddBufferEiiii
                0x00010e02        0x4 extern/tensorflow/helia_rt_v1_6_0/lib/libtensorflow-microlite-cm4-gcc-release.a(linear_memory_planner.o)
                0x00010e02                tflite::MicroMemoryPlanner::AddBuffer(int, int, int, int)
 *fill*         0x00010e06        0x2 
 .text._ZN6tflite18QuantizeMultiplierEdPlPi
                0x00010e08       0x90 extern/tensorflow/helia_rt_v1_6_0/lib/libtensorflow-microlite-cm4-gcc-release.a(quantization_util.o)
                0x00010e08                tflite::QuantizeMultiplier(double, long*, int*)
 .text._ZN6tflite18ReverseSortInPlaceEPiS0_i
                0x00010e98       0x3a extern/tensorflow/helia_rt_v1_6_0/lib/libtensorflow-microlite-cm4-gcc-release.a(greedy_memory_planner.o)
                0x00010e98                tflite::ReverseSortInPlace(int*, int*, int)
 *fill*         0x00010ed2        0x2 
 .text._ZN6tflite19CalculateOpDataConvEP13TfLiteContextP10TfLiteNodeRK16TfLiteConvParamsiiiiii10TfLiteTypePNS_10OpDataConvE
                0x00010ed4      0x1b8 extern/tensorflow/helia_rt_v1_6_0/lib/libtensorflow-microlite-cm4-gcc-release.a(conv_common.o)
                0x00010ed4                tflite::CalculateOpDataConv(TfLiteContext*, TfLiteNode*, TfLiteConvParams const&, int, int, int, int, int, int, TfLiteType, tflite::OpDataConv*)
 .text._ZN6tflite19GreedyMemoryPlanner14GetBufferCountEv
                0x0001108c        0x4 extern/tensorflow/helia_rt_v1_6_0/lib/libtensorflow-microlite-cm4-gcc-release.a(greedy_memory_planner.o)
                0x0001108c                tflite::GreedyMemoryPlanner::GetBufferCount()
 .text._ZN6tflite19GreedyMemoryPlanner15PrintMemoryPlanEv
                0x00011090        0x4 extern/tensorflow/helia_rt_v1_6_0/lib/libtensorflow-microlite-cm4-gcc-release.a(greedy_memory_planner.o)
                0x00011090                tflite::GreedyMemoryPlanner::PrintMemoryPlan()
 .text._ZN6tflite19GreedyMemoryPlanner18GetOffsetForBufferEiPi
                0x00011094       0x26 extern/tensorflow/helia_rt_v1_6_0/lib/libtensorflow-microlite-cm4-gcc-release.a(greedy_memory_planner.o)
                0x00011094                tflite::GreedyMemoryPlanner::GetOffsetForBuffer(int, int*)
 .text._ZN6tflite19GreedyMemoryPlanner20GetMaximumMemorySizeEv
                0x000110ba       0x3a extern/tensorflow/helia_rt_v1_6_0/lib/libtensorflow-microlite-cm4-gcc-release.a(greedy_memory_planner.o)
                0x000110ba                tflite::GreedyMemoryPlanner::GetMaximumMemorySize()
 .text._ZN6tflite19GreedyMemoryPlanner24CalculateOffsetsIfNeededEv
                0x000110f4      0x16a extern/tensorflow/helia_rt_v1_6_0/lib/libtensorflow-microlite-cm4-gcc-release.a(greedy_memory_planner.o)
                0x000110f4                tflite::GreedyMemoryPlanner::CalculateOffsetsIfNeeded()
 .text._ZN6tflite19GreedyMemoryPlanner30NextSimultaneouslyActiveBufferEPKNS0_9ListEntryEii
                0x0001125e       0x3a extern/tensorflow/helia_rt_v1_6_0/lib/libtensorflow-microlite-cm4-gcc-release.a(greedy_memory_planner.o)
                0x0001125e                tflite::GreedyMemoryPlanner::NextSimultaneouslyActiveBuffer(tflite::GreedyMemoryPlanner::ListEntry const*, int, int)
 .text._ZN6tflite19GreedyMemoryPlanner4InitEPhi
                0x00011298       0x34 extern/tensorflow/helia_rt_v1_6_0/lib/libtensorflow-microlite-cm4-gcc-release.a(greedy_memory_planner.o)
                0x00011298                tflite::GreedyMemoryPlanner::Init(unsigned char*, int)
 .text._ZN6tflite19GreedyMemoryPlanner9AddBufferEiii
                0x000112cc       0x30 extern/tensorflow/helia_rt_v1_6_0/lib/libtensorflow-microlite-cm4-gcc-release.a(greedy_memory_planner.o)
                0x000112cc                tflite::GreedyMemoryPlanner::AddBuffer(int, int, int)
 .text._ZN6tflite19GreedyMemoryPlanner9AddBufferEiiii
                0x000112fc       0x1c extern/tensorflow/helia_rt_v1_6_0/lib/libtensorflow-microlite-cm4-gcc-release.a(greedy_memory_planner.o)
                0x000112fc                tflite::GreedyMemoryPlanner::AddBuffer(int, int, int, int)
 .text._ZN6tflite19GreedyMemoryPlannerC2Ev
                0x00011318        0xc extern/tensorflow/helia_rt_v1_6_0/lib/libtensorflow-microlite-cm4-gcc-release.a(greedy_memory_planner.o)
                0x00011318                tflite::GreedyMemoryPlanner::GreedyMemoryPlanner()
                0x00011318                tflite::GreedyMemoryPlanner::GreedyMemoryPlanner()
 .text._ZN6tflite19GreedyMemoryPlannerD0Ev
                0x00011324        0x2 extern/tensorflow/helia_rt_v1_6_0/lib/libtensorflow-microlite-cm4-gcc-release.a(greedy_memory_planner.o)
                0x00011324                tflite::GreedyMemoryPlanner::~GreedyMemoryPlanner()
                0x00011324                tflite::GreedyMemoryPlanner::~GreedyMemoryPlanner()
                0x00011324                tflite::GreedyMemoryPlanner::~GreedyMemoryPlanner()
 .text._ZN6tflite19LinearMemoryPlanner14GetBufferCountEv
                0x00011326        0x8 extern/tensorflow/helia_rt_v1_6_0/lib/libtensorflow-microlite-cm4-gcc-release.a(linear_memory_planner.o)
                0x00011326                tflite::LinearMemoryPlanner::GetBufferCount()
 .text._ZN6tflite19LinearMemoryPlanner18GetOffsetForBufferEiPi
                0x0001132e       0x1e extern/tensorflow/helia_rt_v1_6_0/lib/libtensorflow-microlite-cm4-gcc-release.a(linear_memory_planner.o)
                0x0001132e                tflite::LinearMemoryPlanner::GetOffsetForBuffer(int, int*)
 .text._ZN6tflite19LinearMemoryPlanner20GetMaximumMemorySizeEv
                0x0001134c        0x8 extern/tensorflow/helia_rt_v1_6_0/lib/libtensorflow-microlite-cm4-gcc-release.a(linear_memory_planner.o)
                0x0001134c                tflite::LinearMemoryPlanner::GetMaximumMemorySize()
 .text._ZN6tflite19LinearMemoryPlanner9AddBufferEiii
                0x00011354       0x26 extern/tensorflow/helia_rt_v1_6_0/lib/libtensorflow-microlite-cm4-gcc-release.a(linear_memory_planner.o)
                0x00011354                tflite::LinearMemoryPlanner::AddBuffer(int, int, int)
 *fill*         0x0001137a        0x2 
 .text._ZN6tflite19LinearMemoryPlannerC2Ev
                0x0001137c       0x14 extern/tensorflow/helia_rt_v1_6_0/lib/libtensorflow-microlite-cm4-gcc-release.a(linear_memory_planner.o)
                0x0001137c                tflite::LinearMemoryPlanner::LinearMemoryPlanner()
                0x0001137c                tflite::LinearMemoryPlanner::LinearMemoryPlanner()
 .text._ZN6tflite19LinearMemoryPlannerD0Ev
                0x00011390        0x2 extern/tensorflow/helia_rt_v1_6_0/lib/libtensorflow-microlite-cm4-gcc-release.a(linear_memory_planner.o)
                0x00011390                tflite::LinearMemoryPlanner::~LinearMemoryPlanner()
                0x00011390                tflite::LinearMemoryPlanner::~LinearMemoryPlanner()
                0x00011390                tflite::LinearMemoryPlanner::~LinearMemoryPlanner()
 .text._ZN6tflite19ParseFullyConnectedEPKNS_8OperatorEPNS_13ErrorReporterEPNS_20BuiltinDataAllocatorEPPv
                0x00011392       0xaa extern/tensorflow/helia_rt_v1_6_0/lib/libtensorflow-microlite-cm4-gcc-release.a(flatbuffer_conversions.o)
                0x00011392                tflite::ParseFullyConnected(tflite::Operator const*, tflite::ErrorReporter*, tflite::BuiltinDataAllocator*, void**)
 .text._ZN6tflite20CalculateInputRadiusEiii
                0x0001143c       0x82 extern/tensorflow/helia_rt_v1_6_0/lib/libtensorflow-microlite-cm4-gcc-release.a(quantization_util.o)
                0x0001143c                tflite::CalculateInputRadius(int, int, int)
 .text._ZN6tflite20NumSubgraphOperatorsEPKNS_5ModelEi
                0x000114be       0x28 extern/tensorflow/helia_rt_v1_6_0/lib/libtensorflow-microlite-cm4-gcc-release.a(flatbuffer_utils.o)
                0x000114be                tflite::NumSubgraphOperators(tflite::Model const*, int)
 .text._ZN6tflite20NumSubgraphOperatorsEPKNS_8SubGraphE
                0x000114e6       0x1a extern/tensorflow/helia_rt_v1_6_0/lib/libtensorflow-microlite-cm4-gcc-release.a(flatbuffer_utils.o)
                0x000114e6                tflite::NumSubgraphOperators(tflite::SubGraph const*)
 .text._ZN6tflite20ParseDepthwiseConv2DEPKNS_8OperatorEPNS_13ErrorReporterEPNS_20BuiltinDataAllocatorEPPv
                0x00011500       0x96 extern/tensorflow/helia_rt_v1_6_0/lib/libtensorflow-microlite-cm4-gcc-release.a(flatbuffer_conversions.o)
                0x00011500                tflite::ParseDepthwiseConv2D(tflite::Operator const*, tflite::ErrorReporter*, tflite::BuiltinDataAllocator*, void**)
 .text._ZN6tflite21AllocationInfoBuilder16ValidateSubgraphEPKNS_8SubGraphEP16TfLiteEvalTensor
                0x00011596       0x7a extern/tensorflow/helia_rt_v1_6_0/lib/libtensorflow-microlite-cm4-gcc-release.a(micro_allocation_info.o)
                0x00011596                tflite::AllocationInfoBuilder::ValidateSubgraph(tflite::SubGraph const*, TfLiteEvalTensor*)
 .text._ZN6tflite21AllocationInfoBuilder18FreeAllocationInfoEv
                0x00011610       0x1c extern/tensorflow/helia_rt_v1_6_0/lib/libtensorflow-microlite-cm4-gcc-release.a(micro_allocation_info.o)
                0x00011610                tflite::AllocationInfoBuilder::FreeAllocationInfo()
 .text._ZN6tflite21AllocationInfoBuilder20CreateAllocationInfoEi
                0x0001162c       0x82 extern/tensorflow/helia_rt_v1_6_0/lib/libtensorflow-microlite-cm4-gcc-release.a(micro_allocation_info.o)
                0x0001162c                tflite::AllocationInfoBuilder::CreateAllocationInfo(int)
 .text._ZN6tflite21AllocationInfoBuilder23MarkAllocationLifetimesEiPNS_8internal20ScratchBufferRequestEPNS_19ScratchBufferHandleEPNS_19SubgraphAllocationsE
                0x000116ae      0x1ba extern/tensorflow/helia_rt_v1_6_0/lib/libtensorflow-microlite-cm4-gcc-release.a(micro_allocation_info.o)
                0x000116ae                tflite::AllocationInfoBuilder::MarkAllocationLifetimes(int, tflite::internal::ScratchBufferRequest*, tflite::ScratchBufferHandle*, tflite::SubgraphAllocations*)
 .text._ZN6tflite21AllocationInfoBuilder24GetOfflinePlannedOffsetsEPPKl
                0x00011868       0xd8 extern/tensorflow/helia_rt_v1_6_0/lib/libtensorflow-microlite-cm4-gcc-release.a(micro_allocation_info.o)
                0x00011868                tflite::AllocationInfoBuilder::GetOfflinePlannedOffsets(long const**)
 .text._ZN6tflite21AllocationInfoBuilder24InitializeAllocationInfoEPKlPNS_19SubgraphAllocationsE
                0x00011940      0x126 extern/tensorflow/helia_rt_v1_6_0/lib/libtensorflow-microlite-cm4-gcc-release.a(micro_allocation_info.o)
                0x00011940                tflite::AllocationInfoBuilder::InitializeAllocationInfo(long const*, tflite::SubgraphAllocations*)
 .text._ZN6tflite21AllocationInfoBuilder32MarkSubgraphLifetimesIfNecessaryEPKNS_8OperatorEPNS_8internal20ScratchBufferRequestEPNS_19ScratchBufferHandleEPNS_19SubgraphAllocationsE
                0x00011a66       0xf2 extern/tensorflow/helia_rt_v1_6_0/lib/libtensorflow-microlite-cm4-gcc-release.a(micro_allocation_info.o)
                0x00011a66                tflite::AllocationInfoBuilder::MarkSubgraphLifetimesIfNecessary(tflite::Operator const*, tflite::internal::ScratchBufferRequest*, tflite::ScratchBufferHandle*, tflite::SubgraphAllocations*)
 .text._ZN6tflite21GetMicroErrorReporterEv
                0x00011b58       0x1c extern/tensorflow/helia_rt_v1_6_0/lib/libtensorflow-microlite-cm4-gcc-release.a(micro_error_reporter.o)
                0x00011b58                tflite::GetMicroErrorReporter()
 .text._ZN6tflite21MicroContextGetTensorEPK13TfLiteContexti
                0x00011b74        0x8 extern/tensorflow/helia_rt_v1_6_0/lib/libtensorflow-microlite-cm4-gcc-release.a(micro_interpreter.o)
                0x00011b74                tflite::MicroContextGetTensor(TfLiteContext const*, int)
 .text._ZN6tflite21MicroInterpreterGraph12NumSubgraphsEv
                0x00011b7c        0xc extern/tensorflow/helia_rt_v1_6_0/lib/libtensorflow-microlite-cm4-gcc-release.a(micro_interpreter_graph.o)
                0x00011b7c                tflite::MicroInterpreterGraph::NumSubgraphs()
 .text._ZN6tflite21MicroInterpreterGraph13FreeSubgraphsEv
                0x00011b88       0x58 extern/tensorflow/helia_rt_v1_6_0/lib/libtensorflow-microlite-cm4-gcc-release.a(micro_interpreter_graph.o)
                0x00011b88                tflite::MicroInterpreterGraph::FreeSubgraphs()
 .text._ZN6tflite21MicroInterpreterGraph13InitSubgraphsEv
                0x00011be0       0x66 extern/tensorflow/helia_rt_v1_6_0/lib/libtensorflow-microlite-cm4-gcc-release.a(micro_interpreter_graph.o)
                0x00011be0                tflite::MicroInterpreterGraph::InitSubgraphs()
 .text._ZN6tflite21MicroInterpreterGraph14InvokeSubgraphEi
                0x00011c46       0x60 extern/tensorflow/helia_rt_v1_6_0/lib/libtensorflow-microlite-cm4-gcc-release.a(micro_interpreter_graph.o)
                0x00011c46                tflite::MicroInterpreterGraph::InvokeSubgraph(int)
 .text._ZN6tflite21MicroInterpreterGraph14ResetSubgraphsEv
                0x00011ca6       0x58 extern/tensorflow/helia_rt_v1_6_0/lib/libtensorflow-microlite-cm4-gcc-release.a(micro_interpreter_graph.o)
                0x00011ca6                tflite::MicroInterpreterGraph::ResetSubgraphs()
 .text._ZN6tflite21MicroInterpreterGraph16GetSubgraphInputEii
                0x00011cfe       0x36 extern/tensorflow/helia_rt_v1_6_0/lib/libtensorflow-microlite-cm4-gcc-release.a(micro_interpreter_graph.o)
                0x00011cfe                tflite::MicroInterpreterGraph::GetSubgraphInput(int, int)
 .text._ZN6tflite21MicroInterpreterGraph16PrepareSubgraphsEv
                0x00011d34      0x106 extern/tensorflow/helia_rt_v1_6_0/lib/libtensorflow-microlite-cm4-gcc-release.a(micro_interpreter_graph.o)
                0x00011d34                tflite::MicroInterpreterGraph::PrepareSubgraphs()
 .text._ZN6tflite21MicroInterpreterGraph17GetSubgraphOutputEii
                0x00011e3a       0x36 extern/tensorflow/helia_rt_v1_6_0/lib/libtensorflow-microlite-cm4-gcc-release.a(micro_interpreter_graph.o)
                0x00011e3a                tflite::MicroInterpreterGraph::GetSubgraphOutput(int, int)
 .text._ZN6tflite21MicroInterpreterGraph17NumSubgraphInputsEi
                0x00011e70       0x20 extern/tensorflow/helia_rt_v1_6_0/lib/libtensorflow-microlite-cm4-gcc-release.a(micro_interpreter_graph.o)
                0x00011e70                tflite::MicroInterpreterGraph::NumSubgraphInputs(int)
 .text._ZN6tflite21MicroInterpreterGraph18NumSubgraphOutputsEi
                0x00011e90       0x22 extern/tensorflow/helia_rt_v1_6_0/lib/libtensorflow-microlite-cm4-gcc-release.a(micro_interpreter_graph.o)
                0x00011e90                tflite::MicroInterpreterGraph::NumSubgraphOutputs(int)
 .text._ZN6tflite21MicroInterpreterGraph20GetResourceVariablesEv
                0x00011eb2        0x4 extern/tensorflow/helia_rt_v1_6_0/lib/libtensorflow-microlite-cm4-gcc-release.a(micro_interpreter_graph.o)
                0x00011eb2                tflite::MicroInterpreterGraph::GetResourceVariables()
 .text._ZN6tflite21MicroInterpreterGraph20ResetVariableTensorsEv
                0x00011eb6       0xf4 extern/tensorflow/helia_rt_v1_6_0/lib/libtensorflow-microlite-cm4-gcc-release.a(micro_interpreter_graph.o)
                0x00011eb6                tflite::MicroInterpreterGraph::ResetVariableTensors()
 .text._ZN6tflite21MicroInterpreterGraph22SetSubgraphAllocationsEPNS_19SubgraphAllocationsE
                0x00011faa        0x4 extern/tensorflow/helia_rt_v1_6_0/lib/libtensorflow-microlite-cm4-gcc-release.a(micro_interpreter_graph.o)
                0x00011faa                tflite::MicroInterpreterGraph::SetSubgraphAllocations(tflite::SubgraphAllocations*)
 *fill*         0x00011fae        0x2 
 .text._ZN6tflite21MicroInterpreterGraphC2EP13TfLiteContextPKNS_5ModelEPNS_14MicroAllocatorEPNS_22MicroResourceVariablesE
                0x00011fb0       0x30 extern/tensorflow/helia_rt_v1_6_0/lib/libtensorflow-microlite-cm4-gcc-release.a(micro_interpreter_graph.o)
                0x00011fb0                tflite::MicroInterpreterGraph::MicroInterpreterGraph(TfLiteContext*, tflite::Model const*, tflite::MicroAllocator*, tflite::MicroResourceVariables*)
                0x00011fb0                tflite::MicroInterpreterGraph::MicroInterpreterGraph(TfLiteContext*, tflite::Model const*, tflite::MicroAllocator*, tflite::MicroResourceVariables*)
 .text._ZN6tflite21MicroInterpreterGraphD0Ev
                0x00011fe0        0x2 extern/tensorflow/helia_rt_v1_6_0/lib/libtensorflow-microlite-cm4-gcc-release.a(micro_interpreter_graph.o)
                0x00011fe0                tflite::MicroInterpreterGraph::~MicroInterpreterGraph()
                0x00011fe0                tflite::MicroInterpreterGraph::~MicroInterpreterGraph()
                0x00011fe0                tflite::MicroInterpreterGraph::~MicroInterpreterGraph()
 .text._ZN6tflite22BytesRequiredForTensorERKNS_6TensorEPjS3_
                0x00011fe2       0x66 extern/tensorflow/helia_rt_v1_6_0/lib/libtensorflow-microlite-cm4-gcc-release.a(memory_helpers.o)
                0x00011fe2                tflite::BytesRequiredForTensor(tflite::Tensor const&, unsigned int*, unsigned int*)
 .text._ZN6tflite22CalculateOpDataPoolingEPK13TfLiteContextPK16TfLitePoolParamsPK12TfLiteTensorS8_PNS_13OpDataPoolingE
                0x00012048       0xac extern/tensorflow/helia_rt_v1_6_0/lib/libtensorflow-microlite-cm4-gcc-release.a(pooling_common.o)
                0x00012048                tflite::CalculateOpDataPooling(TfLiteContext const*, TfLitePoolParams const*, TfLiteTensor const*, TfLiteTensor const*, tflite::OpDataPooling*)
 *fill*         0x000120f4        0x4 
 .text._ZN6tflite22CalculateSoftmaxParamsEP13TfLiteContextPK12TfLiteTensorPS2_PK19TfLiteSoftmaxParamsPNS_13SoftmaxParamsE
                0x000120f8      0x380 extern/tensorflow/helia_rt_v1_6_0/lib/libtensorflow-microlite-cm4-gcc-release.a(softmax_common.o)
                0x000120f8                tflite::CalculateSoftmaxParams(TfLiteContext*, TfLiteTensor const*, TfLiteTensor*, TfLiteSoftmaxParams const*, tflite::SoftmaxParams*)
 .text._ZN6tflite22MicroMutableOpResolverILj6EE10AddBuiltinENS_15BuiltinOperatorERK16TFLMRegistrationPF12TfLiteStatusPKNS_8OperatorEPNS_13ErrorReporterEPNS_20BuiltinDataAllocatorEPPvE.isra.0
                0x00012478       0x68 build/apollo3p_evb/arm-none-eabi/apps/ai/kws/src/kws.o
 .text._ZN6tflite22MicroMutableOpResolverILj6EED0Ev
                0x000124e0        0x4 build/apollo3p_evb/arm-none-eabi/apps/ai/kws/src/kws.o
                0x000124e0                tflite::MicroMutableOpResolver<6u>::~MicroMutableOpResolver()
                0x000124e0                tflite::MicroMutableOpResolver<6u>::~MicroMutableOpResolver()
                0x000124e0                tflite::MicroMutableOpResolver<6u>::~MicroMutableOpResolver()
 .text._ZN6tflite22MicroResourceVariables8ResetAllEv
                0x000124e4       0x28 extern/tensorflow/helia_rt_v1_6_0/lib/libtensorflow-microlite-cm4-gcc-release.a(micro_resource_variable.o)
                0x000124e4                tflite::MicroResourceVariables::ResetAll()
 .text._ZN6tflite23AveragePoolingEvalFloatEPK13TfLiteContextPK10TfLiteNodePK16TfLitePoolParamsPKNS_13OpDataPoolingEPK16TfLiteEvalTensorPSC_
                0x0001250c      0x238 extern/tensorflow/helia_rt_v1_6_0/lib/libtensorflow-microlite-cm4-gcc-release.a(pooling_common.o)
                0x0001250c                tflite::AveragePoolingEvalFloat(TfLiteContext const*, TfLiteNode const*, TfLitePoolParams const*, tflite::OpDataPooling const*, TfLiteEvalTensor const*, TfLiteEvalTensor*)
 .text._ZN6tflite23MicroInterpreterContext13GetEvalTensorEi
                0x00012744       0x14 extern/tensorflow/helia_rt_v1_6_0/lib/libtensorflow-microlite-cm4-gcc-release.a(micro_interpreter_context.o)
                0x00012744                tflite::MicroInterpreterContext::GetEvalTensor(int)
 .text._ZN6tflite23MicroInterpreterContext16GetScratchBufferEi
                0x00012758        0x8 extern/tensorflow/helia_rt_v1_6_0/lib/libtensorflow-microlite-cm4-gcc-release.a(micro_interpreter_context.o)
                0x00012758                tflite::MicroInterpreterContext::GetScratchBuffer(int)
 .text._ZN6tflite23MicroInterpreterContext16external_contextEv
                0x00012760        0x4 extern/tensorflow/helia_rt_v1_6_0/lib/libtensorflow-microlite-cm4-gcc-release.a(micro_interpreter_context.o)
                0x00012760                tflite::MicroInterpreterContext::external_context()
 .text._ZN6tflite23MicroInterpreterContext18AllocateTempBufferEjj
                0x00012764        0x8 extern/tensorflow/helia_rt_v1_6_0/lib/libtensorflow-microlite-cm4-gcc-release.a(micro_interpreter_context.o)
                0x00012764                tflite::MicroInterpreterContext::AllocateTempBuffer(unsigned int, unsigned int)
 .text._ZN6tflite23MicroInterpreterContext19SetInterpreterStateENS0_16InterpreterStateE
                0x0001276c        0x4 extern/tensorflow/helia_rt_v1_6_0/lib/libtensorflow-microlite-cm4-gcc-release.a(micro_interpreter_context.o)
                0x0001276c                tflite::MicroInterpreterContext::SetInterpreterState(tflite::MicroInterpreterContext::InterpreterState)
 .text._ZN6tflite23MicroInterpreterContext20DeallocateTempBufferEPh
                0x00012770        0x8 extern/tensorflow/helia_rt_v1_6_0/lib/libtensorflow-microlite-cm4-gcc-release.a(micro_interpreter_context.o)
                0x00012770                tflite::MicroInterpreterContext::DeallocateTempBuffer(unsigned char*)
 .text._ZN6tflite23MicroInterpreterContext20set_external_contextEPv
                0x00012778       0x10 extern/tensorflow/helia_rt_v1_6_0/lib/libtensorflow-microlite-cm4-gcc-release.a(micro_interpreter_context.o)
                0x00012778                tflite::MicroInterpreterContext::set_external_context(void*)
 .text._ZN6tflite23MicroInterpreterContext23SetScratchBufferHandlesEPNS_19ScratchBufferHandleE
                0x00012788        0x4 extern/tensorflow/helia_rt_v1_6_0/lib/libtensorflow-microlite-cm4-gcc-release.a(micro_interpreter_context.o)
                0x00012788                tflite::MicroInterpreterContext::SetScratchBufferHandles(tflite::ScratchBufferHandle*)
 .text._ZN6tflite23MicroInterpreterContext24AllocatePersistentBufferEj
                0x0001278c        0x8 extern/tensorflow/helia_rt_v1_6_0/lib/libtensorflow-microlite-cm4-gcc-release.a(micro_interpreter_context.o)
                0x0001278c                tflite::MicroInterpreterContext::AllocatePersistentBuffer(unsigned int)
 .text._ZN6tflite23MicroInterpreterContext24AllocateTempTfLiteTensorEi
                0x00012794       0x1c extern/tensorflow/helia_rt_v1_6_0/lib/libtensorflow-microlite-cm4-gcc-release.a(micro_interpreter_context.o)
                0x00012794                tflite::MicroInterpreterContext::AllocateTempTfLiteTensor(int)
 .text._ZN6tflite23MicroInterpreterContext26DeallocateTempTfLiteTensorEP12TfLiteTensor
                0x000127b0        0x8 extern/tensorflow/helia_rt_v1_6_0/lib/libtensorflow-microlite-cm4-gcc-release.a(micro_interpreter_context.o)
                0x000127b0                tflite::MicroInterpreterContext::DeallocateTempTfLiteTensor(TfLiteTensor*)
 .text._ZN6tflite23MicroInterpreterContext27RequestScratchBufferInArenaEjPi
                0x000127b8       0x12 extern/tensorflow/helia_rt_v1_6_0/lib/libtensorflow-microlite-cm4-gcc-release.a(micro_interpreter_context.o)
                0x000127b8                tflite::MicroInterpreterContext::RequestScratchBufferInArena(unsigned int, int*)
 .text._ZN6tflite23MicroInterpreterContext5graphEv
                0x000127ca        0x4 extern/tensorflow/helia_rt_v1_6_0/lib/libtensorflow-microlite-cm4-gcc-release.a(micro_interpreter_context.o)
                0x000127ca                tflite::MicroInterpreterContext::graph()
 *fill*         0x000127ce        0x2 
 .text._ZN6tflite23MicroInterpreterContextC2EPNS_14MicroAllocatorEPKNS_5ModelEPNS_21MicroInterpreterGraphE
                0x000127d0       0x1c extern/tensorflow/helia_rt_v1_6_0/lib/libtensorflow-microlite-cm4-gcc-release.a(micro_interpreter_context.o)
                0x000127d0                tflite::MicroInterpreterContext::MicroInterpreterContext(tflite::MicroAllocator*, tflite::Model const*, tflite::MicroInterpreterGraph*)
                0x000127d0                tflite::MicroInterpreterContext::MicroInterpreterContext(tflite::MicroAllocator*, tflite::Model const*, tflite::MicroInterpreterGraph*)
 .text._ZN6tflite23MicroInterpreterContextD0Ev
                0x000127ec        0x2 extern/tensorflow/helia_rt_v1_6_0/lib/libtensorflow-microlite-cm4-gcc-release.a(micro_interpreter_context.o)
                0x000127ec                tflite::MicroInterpreterContext::~MicroInterpreterContext()
                0x000127ec                tflite::MicroInterpreterContext::~MicroInterpreterContext()
                0x000127ec                tflite::MicroInterpreterContext::~MicroInterpreterContext()
 *fill*         0x000127ee        0x2 
 .text._ZN6tflite23PrepareReshapeReferenceEP13TfLiteContextP10TfLiteNode
                0x000127f0      0x10c extern/tensorflow/helia_rt_v1_6_0/lib/libtensorflow-microlite-cm4-gcc-release.a(reshape_common.o)
                0x000127f0                tflite::PrepareReshapeReference(TfLiteContext*, TfLiteNode*)
 .text._ZN6tflite24CallBuiltinParseFunctionEPF12TfLiteStatusPKNS_8OperatorEPNS_13ErrorReporterEPNS_20BuiltinDataAllocatorEPPvES3_S7_S9_
                0x000128fc       0x20 extern/tensorflow/helia_rt_v1_6_0/lib/libtensorflow-microlite-cm4-gcc-release.a(flatbuffer_conversions_bridge.o)
                0x000128fc                tflite::CallBuiltinParseFunction(TfLiteStatus (*)(tflite::Operator const*, tflite::ErrorReporter*, tflite::BuiltinDataAllocator*, void**), tflite::Operator const*, tflite::BuiltinDataAllocator*, void**)
 .text._ZN6tflite24DepthwiseConvParamsFloatERK25TfLiteDepthwiseConvParamsRKNS_10OpDataConvE
                0x0001291c       0x7c extern/tensorflow/helia_rt_v1_6_0/lib/libtensorflow-microlite-cm4-gcc-release.a(depthwise_conv_common.o)
                0x0001291c                tflite::DepthwiseConvParamsFloat(TfLiteDepthwiseConvParams const&, tflite::OpDataConv const&)
 .text._ZN6tflite24PreprocessSoftmaxScalingEddiPlPi
                0x00012998       0x68 extern/tensorflow/helia_rt_v1_6_0/lib/libtensorflow-microlite-cm4-gcc-release.a(quantization_util.o)
                0x00012998                tflite::PreprocessSoftmaxScaling(double, double, int, long*, int*)
 .text._ZN6tflite24Register_AVERAGE_POOL_2DEv
                0x00012a00       0x28 extern/tensorflow/helia_rt_v1_6_0/lib/libtensorflow-microlite-cm4-gcc-release.a(pooling.o)
                0x00012a00                tflite::Register_AVERAGE_POOL_2D()
 .text._ZN6tflite24Register_FULLY_CONNECTEDEv
                0x00012a28       0x28 extern/tensorflow/helia_rt_v1_6_0/lib/libtensorflow-microlite-cm4-gcc-release.a(fully_connected.o)
                0x00012a28                tflite::Register_FULLY_CONNECTED()
 .text._ZN6tflite25FullyConnectedParamsFloatE21TfLiteFusedActivation
                0x00012a50       0x44 extern/tensorflow/helia_rt_v1_6_0/lib/libtensorflow-microlite-cm4-gcc-release.a(fully_connected_common.o)
                0x00012a50                tflite::FullyConnectedParamsFloat(TfLiteFusedActivation)
 .text._ZN6tflite25GetRegistrationFromOpCodeEPKNS_12OperatorCodeERKNS_15MicroOpResolverEPPK16TFLMRegistration
                0x00012a94       0x50 extern/tensorflow/helia_rt_v1_6_0/lib/libtensorflow-microlite-cm4-gcc-release.a(micro_op_resolver.o)
                0x00012a94                tflite::GetRegistrationFromOpCode(tflite::OperatorCode const*, tflite::MicroOpResolver const&, TFLMRegistration const**)
 .text._ZN6tflite25MicroContextGetEvalTensorEPK13TfLiteContexti
                0x00012ae4        0x8 extern/tensorflow/helia_rt_v1_6_0/lib/libtensorflow-microlite-cm4-gcc-release.a(micro_interpreter.o)
                0x00012ae4                tflite::MicroContextGetEvalTensor(TfLiteContext const*, int)
 .text._ZN6tflite25MicroContextReportOpErrorEP13TfLiteContextPKcz
                0x00012aec        0xe extern/tensorflow/helia_rt_v1_6_0/lib/libtensorflow-microlite-cm4-gcc-release.a(micro_context.o)
                0x00012aec                tflite::MicroContextReportOpError(TfLiteContext*, char const*, ...)
 *fill*         0x00012afa        0x2 
 .text._ZN6tflite26Register_DEPTHWISE_CONV_2DEv
                0x00012afc       0x28 extern/tensorflow/helia_rt_v1_6_0/lib/libtensorflow-microlite-cm4-gcc-release.a(depthwise_conv.o)
                0x00012afc                tflite::Register_DEPTHWISE_CONV_2D()
 .text._ZN6tflite26SingleArenaBufferAllocator12AllocateTempEjj
                0x00012b24       0x2c extern/tensorflow/helia_rt_v1_6_0/lib/libtensorflow-microlite-cm4-gcc-release.a(single_arena_buffer_allocator.o)
                0x00012b24                tflite::SingleArenaBufferAllocator::AllocateTemp(unsigned int, unsigned int)
 .text._ZN6tflite26SingleArenaBufferAllocator12ResizeBufferEPhjj
                0x00012b50       0x3c extern/tensorflow/helia_rt_v1_6_0/lib/libtensorflow-microlite-cm4-gcc-release.a(single_arena_buffer_allocator.o)
                0x00012b50                tflite::SingleArenaBufferAllocator::ResizeBuffer(unsigned char*, unsigned int, unsigned int)
 .text._ZN6tflite26SingleArenaBufferAllocator14DeallocateTempEPh
                0x00012b8c        0xe extern/tensorflow/helia_rt_v1_6_0/lib/libtensorflow-microlite-cm4-gcc-release.a(single_arena_buffer_allocator.o)
                0x00012b8c                tflite::SingleArenaBufferAllocator::DeallocateTemp(unsigned char*)
 .text._ZN6tflite26SingleArenaBufferAllocator20IsAllTempDeallocatedEv
                0x00012b9a       0x12 extern/tensorflow/helia_rt_v1_6_0/lib/libtensorflow-microlite-cm4-gcc-release.a(single_arena_buffer_allocator.o)
                0x00012b9a                tflite::SingleArenaBufferAllocator::IsAllTempDeallocated()
 .text._ZN6tflite26SingleArenaBufferAllocator20ResetTempAllocationsEv
                0x00012bac       0x18 extern/tensorflow/helia_rt_v1_6_0/lib/libtensorflow-microlite-cm4-gcc-release.a(single_arena_buffer_allocator.o)
                0x00012bac                tflite::SingleArenaBufferAllocator::ResetTempAllocations()
 .text._ZN6tflite26SingleArenaBufferAllocator23AllocateResizableBufferEjj
                0x00012bc4       0x30 extern/tensorflow/helia_rt_v1_6_0/lib/libtensorflow-microlite-cm4-gcc-release.a(single_arena_buffer_allocator.o)
                0x00012bc4                tflite::SingleArenaBufferAllocator::AllocateResizableBuffer(unsigned int, unsigned int)
 .text._ZN6tflite26SingleArenaBufferAllocator24AllocatePersistentBufferEjj
                0x00012bf4       0x1c extern/tensorflow/helia_rt_v1_6_0/lib/libtensorflow-microlite-cm4-gcc-release.a(single_arena_buffer_allocator.o)
                0x00012bf4                tflite::SingleArenaBufferAllocator::AllocatePersistentBuffer(unsigned int, unsigned int)
 .text._ZN6tflite26SingleArenaBufferAllocator25DeallocateResizableBufferEPh
                0x00012c10       0x12 extern/tensorflow/helia_rt_v1_6_0/lib/libtensorflow-microlite-cm4-gcc-release.a(single_arena_buffer_allocator.o)
                0x00012c10                tflite::SingleArenaBufferAllocator::DeallocateResizableBuffer(unsigned char*)
 .text._ZN6tflite26SingleArenaBufferAllocator33ReserveNonPersistentOverlayMemoryEjj
                0x00012c22       0x26 extern/tensorflow/helia_rt_v1_6_0/lib/libtensorflow-microlite-cm4-gcc-release.a(single_arena_buffer_allocator.o)
                0x00012c22                tflite::SingleArenaBufferAllocator::ReserveNonPersistentOverlayMemory(unsigned int, unsigned int)
 .text._ZN6tflite26SingleArenaBufferAllocator6CreateEPhj
                0x00012c48       0x48 extern/tensorflow/helia_rt_v1_6_0/lib/libtensorflow-microlite-cm4-gcc-release.a(single_arena_buffer_allocator.o)
                0x00012c48                tflite::SingleArenaBufferAllocator::Create(unsigned char*, unsigned int)
 .text._ZN6tflite26SingleArenaBufferAllocatorC2EPhS1_
                0x00012c90       0x20 extern/tensorflow/helia_rt_v1_6_0/lib/libtensorflow-microlite-cm4-gcc-release.a(single_arena_buffer_allocator.o)
                0x00012c90                tflite::SingleArenaBufferAllocator::SingleArenaBufferAllocator(unsigned char*, unsigned char*)
                0x00012c90                tflite::SingleArenaBufferAllocator::SingleArenaBufferAllocator(unsigned char*, unsigned char*)
 .text._ZN6tflite26SingleArenaBufferAllocatorC2EPhj
                0x00012cb0        0xe extern/tensorflow/helia_rt_v1_6_0/lib/libtensorflow-microlite-cm4-gcc-release.a(single_arena_buffer_allocator.o)
                0x00012cb0                tflite::SingleArenaBufferAllocator::SingleArenaBufferAllocator(unsigned char*, unsigned int)
                0x00012cb0                tflite::SingleArenaBufferAllocator::SingleArenaBufferAllocator(unsigned char*, unsigned int)
 .text._ZN6tflite26SingleArenaBufferAllocatorD0Ev
                0x00012cbe        0x2 extern/tensorflow/helia_rt_v1_6_0/lib/libtensorflow-microlite-cm4-gcc-release.a(single_arena_buffer_allocator.o)
                0x00012cbe                tflite::SingleArenaBufferAllocator::~SingleArenaBufferAllocator()
                0x00012cbe                tflite::SingleArenaBufferAllocator::~SingleArenaBufferAllocator()
                0x00012cbe                tflite::SingleArenaBufferAllocator::~SingleArenaBufferAllocator()
 .text._ZN6tflite26TfLiteEvalTensorByteLengthEPK16TfLiteEvalTensorPj
                0x00012cc0       0x34 extern/tensorflow/helia_rt_v1_6_0/lib/libtensorflow-microlite-cm4-gcc-release.a(memory_helpers.o)
                0x00012cc0                tflite::TfLiteEvalTensorByteLength(TfLiteEvalTensor const*, unsigned int*)
 .text._ZN6tflite28CalculateOpDataDepthwiseConvEP13TfLiteContextP10TfLiteNodeRK25TfLiteDepthwiseConvParamsiiiiii10TfLiteTypePNS_10OpDataConvE
                0x00012cf4      0x1cc extern/tensorflow/helia_rt_v1_6_0/lib/libtensorflow-microlite-cm4-gcc-release.a(depthwise_conv_common.o)
                0x00012cf4                tflite::CalculateOpDataDepthwiseConv(TfLiteContext*, TfLiteNode*, TfLiteDepthwiseConvParams const&, int, int, int, int, int, int, TfLiteType, tflite::OpDataConv*)
 .text._ZN6tflite28MicroContextGetScratchBufferEP13TfLiteContexti
                0x00012ec0        0x8 extern/tensorflow/helia_rt_v1_6_0/lib/libtensorflow-microlite-cm4-gcc-release.a(micro_interpreter.o)
                0x00012ec0                tflite::MicroContextGetScratchBuffer(TfLiteContext*, int)
 .text._ZN6tflite29CalculateOpDataFullyConnectedEP13TfLiteContext21TfLiteFusedActivation10TfLiteTypePK12TfLiteTensorS6_S6_PS4_PNS_20OpDataFullyConnectedE
                0x00012ec8      0x154 extern/tensorflow/helia_rt_v1_6_0/lib/libtensorflow-microlite-cm4-gcc-release.a(fully_connected_common.o)
                0x00012ec8                tflite::CalculateOpDataFullyConnected(TfLiteContext*, TfLiteFusedActivation, TfLiteType, TfLiteTensor const*, TfLiteTensor const*, TfLiteTensor const*, TfLiteTensor*, tflite::OpDataFullyConnected*)
 .text._ZN6tflite30MicroContextGetExternalContextEP13TfLiteContext25TfLiteExternalContextType
                0x0001301c        0x8 extern/tensorflow/helia_rt_v1_6_0/lib/libtensorflow-microlite-cm4-gcc-release.a(micro_interpreter.o)
                0x0001301c                tflite::MicroContextGetExternalContext(TfLiteContext*, TfLiteExternalContextType)
 *fill*         0x00013024        0x4 
 .text._ZN6tflite32GetQuantizedConvolutionMultiplerEP13TfLiteContextPK12TfLiteTensorS4_S4_PS2_Pd
                0x00013028       0xb8 extern/tensorflow/helia_rt_v1_6_0/lib/libtensorflow-microlite-cm4-gcc-release.a(kernel_util.o)
                0x00013028                tflite::GetQuantizedConvolutionMultipler(TfLiteContext*, TfLiteTensor const*, TfLiteTensor const*, TfLiteTensor const*, TfLiteTensor*, double*)
 .text._ZN6tflite32QuantizeMultiplierGreaterThanOneEdPlPi
                0x000130e0       0x44 extern/tensorflow/helia_rt_v1_6_0/lib/libtensorflow-microlite-cm4-gcc-release.a(quantization_util.o)
                0x000130e0                tflite::QuantizeMultiplierGreaterThanOne(double, long*, int*)
 .text._ZN6tflite33CalculateActivationRangeQuantizedEP13TfLiteContext21TfLiteFusedActivationP12TfLiteTensorPlS5_
                0x00013124       0xe8 extern/tensorflow/helia_rt_v1_6_0/lib/libtensorflow-microlite-cm4-gcc-release.a(kernel_util.o)
                0x00013124                tflite::CalculateActivationRangeQuantized(TfLiteContext*, TfLiteFusedActivation, TfLiteTensor*, long*, long*)
 .text._ZN6tflite33FlatBufferVectorToTfLiteTypeArrayEPKN11flatbuffers6VectorIfmEE
                0x0001320c        0x2 extern/tensorflow/helia_rt_v1_6_0/lib/libtensorflow-microlite-cm4-gcc-release.a(flatbuffer_utils.o)
                0x0001320c                tflite::FlatBufferVectorToTfLiteTypeArray(flatbuffers::Vector<float, unsigned long> const*)
 .text._ZN6tflite33FlatBufferVectorToTfLiteTypeArrayEPKN11flatbuffers6VectorIlmEE
                0x0001320e        0x2 extern/tensorflow/helia_rt_v1_6_0/lib/libtensorflow-microlite-cm4-gcc-release.a(flatbuffer_utils.o)
                0x0001320e                tflite::FlatBufferVectorToTfLiteTypeArray(flatbuffers::Vector<long, unsigned long> const*)
 .text._ZN6tflite36MicroContextAllocatePersistentBufferEP13TfLiteContextj
                0x00013210        0x8 extern/tensorflow/helia_rt_v1_6_0/lib/libtensorflow-microlite-cm4-gcc-release.a(micro_interpreter.o)
                0x00013210                tflite::MicroContextAllocatePersistentBuffer(TfLiteContext*, unsigned int)
 .text._ZN6tflite37PopulateConvolutionQuantizationParamsEP13TfLiteContextPK12TfLiteTensorS4_S4_PS2_RK21TfLiteFusedActivationPlPiS9_S9_S9_S9_i
                0x00013218      0x170 extern/tensorflow/helia_rt_v1_6_0/lib/libtensorflow-microlite-cm4-gcc-release.a(kernel_util.o)
                0x00013218                tflite::PopulateConvolutionQuantizationParams(TfLiteContext*, TfLiteTensor const*, TfLiteTensor const*, TfLiteTensor const*, TfLiteTensor*, TfLiteFusedActivation const&, long*, int*, long*, long*, long*, long*, int)
 .text._ZN6tflite39MicroContextRequestScratchBufferInArenaEP13TfLiteContextjPi
                0x00013388        0x8 extern/tensorflow/helia_rt_v1_6_0/lib/libtensorflow-microlite-cm4-gcc-release.a(micro_interpreter.o)
                0x00013388                tflite::MicroContextRequestScratchBufferInArena(TfLiteContext*, unsigned int, int*)
 .text._ZN6tflite5micro10RegisterOpEPFPvP13TfLiteContextPKcjEPF12TfLiteStatusS3_P10TfLiteNodeESC_PFvS3_S1_ESE_
                0x00013390       0x18 extern/tensorflow/helia_rt_v1_6_0/lib/libtensorflow-microlite-cm4-gcc-release.a(kernel_util.o)
                0x00013390                tflite::micro::RegisterOp(void* (*)(TfLiteContext*, char const*, unsigned int), TfLiteStatus (*)(TfLiteContext*, TfLiteNode*), TfLiteStatus (*)(TfLiteContext*, TfLiteNode*), void (*)(TfLiteContext*, void*), void (*)(TfLiteContext*, void*))
 .text._ZN6tflite5micro12GetEvalInputEPK13TfLiteContextPK10TfLiteNodei
                0x000133a8       0x30 extern/tensorflow/helia_rt_v1_6_0/lib/libtensorflow-microlite-cm4-gcc-release.a(kernel_util.o)
                0x000133a8                tflite::micro::GetEvalInput(TfLiteContext const*, TfLiteNode const*, int)
 .text._ZN6tflite5micro13GetEvalOutputEPK13TfLiteContextPK10TfLiteNodei
                0x000133d8        0xc extern/tensorflow/helia_rt_v1_6_0/lib/libtensorflow-microlite-cm4-gcc-release.a(kernel_util.o)
                0x000133d8                tflite::micro::GetEvalOutput(TfLiteContext const*, TfLiteNode const*, int)
 .text._ZN6tflite5micro14GetTensorShapeEPK16TfLiteEvalTensor
                0x000133e4       0x24 extern/tensorflow/helia_rt_v1_6_0/lib/libtensorflow-microlite-cm4-gcc-release.a(kernel_util.o)
                0x000133e4                tflite::micro::GetTensorShape(TfLiteEvalTensor const*)
 .text._ZN6tflite5micro18RuntimePaddingTypeE13TfLitePadding
                0x00013408       0x14 extern/tensorflow/helia_rt_v1_6_0/lib/libtensorflow-microlite-cm4-gcc-release.a(kernel_util.o)
                0x00013408                tflite::micro::RuntimePaddingType(TfLitePadding)
 .text._ZN6tflite5micro32CreateWritableTensorDimsWithCopyEP13TfLiteContextP12TfLiteTensorP16TfLiteEvalTensor
                0x0001341c       0x44 extern/tensorflow/helia_rt_v1_6_0/lib/libtensorflow-microlite-cm4-gcc-release.a(kernel_util.o)
                0x0001341c                tflite::micro::CreateWritableTensorDimsWithCopy(TfLiteContext*, TfLiteTensor*, TfLiteEvalTensor*)
 .text._ZN6tflite8internal25GetFlatbufferTensorBufferERKNS_6TensorEPKN11flatbuffers6VectorINS4_6OffsetINS_6BufferEEEmEE
                0x00013460       0x34 extern/tensorflow/helia_rt_v1_6_0/lib/libtensorflow-microlite-cm4-gcc-release.a(micro_allocator.o)
                0x00013460                tflite::internal::GetFlatbufferTensorBuffer(tflite::Tensor const&, flatbuffers::Vector<flatbuffers::Offset<tflite::Buffer>, unsigned long> const*)
 .text._ZN6tflite8internal36InitializeTfLiteTensorFromFlatbufferEPNS_26IPersistentBufferAllocatorEPNS_29INonPersistentBufferAllocatorEbRKNS_6TensorEPKN11flatbuffers6VectorINS8_6OffsetINS_6BufferEEEmEEP12TfLiteTensor
                0x00013494      0x188 extern/tensorflow/helia_rt_v1_6_0/lib/libtensorflow-microlite-cm4-gcc-release.a(micro_allocator.o)
                0x00013494                tflite::internal::InitializeTfLiteTensorFromFlatbuffer(tflite::IPersistentBufferAllocator*, tflite::INonPersistentBufferAllocator*, bool, tflite::Tensor const&, flatbuffers::Vector<flatbuffers::Offset<tflite::Buffer>, unsigned long> const*, TfLiteTensor*)
 .text._ZN6tflite8internal40InitializeTfLiteEvalTensorFromFlatbufferERKNS_6TensorEPKN11flatbuffers6VectorINS4_6OffsetINS_6BufferEEEmEEP16TfLiteEvalTensor
                0x0001361c       0x50 extern/tensorflow/helia_rt_v1_6_0/lib/libtensorflow-microlite-cm4-gcc-release.a(micro_allocator.o)
                0x0001361c                tflite::internal::InitializeTfLiteEvalTensorFromFlatbuffer(tflite::Tensor const&, flatbuffers::Vector<flatbuffers::Offset<tflite::Buffer>, unsigned long> const*, TfLiteEvalTensor*)
 .text._ZN6tflite9ParsePoolEPKNS_8OperatorEPNS_13ErrorReporterEPNS_20BuiltinDataAllocatorEPPv
                0x0001366c       0x8a extern/tensorflow/helia_rt_v1_6_0/lib/libtensorflow-microlite-cm4-gcc-release.a(flatbuffer_conversions.o)
                0x0001366c                tflite::ParsePool(tflite::Operator const*, tflite::ErrorReporter*, tflite::BuiltinDataAllocator*, void**)
 *fill*         0x000136f6        0x2 
 .text._ZN9__gnu_cxx20recursive_init_errorC2Ev
                0x000136f8        0xc C:/Program Files (x86)/Arm GNU Toolchain arm-none-eabi/14.3 rel1/bin/../lib/gcc/arm-none-eabi/14.3.1/../../../../arm-none-eabi/lib/thumb/v7e-m+fp/hard\libstdc++.a(guard_error.o)
                0x000136f8                __gnu_cxx::recursive_init_error::recursive_init_error()
                0x000136f8                __gnu_cxx::recursive_init_error::recursive_init_error()
 .text._ZN9__gnu_cxx20recursive_init_errorD0Ev
                0x00013704       0x1c C:/Program Files (x86)/Arm GNU Toolchain arm-none-eabi/14.3 rel1/bin/../lib/gcc/arm-none-eabi/14.3.1/../../../../arm-none-eabi/lib/thumb/v7e-m+fp/hard\libstdc++.a(guard_error.o)
                0x00013704                __gnu_cxx::recursive_init_error::~recursive_init_error()
 .text._ZN9__gnu_cxx20recursive_init_errorD2Ev
                0x00013720       0x14 C:/Program Files (x86)/Arm GNU Toolchain arm-none-eabi/14.3 rel1/bin/../lib/gcc/arm-none-eabi/14.3.1/../../../../arm-none-eabi/lib/thumb/v7e-m+fp/hard\libstdc++.a(guard_error.o)
                0x00013720                __gnu_cxx::recursive_init_error::~recursive_init_error()
                0x00013720                __gnu_cxx::recursive_init_error::~recursive_init_error()
 .text._ZN9__gnu_cxx27__verbose_terminate_handlerEv
                0x00013734      0x108 C:/Program Files (x86)/Arm GNU Toolchain arm-none-eabi/14.3 rel1/bin/../lib/gcc/arm-none-eabi/14.3.1/../../../../arm-none-eabi/lib/thumb/v7e-m+fp/hard\libstdc++.a(vterminate.o)
                0x00013734                __gnu_cxx::__verbose_terminate_handler()
 .text._ZNK10__cxxabiv117__class_type_info10__do_catchEPKSt9type_infoPPvj
                0x0001383c       0x2c C:/Program Files (x86)/Arm GNU Toolchain arm-none-eabi/14.3 rel1/bin/../lib/gcc/arm-none-eabi/14.3.1/../../../../arm-none-eabi/lib/thumb/v7e-m+fp/hard\libstdc++.a(class_type_info.o)
                0x0001383c                __cxxabiv1::__class_type_info::__do_catch(std::type_info const*, void**, unsigned int) const
 .text._ZNK10__cxxabiv117__class_type_info11__do_upcastEPKS0_PKvRNS0_15__upcast_resultE
                0x00013868       0x1c C:/Program Files (x86)/Arm GNU Toolchain arm-none-eabi/14.3 rel1/bin/../lib/gcc/arm-none-eabi/14.3.1/../../../../arm-none-eabi/lib/thumb/v7e-m+fp/hard\libstdc++.a(class_type_info.o)
                0x00013868                __cxxabiv1::__class_type_info::__do_upcast(__cxxabiv1::__class_type_info const*, void const*, __cxxabiv1::__class_type_info::__upcast_result&) const
 .text._ZNK10__cxxabiv117__class_type_info11__do_upcastEPKS0_PPv
                0x00013884       0x34 C:/Program Files (x86)/Arm GNU Toolchain arm-none-eabi/14.3 rel1/bin/../lib/gcc/arm-none-eabi/14.3.1/../../../../arm-none-eabi/lib/thumb/v7e-m+fp/hard\libstdc++.a(class_type_info.o)
                0x00013884                __cxxabiv1::__class_type_info::__do_upcast(__cxxabiv1::__class_type_info const*, void**) const
 .text._ZNK10__cxxabiv117__class_type_info12__do_dyncastEiNS0_10__sub_kindEPKS0_PKvS3_S5_RNS0_16__dyncast_resultE
                0x000138b8       0x44 C:/Program Files (x86)/Arm GNU Toolchain arm-none-eabi/14.3 rel1/bin/../lib/gcc/arm-none-eabi/14.3.1/../../../../arm-none-eabi/lib/thumb/v7e-m+fp/hard\libstdc++.a(class_type_info.o)
                0x000138b8                __cxxabiv1::__class_type_info::__do_dyncast(int, __cxxabiv1::__class_type_info::__sub_kind, __cxxabiv1::__class_type_info const*, void const*, __cxxabiv1::__class_type_info const*, void const*, __cxxabiv1::__class_type_info::__dyncast_result&) const
 .text._ZNK10__cxxabiv117__class_type_info20__do_find_public_srcEiPKvPKS0_S2_
                0x000138fc        0xc C:/Program Files (x86)/Arm GNU Toolchain arm-none-eabi/14.3 rel1/bin/../lib/gcc/arm-none-eabi/14.3.1/../../../../arm-none-eabi/lib/thumb/v7e-m+fp/hard\libstdc++.a(class_type_info.o)
                0x000138fc                __cxxabiv1::__class_type_info::__do_find_public_src(int, void const*, __cxxabiv1::__class_type_info const*, void const*) const
 .text._ZNK10__cxxabiv120__si_class_type_info11__do_upcastEPKNS_17__class_type_infoEPKvRNS1_15__upcast_resultE
                0x00013908       0x2c C:/Program Files (x86)/Arm GNU Toolchain arm-none-eabi/14.3 rel1/bin/../lib/gcc/arm-none-eabi/14.3.1/../../../../arm-none-eabi/lib/thumb/v7e-m+fp/hard\libstdc++.a(si_class_type_info.o)
                0x00013908                __cxxabiv1::__si_class_type_info::__do_upcast(__cxxabiv1::__class_type_info const*, void const*, __cxxabiv1::__class_type_info::__upcast_result&) const
 .text._ZNK10__cxxabiv120__si_class_type_info12__do_dyncastEiNS_17__class_type_info10__sub_kindEPKS1_PKvS4_S6_RNS1_16__dyncast_resultE
                0x00013934       0x84 C:/Program Files (x86)/Arm GNU Toolchain arm-none-eabi/14.3 rel1/bin/../lib/gcc/arm-none-eabi/14.3.1/../../../../arm-none-eabi/lib/thumb/v7e-m+fp/hard\libstdc++.a(si_class_type_info.o)
                0x00013934                __cxxabiv1::__si_class_type_info::__do_dyncast(int, __cxxabiv1::__class_type_info::__sub_kind, __cxxabiv1::__class_type_info const*, void const*, __cxxabiv1::__class_type_info const*, void const*, __cxxabiv1::__class_type_info::__dyncast_result&) const
 .text._ZNK10__cxxabiv120__si_class_type_info20__do_find_public_srcEiPKvPKNS_17__class_type_infoES2_