Archive member included to satisfy reference by file (symbol)

C:/Program Files (x86)/Arm GNU Toolchain arm-none-eabi/14.3 rel1/bin/../lib/gcc/arm-none-eabi/14.3.1/../../../../arm-none-eabi/lib/thumb/v7e-m+fp/hard\libc.a(libc_a-abort.o)
                              build/apollo3p_evb/arm-none-eabi/apps/experiments/ad_demo/src/ad01_int8_aligned_power_model.o (abort)
C:/Program Files (x86)/Arm GNU Toolchain arm-none-eabi/14.3 rel1/bin/../lib/gcc/arm-none-eabi/14.3.1/../../../../arm-none-eabi/lib/thumb/v7e-m+fp/hard\libc.a(libc_a-atexit.o)
                              build/apollo3p_evb/arm-none-eabi/apps/experiments/ad_demo/src/ad01_int8_aligned_power_model.o (atexit)
C:/Program Files (x86)/Arm GNU Toolchain arm-none-eabi/14.3 rel1/bin/../lib/gcc/arm-none-eabi/14.3.1/../../../../arm-none-eabi/lib/thumb/v7e-m+fp/hard\libc.a(libc_a-signal.o)
                              C:/Program Files (x86)/Arm GNU Toolchain arm-none-eabi/14.3 rel1/bin/../lib/gcc/arm-none-eabi/14.3.1/../../../../arm-none-eabi/lib/thumb/v7e-m+fp/hard\libc.a(libc_a-abort.o) (raise)
C:/Program Files (x86)/Arm GNU Toolchain arm-none-eabi/14.3 rel1/bin/../lib/gcc/arm-none-eabi/14.3.1/../../../../arm-none-eabi/lib/thumb/v7e-m+fp/hard\libc.a(libc_a-impure.o)
                              C:/Program Files (x86)/Arm GNU Toolchain arm-none-eabi/14.3 rel1/bin/../lib/gcc/arm-none-eabi/14.3.1/../../../../arm-none-eabi/lib/thumb/v7e-m+fp/hard\libc.a(libc_a-signal.o) (_impure_ptr)
C:/Program Files (x86)/Arm GNU Toolchain arm-none-eabi/14.3 rel1/bin/../lib/gcc/arm-none-eabi/14.3.1/../../../../arm-none-eabi/lib/thumb/v7e-m+fp/hard\libc.a(libc_a-strcmp.o)
                              build/apollo3p_evb/arm-none-eabi/apps/experiments/ad_demo/src/ad01_int8_aligned_power_model.o (strcmp)
C:/Program Files (x86)/Arm GNU Toolchain arm-none-eabi/14.3 rel1/bin/../lib/gcc/arm-none-eabi/14.3.1/../../../../arm-none-eabi/lib/thumb/v7e-m+fp/hard\libc.a(libc_a-memcpy.o)
                              build/apollo3p_evb/arm-none-eabi/apps/experiments/ad_demo/src/ad_demo.o (memcpy)
C:/Program Files (x86)/Arm GNU Toolchain arm-none-eabi/14.3 rel1/bin/../lib/gcc/arm-none-eabi/14.3.1/../../../../arm-none-eabi/lib/thumb/v7e-m+fp/hard\libc.a(libc_a-__atexit.o)
                              C:/Program Files (x86)/Arm GNU Toolchain arm-none-eabi/14.3 rel1/bin/../lib/gcc/arm-none-eabi/14.3.1/../../../../arm-none-eabi/lib/thumb/v7e-m+fp/hard\libc.a(libc_a-atexit.o) (__register_exitproc)
C:/Program Files (x86)/Arm GNU Toolchain arm-none-eabi/14.3 rel1/bin/../lib/gcc/arm-none-eabi/14.3.1/../../../../arm-none-eabi/lib/thumb/v7e-m+fp/hard\libc.a(libc_a-__call_atexit.o)
                              C:/Program Files (x86)/Arm GNU Toolchain arm-none-eabi/14.3 rel1/bin/../lib/gcc/arm-none-eabi/14.3.1/../../../../arm-none-eabi/lib/thumb/v7e-m+fp/hard\libc.a(libc_a-__atexit.o) (__atexit_recursive_mutex)
C:/Program Files (x86)/Arm GNU Toolchain arm-none-eabi/14.3 rel1/bin/../lib/gcc/arm-none-eabi/14.3.1/../../../../arm-none-eabi/lib/thumb/v7e-m+fp/hard\libc.a(libc_a-mallocr.o)
                              C:/Program Files (x86)/Arm GNU Toolchain arm-none-eabi/14.3 rel1/bin/../lib/gcc/arm-none-eabi/14.3.1/../../../../arm-none-eabi/lib/thumb/v7e-m+fp/hard\libc.a(libc_a-signal.o) (_malloc_r)
C:/Program Files (x86)/Arm GNU Toolchain arm-none-eabi/14.3 rel1/bin/../lib/gcc/arm-none-eabi/14.3.1/../../../../arm-none-eabi/lib/thumb/v7e-m+fp/hard\libc.a(libc_a-mlock.o)
                              C:/Program Files (x86)/Arm GNU Toolchain arm-none-eabi/14.3 rel1/bin/../lib/gcc/arm-none-eabi/14.3.1/../../../../arm-none-eabi/lib/thumb/v7e-m+fp/hard\libc.a(libc_a-mallocr.o) (__malloc_lock)
C:/Program Files (x86)/Arm GNU Toolchain arm-none-eabi/14.3 rel1/bin/../lib/gcc/arm-none-eabi/14.3.1/../../../../arm-none-eabi/lib/thumb/v7e-m+fp/hard\libc.a(libc_a-findfp.o)
                              C:/Program Files (x86)/Arm GNU Toolchain arm-none-eabi/14.3 rel1/bin/../lib/gcc/arm-none-eabi/14.3.1/../../../../arm-none-eabi/lib/thumb/v7e-m+fp/hard\libc.a(libc_a-impure.o) (__sf)
C:/Program Files (x86)/Arm GNU Toolchain arm-none-eabi/14.3 rel1/bin/../lib/gcc/arm-none-eabi/14.3.1/../../../../arm-none-eabi/lib/thumb/v7e-m+fp/hard\libc.a(libc_a-fwalk.o)
                              C:/Program Files (x86)/Arm GNU Toolchain arm-none-eabi/14.3 rel1/bin/../lib/gcc/arm-none-eabi/14.3.1/../../../../arm-none-eabi/lib/thumb/v7e-m+fp/hard\libc.a(libc_a-findfp.o) (_fwalk_sglue)
C:/Program Files (x86)/Arm GNU Toolchain arm-none-eabi/14.3 rel1/bin/../lib/gcc/arm-none-eabi/14.3.1/../../../../arm-none-eabi/lib/thumb/v7e-m+fp/hard\libc.a(libc_a-stdio.o)
                              C:/Program Files (x86)/Arm GNU Toolchain arm-none-eabi/14.3 rel1/bin/../lib/gcc/arm-none-eabi/14.3.1/../../../../arm-none-eabi/lib/thumb/v7e-m+fp/hard\libc.a(libc_a-findfp.o) (__sread)
[...]
Memory Configuration

Name             Origin             Length             Attributes
ROMEM            0x0000c000         0x001f4000         xr
RWMEM            0x10015400         0x000adc00         xrw
TCM              0x10000000         0x00010000         xrw
STACKMEM         0x10010000         0x00005400         xrw
*default*        0x00000000         0xffffffff

Linker script and memory map


.text           0x0000c000    0x60538
                0x0000c000                        . = ALIGN (0x4)
 *(.isr_vector .isr_vector.*)
 .isr_vector    0x0000c000       0xc8 build/apollo3p_evb/arm-none-eabi/neuralspot/ns-core/ns-core.a(startup_gcc.o)
                0x0000c000                g_am_pfnVectors
 *(.patch .patch.*)
 .patch         0x0000c0c8       0x38 build/apollo3p_evb/arm-none-eabi/neuralspot/ns-core/ns-core.a(startup_gcc.o)
                0x0000c0c8                __Patchable
 *(.text)
 .text          0x0000c100      0x2e0 C:/Program Files (x86)/Arm GNU Toolchain arm-none-eabi/14.3 rel1/bin/../lib/gcc/arm-none-eabi/14.3.1/../../../../arm-none-eabi/lib/thumb/v7e-m+fp/hard\libc.a(libc_a-strcmp.o)
                0x0000c100                strcmp
 .text          0x0000c3e0      0x134 C:/Program Files (x86)/Arm GNU Toolchain arm-none-eabi/14.3 rel1/bin/../lib/gcc/arm-none-eabi/14.3.1/../../../../arm-none-eabi/lib/thumb/v7e-m+fp/hard\libc.a(libc_a-memcpy.o)
                0x0000c3e0                memcpy
 *fill*         0x0000c514        0xc 
 .text          0x0000c520       0xa0 C:/Program Files (x86)/Arm GNU Toolchain arm-none-eabi/14.3 rel1/bin/../lib/gcc/arm-none-eabi/14.3.1/../../../../arm-none-eabi/lib/thumb/v7e-m+fp/hard\libc.a(libc_a-memchr.o)
                0x0000c520                memchr
 .text          0x0000c5c0       0xd8 C:/Program Files (x86)/Arm GNU Toolchain arm-none-eabi/14.3 rel1/bin/../lib/gcc/arm-none-eabi/14.3.1/../../../../arm-none-eabi/lib/thumb/v7e-m+fp/hard\libc.a(libc_a-strlen.o)
                0x0000c5c0                strlen
 .text          0x0000c698      0x378 C:/Program Files (x86)/Arm GNU Toolchain arm-none-eabi/14.3 rel1/bin/../lib/gcc/arm-none-eabi/14.3.1/thumb/v7e-m+fp/hard\libgcc.a(_arm_addsubdf3.o)
                0x0000c698                __aeabi_drsub
                0x0000c6a0                __aeabi_dsub
                0x0000c6a0                __subdf3
                0x0000c6a4                __aeabi_dadd
                0x0000c6a4                __adddf3
                0x0000c91c                __floatunsidf
                0x0000c91c                __aeabi_ui2d
                0x0000c93c                __floatsidf
                0x0000c93c                __aeabi_i2d
                0x0000c960                __aeabi_f2d
                0x0000c960                __extendsfdf2
                0x0000c9a4                __floatundidf
                0x0000c9a4                __aeabi_ul2d
                0x0000c9b4                __floatdidf
                0x0000c9b4                __aeabi_l2d
 .text          0x0000ca10      0x424 C:/Program Files (x86)/Arm GNU Toolchain arm-none-eabi/14.3 rel1/bin/../lib/gcc/arm-none-eabi/14.3.1/thumb/v7e-m+fp/hard\libgcc.a(_arm_muldivdf3.o)
                0x0000ca10                __aeabi_dmul
                0x0000ca10                __muldf3
                0x0000cc64                __divdf3
                0x0000cc64                __aeabi_ddiv
 .text          0x0000ce34      0x110 C:/Program Files (x86)/Arm GNU Toolchain arm-none-eabi/14.3 rel1/bin/../lib/gcc/arm-none-eabi/14.3.1/thumb/v7e-m+fp/hard\libgcc.a(_arm_cmpdf2.o)
                0x0000ce34                __gtdf2
                0x0000ce34                __gedf2
                0x0000ce3c                __ltdf2
                0x0000ce3c                __ledf2
                0x0000ce44                __nedf2
                0x0000ce44                __eqdf2
                0x0000ce44                __cmpdf2
                0x0000cec0                __aeabi_cdrcmple
                0x0000ced0                __aeabi_cdcmpeq
                0x0000ced0                __aeabi_cdcmple
                0x0000cee0                __aeabi_dcmpeq
                0x0000cef4                __aeabi_dcmplt
                0x0000cf08                __aeabi_dcmple
                0x0000cf1c                __aeabi_dcmpge
                0x0000cf30                __aeabi_dcmpgt
 .text          0x0000cf44       0x2c C:/Program Files (x86)/Arm GNU Toolchain arm-none-eabi/14.3 rel1/bin/../lib/gcc/arm-none-eabi/14.3.1/thumb/v7e-m+fp/hard\libgcc.a(_arm_unorddf2.o)
                0x0000cf44                __unorddf2
                0x0000cf44                __aeabi_dcmpun
 .text          0x0000cf70       0x50 C:/Program Files (x86)/Arm GNU Toolchain arm-none-eabi/14.3 rel1/bin/../lib/gcc/arm-none-eabi/14.3.1/thumb/v7e-m+fp/hard\libgcc.a(_arm_fixdfsi.o)
                0x0000cf70                __aeabi_d2iz
                0x0000cf70                __fixdfsi
 .text          0x0000cfc0       0xa0 C:/Program Files (x86)/Arm GNU Toolchain arm-none-eabi/14.3 rel1/bin/../lib/gcc/arm-none-eabi/14.3.1/thumb/v7e-m+fp/hard\libgcc.a(_arm_truncdfsf2.o)
                0x0000cfc0                __truncdfsf2
                0x0000cfc0                __aeabi_d2f
 .text          0x0000d060      0x198 C:/Program Files (x86)/Arm GNU Toolchain arm-none-eabi/14.3 rel1/bin/../lib/gcc/arm-none-eabi/14.3.1/thumb/v7e-m+fp/hard\libgcc.a(libunwind.o)
                0x0000d060                __restore_core_regs
                0x0000d060                restore_core_regs
                0x0000d078                __gnu_Unwind_Restore_VFP
                0x0000d080                __gnu_Unwind_Save_VFP
                0x0000d088                __gnu_Unwind_Restore_VFP_D
                0x0000d090                __gnu_Unwind_Save_VFP_D
                0x0000d098                __gnu_Unwind_Restore_VFP_D_16_to_31
                0x0000d0a0                __gnu_Unwind_Save_VFP_D_16_to_31
                0x0000d0a8                __gnu_Unwind_Restore_WMMXD
                0x0000d0ec                __gnu_Unwind_Save_WMMXD
                0x0000d130                __gnu_Unwind_Restore_WMMXC
                0x0000d144                __gnu_Unwind_Save_WMMXC
                0x0000d158                ___Unwind_RaiseException
                0x0000d158                _Unwind_RaiseException
                0x0000d178                _Unwind_Resume
                0x0000d178                ___Unwind_Resume
                0x0000d198                _Unwind_Resume_or_Rethrow
                0x0000d198                ___Unwind_Resume_or_Rethrow
                0x0000d1b8                _Unwind_ForcedUnwind
                0x0000d1b8                ___Unwind_ForcedUnwind
                0x0000d1d8                ___Unwind_Backtrace
                0x0000d1d8                _Unwind_Backtrace
 .text          0x0000d1f8       0x40 C:/Program Files (x86)/Arm GNU Toolchain arm-none-eabi/14.3 rel1/bin/../lib/gcc/arm-none-eabi/14.3.1/thumb/v7e-m+fp/hard\libgcc.a(_arm_fixunsdfsi.o)
                0x0000d1f8                __aeabi_d2uiz
                0x0000d1f8                __fixunsdfsi
 *(SORT_BY_NAME(.text.*) .gnu.linkonce.t.*)
 .text.HardFault_Handler
                0x0000d238        0x4 build/apollo3p_evb/arm-none-eabi/neuralspot/ns-core/ns-core.a(startup_gcc.o)
                0x0000d238                UsageFault_Handler
                0x0000d238                MemManage_Handler
                0x0000d238                BusFault_Handler
                0x0000d238                HardFault_Handler
 .text.NMI_Handler
                0x0000d23c        0x4 build/apollo3p_evb/arm-none-eabi/neuralspot/ns-core/ns-core.a(startup_gcc.o)
                0x0000d23c                NMI_Handler
 .text.Reset_Handler
                0x0000d240       0x88 build/apollo3p_evb/arm-none-eabi/neuralspot/ns-core/ns-core.a(startup_gcc.o)
                0x0000d240                Reset_Handler
 .text.TfLiteIntArrayGetSizeInBytes
                0x0000d2c8        0x6 extern/tensorflow/helia_rt_v1_6_0/lib/libtensorflow-microlite-cm4-gcc-release.a(common.o)
                0x0000d2c8                TfLiteIntArrayGetSizeInBytes
 *fill*         0x0000d2ce        0x2 
 .text.TfLiteTypeGetName
                0x0000d2d0       0x18 extern/tensorflow/helia_rt_v1_6_0/lib/libtensorflow-microlite-cm4-gcc-release.a(common.o)
                0x0000d2d0                TfLiteTypeGetName
 .text._Balloc  0x0000d2e8       0x4c C:/Program Files (x86)/Arm GNU Toolchain arm-none-eabi/14.3 rel1/bin/../lib/gcc/arm-none-eabi/14.3.1/../../../../arm-none-eabi/lib/thumb/v7e-m+fp/hard\libc.a(libc_a-mprec.o)
                0x0000d2e8                _Balloc
 .text._Bfree   0x0000d334       0x14 C:/Program Files (x86)/Arm GNU Toolchain arm-none-eabi/14.3 rel1/bin/../lib/gcc/arm-none-eabi/14.3.1/../../../../arm-none-eabi/lib/thumb/v7e-m+fp/hard\libc.a(libc_a-mprec.o)
                0x0000d334                _Bfree
 .text._Unwind_Complete
                0x0000d348        0x4 C:/Program Files (x86)/Arm GNU Toolchain arm-none-eabi/14.3 rel1/bin/../lib/gcc/arm-none-eabi/14.3.1/thumb/v7e-m+fp/hard\libgcc.a(unwind-arm.o)
                0x0000d348                _Unwind_Complete
 .text._Unwind_DebugHook
                0x0000d34c        0x4 C:/Program Files (x86)/Arm GNU Toolchain arm-none-eabi/14.3 rel1/bin/../lib/gcc/arm-none-eabi/14.3.1/thumb/v7e-m+fp/hard\libgcc.a(unwind-arm.o)
 .text._Unwind_DeleteException
                0x0000d350        0xc C:/Program Files (x86)/Arm GNU Toolchain arm-none-eabi/14.3 rel1/bin/../lib/gcc/arm-none-eabi/14.3.1/thumb/v7e-m+fp/hard\libgcc.a(unwind-arm.o)
                0x0000d350                _Unwind_DeleteException
 .text._Unwind_GetCFA
                0x0000d35c        0x4 C:/Program Files (x86)/Arm GNU Toolchain arm-none-eabi/14.3 rel1/bin/../lib/gcc/arm-none-eabi/14.3.1/thumb/v7e-m+fp/hard\libgcc.a(unwind-arm.o)
                0x0000d35c                _Unwind_GetCFA
 .text._Unwind_GetGR
                0x0000d360       0x1c C:/Program Files (x86)/Arm GNU Toolchain arm-none-eabi/14.3 rel1/bin/../lib/gcc/arm-none-eabi/14.3.1/thumb/v7e-m+fp/hard\libgcc.a(unwind-arm.o)
 .text._Unwind_GetGR.constprop.0
                0x0000d37c       0x1c C:/Program Files (x86)/Arm GNU Toolchain arm-none-eabi/14.3 rel1/bin/../lib/gcc/arm-none-eabi/14.3.1/thumb/v7e-m+fp/hard\libgcc.a(pr-support.o)
 .text._Unwind_GetLanguageSpecificData
                0x0000d398       0x14 C:/Program Files (x86)/Arm GNU Toolchain arm-none-eabi/14.3 rel1/bin/../lib/gcc/arm-none-eabi/14.3.1/thumb/v7e-m+fp/hard\libgcc.a(pr-support.o)
                0x0000d398                _Unwind_GetLanguageSpecificData
 .text._Unwind_GetRegionStart
                0x0000d3ac        0xc C:/Program Files (x86)/Arm GNU Toolchain arm-none-eabi/14.3 rel1/bin/../lib/gcc/arm-none-eabi/14.3.1/thumb/v7e-m+fp/hard\libgcc.a(pr-support.o)
                0x0000d3ac                _Unwind_GetRegionStart
 .text._Unwind_SetGR
                0x0000d3b8       0x18 C:/Program Files (x86)/Arm GNU Toolchain arm-none-eabi/14.3 rel1/bin/../lib/gcc/arm-none-eabi/14.3.1/thumb/v7e-m+fp/hard\libgcc.a(unwind-arm.o)
 .text._Unwind_VRS_Get
                0x0000d3d0       0x34 C:/Program Files (x86)/Arm GNU Toolchain arm-none-eabi/14.3 rel1/bin/../lib/gcc/arm-none-eabi/14.3.1/thumb/v7e-m+fp/hard\libgcc.a(unwind-arm.o)
                0x0000d3d0                _Unwind_VRS_Get
 .text._Unwind_VRS_Pop
                0x0000d404      0x2ec C:/Program Files (x86)/Arm GNU Toolchain arm-none-eabi/14.3 rel1/bin/../lib/gcc/arm-none-eabi/14.3.1/thumb/v7e-m+fp/hard\libgcc.a(unwind-arm.o)
                0x0000d404                _Unwind_VRS_Pop
 .text._Unwind_VRS_Set
                0x0000d6f0       0x34 C:/Program Files (x86)/Arm GNU Toolchain arm-none-eabi/14.3 rel1/bin/../lib/gcc/arm-none-eabi/14.3.1/thumb/v7e-m+fp/hard\libgcc.a(unwind-arm.o)
                0x0000d6f0                _Unwind_VRS_Set
 .text._Unwind_decode_typeinfo_ptr.constprop.0
                0x0000d724        0xc C:/Program Files (x86)/Arm GNU Toolchain arm-none-eabi/14.3 rel1/bin/../lib/gcc/arm-none-eabi/14.3.1/thumb/v7e-m+fp/hard\libgcc.a(unwind-arm.o)
 .text._Z28ad01_int8_aligned_power_initP16ns_model_state_t
                0x0000d730      0x2f0 build/apollo3p_evb/arm-none-eabi/apps/experiments/ad_demo/src/ad01_int8_aligned_power_model.o
                0x0000d730                ad01_int8_aligned_power_init(ns_model_state_t*)
 .text._Z36ad01_int8_aligned_power_minimal_initP16ns_model_state_t
                0x0000da20       0x4c build/apollo3p_evb/arm-none-eabi/apps/experiments/ad_demo/src/ad01_int8_aligned_power_model.o
                0x0000da20                ad01_int8_aligned_power_minimal_init(ns_model_state_t*)
 .text._ZGTtNKSt13bad_exceptionD1Ev
                0x0000da6c        0x4 C:/Program Files (x86)/Arm GNU Toolchain arm-none-eabi/14.3 rel1/bin/../lib/gcc/arm-none-eabi/14.3.1/../../../../arm-none-eabi/lib/thumb/v7e-m+fp/hard\libstdc++.a(eh_exception.o)
                0x0000da6c                transaction clone for std::bad_exception::~bad_exception() const
 .text._ZGTtNKSt9exceptionD1Ev
                0x0000da70        0x4 C:/Program Files (x86)/Arm GNU Toolchain arm-none-eabi/14.3 rel1/bin/../lib/gcc/arm-none-eabi/14.3.1/../../../../arm-none-eabi/lib/thumb/v7e-m+fp/hard\libstdc++.a(eh_exception.o)
                0x0000da70                transaction clone for std::exception::~exception() const
 .text._ZL17parse_lsda_headerP15_Unwind_ContextPKhP16lsda_header_info
                0x0000da74       0x90 C:/Program Files (x86)/Arm GNU Toolchain arm-none-eabi/14.3 rel1/bin/../lib/gcc/arm-none-eabi/14.3.1/../../../../arm-none-eabi/lib/thumb/v7e-m+fp/hard\libstdc++.a(eh_personality.o)
 .text._ZL21base_of_encoded_valuehP15_Unwind_Context
                0x0000db04       0x44 C:/Program Files (x86)/Arm GNU Toolchain arm-none-eabi/14.3 rel1/bin/../lib/gcc/arm-none-eabi/14.3.1/../../../../arm-none-eabi/lib/thumb/v7e-m+fp/hard\libstdc++.a(eh_personality.o)
 .text._ZL23__gxx_exception_cleanup19_Unwind_Reason_CodeP21_Unwind_Control_Block
                0x0000db48       0x44 C:/Program Files (x86)/Arm GNU Toolchain arm-none-eabi/14.3 rel1/bin/../lib/gcc/arm-none-eabi/14.3.1/../../../../arm-none-eabi/lib/thumb/v7e-m+fp/hard\libstdc++.a(eh_throw.o)
 .text._ZL28read_encoded_value_with_basehjPKhPj
                0x0000db8c       0xc0 C:/Program Files (x86)/Arm GNU Toolchain arm-none-eabi/14.3 rel1/bin/../lib/gcc/arm-none-eabi/14.3.1/../../../../arm-none-eabi/lib/thumb/v7e-m+fp/hard\libstdc++.a(eh_personality.o)
 .text._ZN10__cxxabiv111__terminateEPFvvE
                0x0000dc4c       0x10 C:/Program Files (x86)/Arm GNU Toolchain arm-none-eabi/14.3 rel1/bin/../lib/gcc/arm-none-eabi/14.3.1/../../../../arm-none-eabi/lib/thumb/v7e-m+fp/hard\libstdc++.a(eh_terminate.o)
                0x0000dc4c                __cxxabiv1::__terminate(void (*)())
 .text._ZN10__cxxabiv112__unexpectedEPFvvE
                0x0000dc5c        0x8 C:/Program Files (x86)/Arm GNU Toolchain arm-none-eabi/14.3 rel1/bin/../lib/gcc/arm-none-eabi/14.3.1/../../../../arm-none-eabi/lib/thumb/v7e-m+fp/hard\libstdc++.a(eh_terminate.o)
                0x0000dc5c                __cxxabiv1::__unexpected(void (*)())
 .text._ZN10__cxxabiv115__forced_unwindD0Ev
                0x0000dc64       0x10 C:/Program Files (x86)/Arm GNU Toolchain arm-none-eabi/14.3 rel1/bin/../lib/gcc/arm-none-eabi/14.3.1/../../../../arm-none-eabi/lib/thumb/v7e-m+fp/hard\libstdc++.a(eh_exception.o)
                0x0000dc64                __cxxabiv1::__forced_unwind::~__forced_unwind()
 .text._ZN10__cxxabiv115__forced_unwindD2Ev
                0x0000dc74        0x4 C:/Program Files (x86)/Arm GNU Toolchain arm-none-eabi/14.3 rel1/bin/../lib/gcc/arm-none-eabi/14.3.1/../../../../arm-none-eabi/lib/thumb/v7e-m+fp/hard\libstdc++.a(eh_exception.o)
                0x0000dc74                __cxxabiv1::__forced_unwind::~__forced_unwind()
                0x0000dc74                __cxxabiv1::__forced_unwind::~__forced_unwind()
 .text._ZN10__cxxabiv117__class_type_infoD0Ev
                0x0000dc78       0x1c C:/Program Files (x86)/Arm GNU Toolchain arm-none-eabi/14.3 rel1/bin/../lib/gcc/arm-none-eabi/14.3.1/../../../../arm-none-eabi/lib/thumb/v7e-m+fp/hard\libstdc++.a(class_type_info.o)
                0x0000dc78                __cxxabiv1::__class_type_info::~__class_type_info()
 .text._ZN10__cxxabiv117__class_type_infoD2Ev
                0x0000dc94       0x14 C:/Program Files (x86)/Arm GNU Toolchain arm-none-eabi/14.3 rel1/bin/../lib/gcc/arm-none-eabi/14.3.1/../../../../arm-none-eabi/lib/thumb/v7e-m+fp/hard\libstdc++.a(class_type_info.o)
                0x0000dc94                __cxxabiv1::__class_type_info::~__class_type_info()
                0x0000dc94                __cxxabiv1::__class_type_info::~__class_type_info()
 .text._ZN10__cxxabiv119__foreign_exceptionD0Ev
                0x0000dca8       0x10 C:/Program Files (x86)/Arm GNU Toolchain arm-none-eabi/14.3 rel1/bin/../lib/gcc/arm-none-eabi/14.3.1/../../../../arm-none-eabi/lib/thumb/v7e-m+fp/hard\libstdc++.a(eh_exception.o)
                0x0000dca8                __cxxabiv1::__foreign_exception::~__foreign_exception()
 .text._ZN10__cxxabiv119__foreign_exceptionD2Ev
                0x0000dcb8        0x4 C:/Program Files (x86)/Arm GNU Toolchain arm-none-eabi/14.3 rel1/bin/../lib/gcc/arm-none-eabi/14.3.1/../../../../arm-none-eabi/lib/thumb/v7e-m+fp/hard\libstdc++.a(eh_exception.o)
                0x0000dcb8                __cxxabiv1::__foreign_exception::~__foreign_exception()
                0x0000dcb8                __cxxabiv1::__foreign_exception::~__foreign_exception()
 .text._ZN10__cxxabiv120__si_class_type_infoD0Ev
                0x0000dcbc       0x1c C:/Program Files (x86)/Arm GNU Toolchain arm-none-eabi/14.3 rel1/bin/../lib/gcc/arm-none-eabi/14.3.1/../../../../arm-none-eabi/lib/thumb/v7e-m+fp/hard\libstdc++.a(si_class_type_info.o)
                0x0000dcbc                __cxxabiv1::__si_class_type_info::~__si_class_type_info()
 .text._ZN10__cxxabiv120__si_class_type_infoD2Ev
                0x0000dcd8       0x14 C:/Program Files (x86)/Arm GNU Toolchain arm-none-eabi/14.3 rel1/bin/../lib/gcc/arm-none-eabi/14.3.1/../../../../arm-none-eabi/lib/thumb/v7e-m+fp/hard\libstdc++.a(si_class_type_info.o)
                0x0000dcd8                __cxxabiv1::__si_class_type_info::~__si_class_type_info()
                0x0000dcd8                __cxxabiv1::__si_class_type_info::~__si_class_type_info()
 .text._ZN11flatbuffers5Table10GetPointerIPKNS_6VectorIlmEEmEET_t
                0x0000dcec       0x12 extern/tensorflow/helia_rt_v1_6_0/lib/libtensorflow-microlite-cm4-gcc-release.a(micro_interpreter.o)
                0x0000dcec                flatbuffers::Vector<long, unsigned long> const* flatbuffers::Table::GetPointer<flatbuffers::Vector<long, unsigned long> const*, unsigned long>(unsigned short)
 *fill*         0x0000dcfe        0x2 
 .text._ZN12_GLOBAL__N_14pool4freeEPv.constprop.0
                0x0000dd00       0x8c C:/Program Files (x86)/Arm GNU Toolchain arm-none-eabi/14.3 rel1/bin/../lib/gcc/arm-none-eabi/14.3.1/../../../../arm-none-eabi/lib/thumb/v7e-m+fp/hard\libstdc++.a(eh_alloc.o)
 .text._ZN12_GLOBAL__N_14pool8allocateEj.constprop.0
                0x0000dd8c       0x5c C:/Program Files (x86)/Arm GNU Toolchain arm-none-eabi/14.3 rel1/bin/../lib/gcc/arm-none-eabi/14.3.1/../../../../arm-none-eabi/lib/thumb/v7e-m+fp/hard\libstdc++.a(eh_alloc.o)
 .text._ZN6tflite11AlignSizeUpEjj
                0x0000dde8        0xe extern/tensorflow/helia_rt_v1_6_0/lib/libtensorflow-microlite-cm4-gcc-release.a(memory_helpers.o)
                0x0000dde8                tflite::AlignSizeUp(unsigned int, unsigned int)
 .text._ZN6tflite12MicroContext23AllocateTempInputTensorEPK10TfLiteNodei
                0x0000ddf6       0x2a extern/tensorflow/helia_rt_v1_6_0/lib/libtensorflow-microlite-cm4-gcc-release.a(micro_context.o)
                0x0000ddf6                tflite::MicroContext::AllocateTempInputTensor(TfLiteNode const*, int)
 .text._ZN6tflite12MicroContext24AllocateTempOutputTensorEPK10TfLiteNodei
                0x0000de20       0x2a extern/tensorflow/helia_rt_v1_6_0/lib/libtensorflow-microlite-cm4-gcc-release.a(micro_context.o)
                0x0000de20                tflite::MicroContext::AllocateTempOutputTensor(TfLiteNode const*, int)
 *fill*         0x0000de4a        0x2 
 .text._ZN6tflite12_GLOBAL__N_117EvalQuantizedInt4EP13TfLiteContextP10TfLiteNodeRKNS0_6OpDataEPK16TfLiteEvalTensorSA_SA_PS8_.isra.0
                0x0000de4c       0xb0 extern/tensorflow/helia_rt_v1_6_0/lib/libtensorflow-microlite-cm4-gcc-release.a(fully_connected.o)
 .text._ZN6tflite12_GLOBAL__N_117EvalQuantizedInt8EP13TfLiteContextP10TfLiteNodeRKNS0_6OpDataEPK16TfLiteEvalTensorSA_SA_PS8_.isra.0
                0x0000defc      0x1b8 extern/tensorflow/helia_rt_v1_6_0/lib/libtensorflow-microlite-cm4-gcc-release.a(fully_connected.o)
 .text._ZN6tflite12_GLOBAL__N_118EvalQuantizedInt16EP13TfLiteContextP10TfLiteNodeRKNS0_6OpDataEPK16TfLiteEvalTensorSA_SA_PS8_.isra.0
                0x0000e0b4       0xb4 extern/tensorflow/helia_rt_v1_6_0/lib/libtensorflow-microlite-cm4-gcc-release.a(fully_connected.o)
 .text._ZN6tflite12_GLOBAL__N_124SafeBuiltinDataAllocator18BuiltinDataDeleterclEPv.isra.0
                0x0000e168        0x6 extern/tensorflow/helia_rt_v1_6_0/lib/libtensorflow-microlite-cm4-gcc-release.a(flatbuffer_conversions.o)
 .text._ZN6tflite12_GLOBAL__N_125MicroBuiltinDataAllocator10DeallocateEPv
                0x0000e16e        0x2 extern/tensorflow/helia_rt_v1_6_0/lib/libtensorflow-microlite-cm4-gcc-release.a(micro_allocator.o)
 .text._ZN6tflite12_GLOBAL__N_125MicroBuiltinDataAllocator8AllocateEjj
                0x0000e170        0x8 extern/tensorflow/helia_rt_v1_6_0/lib/libtensorflow-microlite-cm4-gcc-release.a(micro_allocator.o)
 .text._ZN6tflite12_GLOBAL__N_125MicroBuiltinDataAllocatorD0Ev
                0x0000e178        0x2 extern/tensorflow/helia_rt_v1_6_0/lib/libtensorflow-microlite-cm4-gcc-release.a(micro_allocator.o)
 *fill*         0x0000e17a        0x2 
 .text._ZN6tflite12_GLOBAL__N_14EvalEP13TfLiteContextP10TfLiteNode
                0x0000e17c      0x204 extern/tensorflow/helia_rt_v1_6_0/lib/libtensorflow-microlite-cm4-gcc-release.a(fully_connected.o)
 .text._ZN6tflite12_GLOBAL__N_14InitEP13TfLiteContextPKcj
                0x0000e380        0x8 extern/tensorflow/helia_rt_v1_6_0/lib/libtensorflow-microlite-cm4-gcc-release.a(fully_connected.o)
 .text._ZN6tflite12_GLOBAL__N_17PrepareEP13TfLiteContextP10TfLiteNode
                0x0000e388      0x26c extern/tensorflow/helia_rt_v1_6_0/lib/libtensorflow-microlite-cm4-gcc-release.a(fully_connected.o)
 .text._ZN6tflite12_GLOBAL__N_18QuantizeEP13TfLiteContextflfRl.isra.0
                0x0000e5f4       0x48 extern/tensorflow/helia_rt_v1_6_0/lib/libtensorflow-microlite-cm4-gcc-release.a(kernel_util.o)
 .text._ZN6tflite14AlignPointerUpEPhj
                0x0000e63c        0xc extern/tensorflow/helia_rt_v1_6_0/lib/libtensorflow-microlite-cm4-gcc-release.a(memory_helpers.o)
                0x0000e63c                tflite::AlignPointerUp(unsigned char*, unsigned int)
 .text._ZN6tflite14GetBuiltinCodeEPKNS_12OperatorCodeE
                0x0000e648       0x2c extern/tensorflow/helia_rt_v1_6_0/lib/libtensorflow-microlite-cm4-gcc-release.a(schema_utils.o)
                0x0000e648                tflite::GetBuiltinCode(tflite::OperatorCode const*)
 .text._ZN6tflite14GetTensorShapeEPK12TfLiteTensor
                0x0000e674       0x1e extern/tensorflow/helia_rt_v1_6_0/lib/libtensorflow-microlite-cm4-gcc-release.a(tensor_ctypes.o)
                0x0000e674                tflite::GetTensorShape(TfLiteTensor const*)
 .text._ZN6tflite14MicroAllocator17AllocateVariablesEPKNS_8SubGraphEP16TfLiteEvalTensorPKl
                0x0000e692       0x66 extern/tensorflow/helia_rt_v1_6_0/lib/libtensorflow-microlite-cm4-gcc-release.a(micro_allocator.o)
                0x0000e692                tflite::MicroAllocator::AllocateVariables(tflite::SubGraph const*, TfLiteEvalTensor*, long const*)
 .text._ZN6tflite14MicroAllocator18AllocateTempBufferEjj
                0x0000e6f8        0x8 extern/tensorflow/helia_rt_v1_6_0/lib/libtensorflow-microlite-cm4-gcc-release.a(micro_allocator.o)
                0x0000e6f8                tflite::MicroAllocator::AllocateTempBuffer(unsigned int, unsigned int)
 .text._ZN6tflite14MicroAllocator20DeallocateTempBufferEPh
                0x0000e700        0x8 extern/tensorflow/helia_rt_v1_6_0/lib/libtensorflow-microlite-cm4-gcc-release.a(micro_allocator.o)
                0x0000e700                tflite::MicroAllocator::DeallocateTempBuffer(unsigned char*)
 .text._ZN6tflite14MicroAllocator20IsAllTempDeallocatedEv
                0x0000e708        0x8 extern/tensorflow/helia_rt_v1_6_0/lib/libtensorflow-microlite-cm4-gcc-release.a(micro_allocator.o)
                0x0000e708                tflite::MicroAllocator::IsAllTempDeallocated()
 .text._ZN6tflite14MicroAllocator20ResetTempAllocationsEv
                0x0000e710        0x8 extern/tensorflow/helia_rt_v1_6_0/lib/libtensorflow-microlite-cm4-gcc-release.a(micro_allocator.o)
                0x0000e710                tflite::MicroAllocator::ResetTempAllocations()
 .text._ZN6tflite14MicroAllocator20StartModelAllocationEPKNS_5ModelE
                0x0000e718       0x78 extern/tensorflow/helia_rt_v1_6_0/lib/libtensorflow-microlite-cm4-gcc-release.a(micro_allocator.o)
                0x0000e718                tflite::MicroAllocator::StartModelAllocation(tflite::Model const*)
 .text._ZN6tflite14MicroAllocator21FinishModelAllocationEPKNS_5ModelEPNS_19SubgraphAllocationsEPPNS_19ScratchBufferHandleE
                0x0000e790       0x38 extern/tensorflow/helia_rt_v1_6_0/lib/libtensorflow-microlite-cm4-gcc-release.a(micro_allocator.o)
                0x0000e790                tflite::MicroAllocator::FinishModelAllocation(tflite::Model const*, tflite::SubgraphAllocations*, tflite::ScratchBufferHandle**)
 .text._ZN6tflite14MicroAllocator21InitScratchBufferDataEv
                0x0000e7c8       0x1e extern/tensorflow/helia_rt_v1_6_0/lib/libtensorflow-microlite-cm4-gcc-release.a(micro_allocator.o)
                0x0000e7c8                tflite::MicroAllocator::InitScratchBufferData()
 .text._ZN6tflite14MicroAllocator22CommitStaticMemoryPlanEPKNS_5ModelEPNS_19SubgraphAllocationsEPNS_19ScratchBufferHandleE
                0x0000e7e6      0x1ba extern/tensorflow/helia_rt_v1_6_0/lib/libtensorflow-microlite-cm4-gcc-release.a(micro_allocator.o)
                0x0000e7e6                tflite::MicroAllocator::CommitStaticMemoryPlan(tflite::Model const*, tflite::SubgraphAllocations*, tflite::ScratchBufferHandle*)
 .text._ZN6tflite14MicroAllocator23GetBuiltinDataAllocatorEv
                0x0000e9a0        0x4 extern/tensorflow/helia_rt_v1_6_0/lib/libtensorflow-microlite-cm4-gcc-release.a(micro_allocator.o)
                0x0000e9a0                tflite::MicroAllocator::GetBuiltinDataAllocator()
 .text._ZN6tflite14MicroAllocator24AllocatePersistentBufferEj
                0x0000e9a4        0xa extern/tensorflow/helia_rt_v1_6_0/lib/libtensorflow-microlite-cm4-gcc-release.a(micro_allocator.o)
                0x0000e9a4                tflite::MicroAllocator::AllocatePersistentBuffer(unsigned int)
 .text._ZN6tflite14MicroAllocator24AllocateTempTfLiteTensorEPKNS_5ModelEPKNS_19SubgraphAllocationsEii
                0x0000e9ae       0x5e extern/tensorflow/helia_rt_v1_6_0/lib/libtensorflow-microlite-cm4-gcc-release.a(micro_allocator.o)
                0x0000e9ae                tflite::MicroAllocator::AllocateTempTfLiteTensor(tflite::Model const*, tflite::SubgraphAllocations const*, int, int)
 .text._ZN6tflite14MicroAllocator24GetScratchBufferRequestsEv
                0x0000ea0c        0x8 extern/tensorflow/helia_rt_v1_6_0/lib/libtensorflow-microlite-cm4-gcc-release.a(micro_allocator.o)
                0x0000ea0c                tflite::MicroAllocator::GetScratchBufferRequests()
 .text._ZN6tflite14MicroAllocator25AllocateTfLiteEvalTensorsEPKNS_5ModelEPNS_19SubgraphAllocationsE
                0x0000ea14       0x9e extern/tensorflow/helia_rt_v1_6_0/lib/libtensorflow-microlite-cm4-gcc-release.a(micro_allocator.o)
                0x0000ea14                tflite::MicroAllocator::AllocateTfLiteEvalTensors(tflite::Model const*, tflite::SubgraphAllocations*)
 .text._ZN6tflite14MicroAllocator26DeallocateTempTfLiteTensorEP12TfLiteTensor
                0x0000eab2       0x3a extern/tensorflow/helia_rt_v1_6_0/lib/libtensorflow-microlite-cm4-gcc-release.a(micro_allocator.o)
                0x0000eab2                tflite::MicroAllocator::DeallocateTempTfLiteTensor(TfLiteTensor*)
 .text._ZN6tflite14MicroAllocator27RequestScratchBufferInArenaEjiPi
                0x0000eaec       0x50 extern/tensorflow/helia_rt_v1_6_0/lib/libtensorflow-microlite-cm4-gcc-release.a(micro_allocator.o)
                0x0000eaec                tflite::MicroAllocator::RequestScratchBufferInArena(unsigned int, int, int*)
 .text._ZN6tflite14MicroAllocator28AllocateNodeAndRegistrationsEPKNS_5ModelEPNS_19SubgraphAllocationsE
                0x0000eb3c       0x4c extern/tensorflow/helia_rt_v1_6_0/lib/libtensorflow-microlite-cm4-gcc-release.a(micro_allocator.o)
                0x0000eb3c                tflite::MicroAllocator::AllocateNodeAndRegistrations(tflite::Model const*, tflite::SubgraphAllocations*)
 .text._ZN6tflite14MicroAllocator28AllocateScratchBufferHandlesEPPNS_19ScratchBufferHandleEj
                0x0000eb88       0x1c extern/tensorflow/helia_rt_v1_6_0/lib/libtensorflow-microlite-cm4-gcc-release.a(micro_allocator.o)
                0x0000eb88                tflite::MicroAllocator::AllocateScratchBufferHandles(tflite::ScratchBufferHandle**, unsigned int)
 .text._ZN6tflite14MicroAllocator28FinishPrepareNodeAllocationsEi
                0x0000eba4       0x42 extern/tensorflow/helia_rt_v1_6_0/lib/libtensorflow-microlite-cm4-gcc-release.a(micro_allocator.o)
                0x0000eba4                tflite::MicroAllocator::FinishPrepareNodeAllocations(int)
 .text._ZN6tflite14MicroAllocator30AllocatePersistentTfLiteTensorEPKNS_5ModelEPKNS_19SubgraphAllocationsEii
                0x0000ebe6       0x58 extern/tensorflow/helia_rt_v1_6_0/lib/libtensorflow-microlite-cm4-gcc-release.a(micro_allocator.o)
                0x0000ebe6                tflite::MicroAllocator::AllocatePersistentTfLiteTensor(tflite::Model const*, tflite::SubgraphAllocations const*, int, int)
 .text._ZN6tflite14MicroAllocator34PopulateTfLiteTensorFromFlatbufferEPKNS_5ModelEP12TfLiteTensoriib
                0x0000ec3e       0x5e extern/tensorflow/helia_rt_v1_6_0/lib/libtensorflow-microlite-cm4-gcc-release.a(micro_allocator.o)
                0x0000ec3e                tflite::MicroAllocator::PopulateTfLiteTensorFromFlatbuffer(tflite::Model const*, TfLiteTensor*, int, int, bool)
 .text._ZN6tflite14MicroAllocator38AllocatePersistentTfLiteTensorInternalEv
                0x0000ec9c        0xc extern/tensorflow/helia_rt_v1_6_0/lib/libtensorflow-microlite-cm4-gcc-release.a(micro_allocator.o)
                0x0000ec9c                tflite::MicroAllocator::AllocatePersistentTfLiteTensorInternal()
 .text._ZN6tflite14MicroAllocator6CreateEPNS_26SingleArenaBufferAllocatorEPNS_18MicroMemoryPlannerE
                0x0000eca8       0x30 extern/tensorflow/helia_rt_v1_6_0/lib/libtensorflow-microlite-cm4-gcc-release.a(micro_allocator.o)
                0x0000eca8                tflite::MicroAllocator::Create(tflite::SingleArenaBufferAllocator*, tflite::MicroMemoryPlanner*)
 .text._ZN6tflite14MicroAllocator6CreateEPhjNS_17MemoryPlannerTypeE
                0x0000ecd8       0x56 extern/tensorflow/helia_rt_v1_6_0/lib/libtensorflow-microlite-cm4-gcc-release.a(micro_allocator.o)
                0x0000ecd8                tflite::MicroAllocator::Create(unsigned char*, unsigned int, tflite::MemoryPlannerType)
 .text._ZN6tflite14MicroAllocator6CreateEPhjPNS_18MicroMemoryPlannerE
                0x0000ed2e       0x20 extern/tensorflow/helia_rt_v1_6_0/lib/libtensorflow-microlite-cm4-gcc-release.a(micro_allocator.o)
                0x0000ed2e                tflite::MicroAllocator::Create(unsigned char*, unsigned int, tflite::MicroMemoryPlanner*)
 .text._ZN6tflite14MicroAllocatorD0Ev
                0x0000ed4e        0x2 extern/tensorflow/helia_rt_v1_6_0/lib/libtensorflow-microlite-cm4-gcc-release.a(micro_allocator.o)
                0x0000ed4e                tflite::MicroAllocator::~MicroAllocator()
                0x0000ed4e                tflite::MicroAllocator::~MicroAllocator()
                0x0000ed4e                tflite::MicroAllocator::~MicroAllocator()
 .text._ZN6tflite16AlignPointerDownEPhj
                0x0000ed50        0x8 extern/tensorflow/helia_rt_v1_6_0/lib/libtensorflow-microlite-cm4-gcc-release.a(memory_helpers.o)
                0x0000ed50                tflite::AlignPointerDown(unsigned char*, unsigned int)
 .text._ZN6tflite16InitializeTargetEv
                0x0000ed58        0x2 extern/tensorflow/helia_rt_v1_6_0/lib/libtensorflow-microlite-cm4-gcc-release.a(system_setup.o)
                0x0000ed58                tflite::InitializeTarget()
 .text._ZN6tflite16MicroInterpreter15AllocateTensorsEv
                0x0000ed5a      0x1ac extern/tensorflow/helia_rt_v1_6_0/lib/libtensorflow-microlite-cm4-gcc-release.a(micro_interpreter.o)
                0x0000ed5a                tflite::MicroInterpreter::AllocateTensors()
 .text._ZN6tflite16MicroInterpreter44PrepareNodeAndRegistrationDataFromFlatbufferEv
                0x0000ef06      0x1ae extern/tensorflow/helia_rt_v1_6_0/lib/libtensorflow-microlite-cm4-gcc-release.a(micro_interpreter.o)
                0x0000ef06                tflite::MicroInterpreter::PrepareNodeAndRegistrationDataFromFlatbuffer()
 .text._ZN6tflite16MicroInterpreter4InitEPNS_22MicroProfilerInterfaceE
                0x0000f0b4       0x58 extern/tensorflow/helia_rt_v1_6_0/lib/libtensorflow-microlite-cm4-gcc-release.a(micro_interpreter.o)
                0x0000f0b4                tflite::MicroInterpreter::Init(tflite::MicroProfilerInterface*)
 .text._ZN6tflite16MicroInterpreter5ResetEv
                0x0000f10c       0x1a extern/tensorflow/helia_rt_v1_6_0/lib/libtensorflow-microlite-cm4-gcc-release.a(micro_interpreter.o)
                0x0000f10c                tflite::MicroInterpreter::Reset()
 .text._ZN6tflite16MicroInterpreter5inputEj
                0x0000f126       0x1c extern/tensorflow/helia_rt_v1_6_0/lib/libtensorflow-microlite-cm4-gcc-release.a(micro_interpreter.o)
                0x0000f126                tflite::MicroInterpreter::input(unsigned int)
 .text._ZN6tflite16MicroInterpreter6InvokeEv
                0x0000f142       0x2c extern/tensorflow/helia_rt_v1_6_0/lib/libtensorflow-microlite-cm4-gcc-release.a(micro_interpreter.o)
                0x0000f142                tflite::MicroInterpreter::Invoke()
 .text._ZN6tflite16MicroInterpreter6outputEj
                0x0000f16e       0x1c extern/tensorflow/helia_rt_v1_6_0/lib/libtensorflow-microlite-cm4-gcc-release.a(micro_interpreter.o)
                0x0000f16e                tflite::MicroInterpreter::output(unsigned int)
 .text._ZN6tflite16MicroInterpreterC2EPKNS_5ModelERKNS_15MicroOpResolverEPhjPNS_22MicroResourceVariablesEPNS_22MicroProfilerInterfaceEb
                0x0000f18a       0x6a extern/tensorflow/helia_rt_v1_6_0/lib/libtensorflow-microlite-cm4-gcc-release.a(micro_interpreter.o)
                0x0000f18a                tflite::MicroInterpreter::MicroInterpreter(tflite::Model const*, tflite::MicroOpResolver const&, unsigned char*, unsigned int, tflite::MicroResourceVariables*, tflite::MicroProfilerInterface*, bool)
                0x0000f18a                tflite::MicroInterpreter::MicroInterpreter(tflite::Model const*, tflite::MicroOpResolver const&, unsigned char*, unsigned int, tflite::MicroResourceVariables*, tflite::MicroProfilerInterface*, bool)
 .text._ZN6tflite16MicroInterpreterD2Ev
                0x0000f1f4       0x26 extern/tensorflow/helia_rt_v1_6_0/lib/libtensorflow-microlite-cm4-gcc-release.a(micro_interpreter.o)
                0x0000f1f4                tflite::MicroInterpreter::~MicroInterpreter()
                0x0000f1f4                tflite::MicroInterpreter::~MicroInterpreter()
 *fill*         0x0000f21a        0x2 
 .text._ZN6tflite16TfLiteTypeSizeOfE10TfLiteTypePj
                0x0000f21c       0x78 extern/tensorflow/helia_rt_v1_6_0/lib/libtensorflow-microlite-cm4-gcc-release.a(memory_helpers.o)
                0x0000f21c                tflite::TfLiteTypeSizeOf(TfLiteType, unsigned int*)
 .text._ZN6tflite17ConvertTensorTypeENS_10TensorTypeEP10TfLiteType
                0x0000f294       0x18 extern/tensorflow/helia_rt_v1_6_0/lib/libtensorflow-microlite-cm4-gcc-release.a(flatbuffer_conversions_bridge.o)
                0x0000f294                tflite::ConvertTensorType(tflite::TensorType, TfLiteType*)
 .text._ZN6tflite17ConvertTensorTypeENS_10TensorTypeEP10TfLiteTypePNS_13ErrorReporterE
                0x0000f2ac       0x72 extern/tensorflow/helia_rt_v1_6_0/lib/libtensorflow-microlite-cm4-gcc-release.a(flatbuffer_conversions.o)
                0x0000f2ac                tflite::ConvertTensorType(tflite::TensorType, TfLiteType*, tflite::ErrorReporter*)
 .text._ZN6tflite18MicroErrorReporter6ReportEPKcSt9__va_list
                0x0000f31e        0x4 extern/tensorflow/helia_rt_v1_6_0/lib/libtensorflow-microlite-cm4-gcc-release.a(micro_error_reporter.o)
                0x0000f31e                tflite::MicroErrorReporter::Report(char const*, std::__va_list)
 .text._ZN6tflite18MicroErrorReporterD0Ev
                0x0000f322        0x2 extern/tensorflow/helia_rt_v1_6_0/lib/libtensorflow-microlite-cm4-gcc-release.a(micro_error_reporter.o)
                0x0000f322                tflite::MicroErrorReporter::~MicroErrorReporter()
                0x0000f322                tflite::MicroErrorReporter::~MicroErrorReporter()
                0x0000f322                tflite::MicroErrorReporter::~MicroErrorReporter()
 .text._ZN6tflite18MicroMemoryPlanner15PrintMemoryPlanEv
                0x0000f324        0x2 extern/tensorflow/helia_rt_v1_6_0/lib/libtensorflow-microlite-cm4-gcc-release.a(linear_memory_planner.o)
                0x0000f324                tflite::MicroMemoryPlanner::PrintMemoryPlan()
 .text._ZN6tflite18MicroMemoryPlanner4InitEPhi
                0x0000f326        0x4 extern/tensorflow/helia_rt_v1_6_0/lib/libtensorflow-microlite-cm4-gcc-release.a(linear_memory_planner.o)
                0x0000f326                tflite::MicroMemoryPlanner::Init(unsigned char*, int)
 .text._ZN6tflite18MicroMemoryPlanner9AddBufferEiiii
                0x0000f32a        0x4 extern/tensorflow/helia_rt_v1_6_0/lib/libtensorflow-microlite-cm4-gcc-release.a(linear_memory_planner.o)
                0x0000f32a                tflite::MicroMemoryPlanner::AddBuffer(int, int, int, int)
 *fill*         0x0000f32e        0x2 
 .text._ZN6tflite18QuantizeMultiplierEdPlPi
                0x0000f330       0x90 extern/tensorflow/helia_rt_v1_6_0/lib/libtensorflow-microlite-cm4-gcc-release.a(quantization_util.o)
                0x0000f330                tflite::QuantizeMultiplier(double, long*, int*)
 .text._ZN6tflite18ReverseSortInPlaceEPiS0_i
                0x0000f3c0       0x3a extern/tensorflow/helia_rt_v1_6_0/lib/libtensorflow-microlite-cm4-gcc-release.a(greedy_memory_planner.o)
                0x0000f3c0                tflite::ReverseSortInPlace(int*, int*, int)
 .text._ZN6tflite19GreedyMemoryPlanner14GetBufferCountEv
                0x0000f3fa        0x4 extern/tensorflow/helia_rt_v1_6_0/lib/libtensorflow-microlite-cm4-gcc-release.a(greedy_memory_planner.o)
                0x0000f3fa                tflite::GreedyMemoryPlanner::GetBufferCount()
 .text._ZN6tflite19GreedyMemoryPlanner15PrintMemoryPlanEv
                0x0000f3fe        0x4 extern/tensorflow/helia_rt_v1_6_0/lib/libtensorflow-microlite-cm4-gcc-release.a(greedy_memory_planner.o)
                0x0000f3fe                tflite::GreedyMemoryPlanner::PrintMemoryPlan()
 .text._ZN6tflite19GreedyMemoryPlanner18GetOffsetForBufferEiPi
                0x0000f402       0x26 extern/tensorflow/helia_rt_v1_6_0/lib/libtensorflow-microlite-cm4-gcc-release.a(greedy_memory_planner.o)
                0x0000f402                tflite::GreedyMemoryPlanner::GetOffsetForBuffer(int, int*)
 .text._ZN6tflite19GreedyMemoryPlanner20GetMaximumMemorySizeEv
                0x0000f428       0x3a extern/tensorflow/helia_rt_v1_6_0/lib/libtensorflow-microlite-cm4-gcc-release.a(greedy_memory_planner.o)
                0x0000f428                tflite::GreedyMemoryPlanner::GetMaximumMemorySize()
 .text._ZN6tflite19GreedyMemoryPlanner24CalculateOffsetsIfNeededEv
                0x0000f462      0x16a extern/tensorflow/helia_rt_v1_6_0/lib/libtensorflow-microlite-cm4-gcc-release.a(greedy_memory_planner.o)
                0x0000f462                tflite::GreedyMemoryPlanner::CalculateOffsetsIfNeeded()
 .text._ZN6tflite19GreedyMemoryPlanner30NextSimultaneouslyActiveBufferEPKNS0_9ListEntryEii
                0x0000f5cc       0x3a extern/tensorflow/helia_rt_v1_6_0/lib/libtensorflow-microlite-cm4-gcc-release.a(greedy_memory_planner.o)
                0x0000f5cc                tflite::GreedyMemoryPlanner::NextSimultaneouslyActiveBuffer(tflite::GreedyMemoryPlanner::ListEntry const*, int, int)
 .text._ZN6tflite19GreedyMemoryPlanner4InitEPhi
                0x0000f606       0x34 extern/tensorflow/helia_rt_v1_6_0/lib/libtensorflow-microlite-cm4-gcc-release.a(greedy_memory_planner.o)
                0x0000f606                tflite::GreedyMemoryPlanner::Init(unsigned char*, int)
 .text._ZN6tflite19GreedyMemoryPlanner9AddBufferEiii
                0x0000f63a       0x30 extern/tensorflow/helia_rt_v1_6_0/lib/libtensorflow-microlite-cm4-gcc-release.a(greedy_memory_planner.o)
                0x0000f63a                tflite::GreedyMemoryPlanner::AddBuffer(int, int, int)
 .text._ZN6tflite19GreedyMemoryPlanner9AddBufferEiiii
                0x0000f66a       0x1c extern/tensorflow/helia_rt_v1_6_0/lib/libtensorflow-microlite-cm4-gcc-release.a(greedy_memory_planner.o)
                0x0000f66a                tflite::GreedyMemoryPlanner::AddBuffer(int, int, int, int)
 *fill*         0x0000f686        0x2 
 .text._ZN6tflite19GreedyMemoryPlannerC2Ev
                0x0000f688        0xc extern/tensorflow/helia_rt_v1_6_0/lib/libtensorflow-microlite-cm4-gcc-release.a(greedy_memory_planner.o)
                0x0000f688                tflite::GreedyMemoryPlanner::GreedyMemoryPlanner()
                0x0000f688                tflite::GreedyMemoryPlanner::GreedyMemoryPlanner()
 .text._ZN6tflite19GreedyMemoryPlannerD0Ev
                0x0000f694        0x2 extern/tensorflow/helia_rt_v1_6_0/lib/libtensorflow-microlite-cm4-gcc-release.a(greedy_memory_planner.o)
                0x0000f694                tflite::GreedyMemoryPlanner::~GreedyMemoryPlanner()
                0x0000f694                tflite::GreedyMemoryPlanner::~GreedyMemoryPlanner()
                0x0000f694                tflite::GreedyMemoryPlanner::~GreedyMemoryPlanner()
 .text._ZN6tflite19LinearMemoryPlanner14GetBufferCountEv
                0x0000f696        0x8 extern/tensorflow/helia_rt_v1_6_0/lib/libtensorflow-microlite-cm4-gcc-release.a(linear_memory_planner.o)
                0x0000f696                tflite::LinearMemoryPlanner::GetBufferCount()
 .text._ZN6tflite19LinearMemoryPlanner18GetOffsetForBufferEiPi
                0x0000f69e       0x1e extern/tensorflow/helia_rt_v1_6_0/lib/libtensorflow-microlite-cm4-gcc-release.a(linear_memory_planner.o)
                0x0000f69e                tflite::LinearMemoryPlanner::GetOffsetForBuffer(int, int*)
 .text._ZN6tflite19LinearMemoryPlanner20GetMaximumMemorySizeEv
                0x0000f6bc        0x8 extern/tensorflow/helia_rt_v1_6_0/lib/libtensorflow-microlite-cm4-gcc-release.a(linear_memory_planner.o)
                0x0000f6bc                tflite::LinearMemoryPlanner::GetMaximumMemorySize()
 .text._ZN6tflite19LinearMemoryPlanner9AddBufferEiii
                0x0000f6c4       0x26 extern/tensorflow/helia_rt_v1_6_0/lib/libtensorflow-microlite-cm4-gcc-release.a(linear_memory_planner.o)
                0x0000f6c4                tflite::LinearMemoryPlanner::AddBuffer(int, int, int)
 *fill*         0x0000f6ea        0x2 
 .text._ZN6tflite19LinearMemoryPlannerC2Ev
                0x0000f6ec       0x14 extern/tensorflow/helia_rt_v1_6_0/lib/libtensorflow-microlite-cm4-gcc-release.a(linear_memory_planner.o)
                0x0000f6ec                tflite::LinearMemoryPlanner::LinearMemoryPlanner()
                0x0000f6ec                tflite::LinearMemoryPlanner::LinearMemoryPlanner()
 .text._ZN6tflite19LinearMemoryPlannerD0Ev
                0x0000f700        0x2 extern/tensorflow/helia_rt_v1_6_0/lib/libtensorflow-microlite-cm4-gcc-release.a(linear_memory_planner.o)
                0x0000f700                tflite::LinearMemoryPlanner::~LinearMemoryPlanner()
                0x0000f700                tflite::LinearMemoryPlanner::~LinearMemoryPlanner()
                0x0000f700                tflite::LinearMemoryPlanner::~LinearMemoryPlanner()
 .text._ZN6tflite19ParseFullyConnectedEPKNS_8OperatorEPNS_13ErrorReporterEPNS_20BuiltinDataAllocatorEPPv
                0x0000f702       0xaa extern/tensorflow/helia_rt_v1_6_0/lib/libtensorflow-microlite-cm4-gcc-release.a(flatbuffer_conversions.o)
                0x0000f702                tflite::ParseFullyConnected(tflite::Operator const*, tflite::ErrorReporter*, tflite::BuiltinDataAllocator*, void**)
 .text._ZN6tflite20NumSubgraphOperatorsEPKNS_5ModelEi
                0x0000f7ac       0x28 extern/tensorflow/helia_rt_v1_6_0/lib/libtensorflow-microlite-cm4-gcc-release.a(flatbuffer_utils.o)
                0x0000f7ac                tflite::NumSubgraphOperators(tflite::Model const*, int)
 .text._ZN6tflite20NumSubgraphOperatorsEPKNS_8SubGraphE
                0x0000f7d4       0x1a extern/tensorflow/helia_rt_v1_6_0/lib/libtensorflow-microlite-cm4-gcc-release.a(flatbuffer_utils.o)
                0x0000f7d4                tflite::NumSubgraphOperators(tflite::SubGraph const*)
 .text._ZN6tflite21AllocationInfoBuilder16ValidateSubgraphEPKNS_8SubGraphEP16TfLiteEvalTensor
                0x0000f7ee       0x7a extern/tensorflow/helia_rt_v1_6_0/lib/libtensorflow-microlite-cm4-gcc-release.a(micro_allocation_info.o)
                0x0000f7ee                tflite::AllocationInfoBuilder::ValidateSubgraph(tflite::SubGraph const*, TfLiteEvalTensor*)
 .text._ZN6tflite21AllocationInfoBuilder18FreeAllocationInfoEv
                0x0000f868       0x1c extern/tensorflow/helia_rt_v1_6_0/lib/libtensorflow-microlite-cm4-gcc-release.a(micro_allocation_info.o)
                0x0000f868                tflite::AllocationInfoBuilder::FreeAllocationInfo()
 .text._ZN6tflite21AllocationInfoBuilder20CreateAllocationInfoEi
                0x0000f884       0x82 extern/tensorflow/helia_rt_v1_6_0/lib/libtensorflow-microlite-cm4-gcc-release.a(micro_allocation_info.o)
                0x0000f884                tflite::AllocationInfoBuilder::CreateAllocationInfo(int)
 .text._ZN6tflite21AllocationInfoBuilder23MarkAllocationLifetimesEiPNS_8internal20ScratchBufferRequestEPNS_19ScratchBufferHandleEPNS_19SubgraphAllocationsE
                0x0000f906      0x1ba extern/tensorflow/helia_rt_v1_6_0/lib/libtensorflow-microlite-cm4-gcc-release.a(micro_allocation_info.o)
                0x0000f906                tflite::AllocationInfoBuilder::MarkAllocationLifetimes(int, tflite::internal::ScratchBufferRequest*, tflite::ScratchBufferHandle*, tflite::SubgraphAllocations*)
 .text._ZN6tflite21AllocationInfoBuilder24GetOfflinePlannedOffsetsEPPKl
                0x0000fac0       0xd8 extern/tensorflow/helia_rt_v1_6_0/lib/libtensorflow-microlite-cm4-gcc-release.a(micro_allocation_info.o)
                0x0000fac0                tflite::AllocationInfoBuilder::GetOfflinePlannedOffsets(long const**)
 .text._ZN6tflite21AllocationInfoBuilder24InitializeAllocationInfoEPKlPNS_19SubgraphAllocationsE
                0x0000fb98      0x126 extern/tensorflow/helia_rt_v1_6_0/lib/libtensorflow-microlite-cm4-gcc-release.a(micro_allocation_info.o)
                0x0000fb98                tflite::AllocationInfoBuilder::InitializeAllocationInfo(long const*, tflite::SubgraphAllocations*)
 .text._ZN6tflite21AllocationInfoBuilder32MarkSubgraphLifetimesIfNecessaryEPKNS_8OperatorEPNS_8internal20ScratchBufferRequestEPNS_19ScratchBufferHandleEPNS_19SubgraphAllocationsE
                0x0000fcbe       0xf2 extern/tensorflow/helia_rt_v1_6_0/lib/libtensorflow-microlite-cm4-gcc-release.a(micro_allocation_info.o)
                0x0000fcbe                tflite::AllocationInfoBuilder::MarkSubgraphLifetimesIfNecessary(tflite::Operator const*, tflite::internal::ScratchBufferRequest*, tflite::ScratchBufferHandle*, tflite::SubgraphAllocations*)
 .text._ZN6tflite21GetMicroErrorReporterEv
                0x0000fdb0       0x1c extern/tensorflow/helia_rt_v1_6_0/lib/libtensorflow-microlite-cm4-gcc-release.a(micro_error_reporter.o)
                0x0000fdb0                tflite::GetMicroErrorReporter()
 .text._ZN6tflite21MicroContextGetTensorEPK13TfLiteContexti
                0x0000fdcc        0x8 extern/tensorflow/helia_rt_v1_6_0/lib/libtensorflow-microlite-cm4-gcc-release.a(micro_interpreter.o)
                0x0000fdcc                tflite::MicroContextGetTensor(TfLiteContext const*, int)
 .text._ZN6tflite21MicroInterpreterGraph12NumSubgraphsEv
                0x0000fdd4        0xc extern/tensorflow/helia_rt_v1_6_0/lib/libtensorflow-microlite-cm4-gcc-release.a(micro_interpreter_graph.o)
                0x0000fdd4                tflite::MicroInterpreterGraph::NumSubgraphs()
 .text._ZN6tflite21MicroInterpreterGraph13FreeSubgraphsEv
                0x0000fde0       0x58 extern/tensorflow/helia_rt_v1_6_0/lib/libtensorflow-microlite-cm4-gcc-release.a(micro_interpreter_graph.o)
                0x0000fde0                tflite::MicroInterpreterGraph::FreeSubgraphs()
 .text._ZN6tflite21MicroInterpreterGraph13InitSubgraphsEv
                0x0000fe38       0x66 extern/tensorflow/helia_rt_v1_6_0/lib/libtensorflow-microlite-cm4-gcc-release.a(micro_interpreter_graph.o)
                0x0000fe38                tflite::MicroInterpreterGraph::InitSubgraphs()
 .text._ZN6tflite21MicroInterpreterGraph14InvokeSubgraphEi
                0x0000fe9e       0x60 extern/tensorflow/helia_rt_v1_6_0/lib/libtensorflow-microlite-cm4-gcc-release.a(micro_interpreter_graph.o)
                0x0000fe9e                tflite::MicroInterpreterGraph::InvokeSubgraph(int)
 .text._ZN6tflite21MicroInterpreterGraph14ResetSubgraphsEv
                0x0000fefe       0x58 extern/tensorflow/helia_rt_v1_6_0/lib/libtensorflow-microlite-cm4-gcc-release.a(micro_interpreter_graph.o)
                0x0000fefe                tflite::MicroInterpreterGraph::ResetSubgraphs()
 .text._ZN6tflite21MicroInterpreterGraph16GetSubgraphInputEii
                0x0000ff56       0x36 extern/tensorflow/helia_rt_v1_6_0/lib/libtensorflow-microlite-cm4-gcc-release.a(micro_interpreter_graph.o)
                0x0000ff56                tflite::MicroInterpreterGraph::GetSubgraphInput(int, int)
 .text._ZN6tflite21MicroInterpreterGraph16PrepareSubgraphsEv
                0x0000ff8c      0x106 extern/tensorflow/helia_rt_v1_6_0/lib/libtensorflow-microlite-cm4-gcc-release.a(micro_interpreter_graph.o)
                0x0000ff8c                tflite::MicroInterpreterGraph::PrepareSubgraphs()
 .text._ZN6tflite21MicroInterpreterGraph17GetSubgraphOutputEii
                0x00010092       0x36 extern/tensorflow/helia_rt_v1_6_0/lib/libtensorflow-microlite-cm4-gcc-release.a(micro_interpreter_graph.o)
                0x00010092                tflite::MicroInterpreterGraph::GetSubgraphOutput(int, int)
 .text._ZN6tflite21MicroInterpreterGraph17NumSubgraphInputsEi
                0x000100c8       0x20 extern/tensorflow/helia_rt_v1_6_0/lib/libtensorflow-microlite-cm4-gcc-release.a(micro_interpreter_graph.o)
                0x000100c8                tflite::MicroInterpreterGraph::NumSubgraphInputs(int)
 .text._ZN6tflite21MicroInterpreterGraph18NumSubgraphOutputsEi
                0x000100e8       0x22 extern/tensorflow/helia_rt_v1_6_0/lib/libtensorflow-microlite-cm4-gcc-release.a(micro_interpreter_graph.o)
                0x000100e8                tflite::MicroInterpreterGraph::NumSubgraphOutputs(int)
 .text._ZN6tflite21MicroInterpreterGraph20GetResourceVariablesEv
                0x0001010a        0x4 extern/tensorflow/helia_rt_v1_6_0/lib/libtensorflow-microlite-cm4-gcc-release.a(micro_interpreter_graph.o)
                0x0001010a                tflite::MicroInterpreterGraph::GetResourceVariables()
 .text._ZN6tflite21MicroInterpreterGraph20ResetVariableTensorsEv
                0x0001010e       0xf4 extern/tensorflow/helia_rt_v1_6_0/lib/libtensorflow-microlite-cm4-gcc-release.a(micro_interpreter_graph.o)
                0x0001010e                tflite::MicroInterpreterGraph::ResetVariableTensors()
 .text._ZN6tflite21MicroInterpreterGraph22SetSubgraphAllocationsEPNS_19SubgraphAllocationsE
                0x00010202        0x4 extern/tensorflow/helia_rt_v1_6_0/lib/libtensorflow-microlite-cm4-gcc-release.a(micro_interpreter_graph.o)
                0x00010202                tflite::MicroInterpreterGraph::SetSubgraphAllocations(tflite::SubgraphAllocations*)
 *fill*         0x00010206        0x2 
 .text._ZN6tflite21MicroInterpreterGraphC2EP13TfLiteContextPKNS_5ModelEPNS_14MicroAllocatorEPNS_22MicroResourceVariablesE
                0x00010208       0x30 extern/tensorflow/helia_rt_v1_6_0/lib/libtensorflow-microlite-cm4-gcc-release.a(micro_interpreter_graph.o)
                0x00010208                tflite::MicroInterpreterGraph::MicroInterpreterGraph(TfLiteContext*, tflite::Model const*, tflite::MicroAllocator*, tflite::MicroResourceVariables*)
                0x00010208                tflite::MicroInterpreterGraph::MicroInterpreterGraph(TfLiteContext*, tflite::Model const*, tflite::MicroAllocator*, tflite::MicroResourceVariables*)
 .text._ZN6tflite21MicroInterpreterGraphD0Ev
                0x00010238        0x2 extern/tensorflow/helia_rt_v1_6_0/lib/libtensorflow-microlite-cm4-gcc-release.a(micro_interpreter_graph.o)
                0x00010238                tflite::MicroInterpreterGraph::~MicroInterpreterGraph()
                0x00010238                tflite::MicroInterpreterGraph::~MicroInterpreterGraph()
                0x00010238                tflite::MicroInterpreterGraph::~MicroInterpreterGraph()
 .text._ZN6tflite22BytesRequiredForTensorERKNS_6TensorEPjS3_
                0x0001023a       0x66 extern/tensorflow/helia_rt_v1_6_0/lib/libtensorflow-microlite-cm4-gcc-release.a(memory_helpers.o)
                0x0001023a                tflite::BytesRequiredForTensor(tflite::Tensor const&, unsigned int*, unsigned int*)
 .text._ZN6tflite22MicroMutableOpResolverILj1EED0Ev
                0x000102a0        0x4 build/apollo3p_evb/arm-none-eabi/apps/experiments/ad_demo/src/ad01_int8_aligned_power_model.o
                0x000102a0                tflite::MicroMutableOpResolver<1u>::~MicroMutableOpResolver()
                0x000102a0                tflite::MicroMutableOpResolver<1u>::~MicroMutableOpResolver()
                0x000102a0                tflite::MicroMutableOpResolver<1u>::~MicroMutableOpResolver()
 .text._ZN6tflite22MicroResourceVariables6CreateEPNS_14MicroAllocatorEi
                0x000102a4       0x28 extern/tensorflow/helia_rt_v1_6_0/lib/libtensorflow-microlite-cm4-gcc-release.a(micro_resource_variable.o)
                0x000102a4                tflite::MicroResourceVariables::Create(tflite::MicroAllocator*, int)
 .text._ZN6tflite22MicroResourceVariables8ResetAllEv
                0x000102cc       0x28 extern/tensorflow/helia_rt_v1_6_0/lib/libtensorflow-microlite-cm4-gcc-release.a(micro_resource_variable.o)
                0x000102cc                tflite::MicroResourceVariables::ResetAll()
 .text._ZN6tflite23MicroInterpreterContext13GetEvalTensorEi
                0x000102f4       0x14 extern/tensorflow/helia_rt_v1_6_0/lib/libtensorflow-microlite-cm4-gcc-release.a(micro_interpreter_context.o)
                0x000102f4                tflite::MicroInterpreterContext::GetEvalTensor(int)
 .text._ZN6tflite23MicroInterpreterContext16GetScratchBufferEi
                0x00010308        0x8 extern/tensorflow/helia_rt_v1_6_0/lib/libtensorflow-microlite-cm4-gcc-release.a(micro_interpreter_context.o)
                0x00010308                tflite::MicroInterpreterContext::GetScratchBuffer(int)
 .text._ZN6tflite23MicroInterpreterContext16external_contextEv
                0x00010310        0x4 extern/tensorflow/helia_rt_v1_6_0/lib/libtensorflow-microlite-cm4-gcc-release.a(micro_interpreter_context.o)
                0x00010310                tflite::MicroInterpreterContext::external_context()
 .text._ZN6tflite23MicroInterpreterContext18AllocateTempBufferEjj
                0x00010314        0x8 extern/tensorflow/helia_rt_v1_6_0/lib/libtensorflow-microlite-cm4-gcc-release.a(micro_interpreter_context.o)
                0x00010314                tflite::MicroInterpreterContext::AllocateTempBuffer(unsigned int, unsigned int)
 .text._ZN6tflite23MicroInterpreterContext19SetInterpreterStateENS0_16InterpreterStateE
                0x0001031c        0x4 extern/tensorflow/helia_rt_v1_6_0/lib/libtensorflow-microlite-cm4-gcc-release.a(micro_interpreter_context.o)
                0x0001031c                tflite::MicroInterpreterContext::SetInterpreterState(tflite::MicroInterpreterContext::InterpreterState)
 .text._ZN6tflite23MicroInterpreterContext20DeallocateTempBufferEPh
                0x00010320        0x8 extern/tensorflow/helia_rt_v1_6_0/lib/libtensorflow-microlite-cm4-gcc-release.a(micro_interpreter_context.o)
                0x00010320                tflite::MicroInterpreterContext::DeallocateTempBuffer(unsigned char*)
 .text._ZN6tflite23MicroInterpreterContext20set_external_contextEPv
                0x00010328       0x10 extern/tensorflow/helia_rt_v1_6_0/lib/libtensorflow-microlite-cm4-gcc-release.a(micro_interpreter_context.o)
                0x00010328                tflite::MicroInterpreterContext::set_external_context(void*)
 .text._ZN6tflite23MicroInterpreterContext23SetScratchBufferHandlesEPNS_19ScratchBufferHandleE
                0x00010338        0x4 extern/tensorflow/helia_rt_v1_6_0/lib/libtensorflow-microlite-cm4-gcc-release.a(micro_interpreter_context.o)
                0x00010338                tflite::MicroInterpreterContext::SetScratchBufferHandles(tflite::ScratchBufferHandle*)
 .text._ZN6tflite23MicroInterpreterContext24AllocatePersistentBufferEj
                0x0001033c        0x8 extern/tensorflow/helia_rt_v1_6_0/lib/libtensorflow-microlite-cm4-gcc-release.a(micro_interpreter_context.o)
                0x0001033c                tflite::MicroInterpreterContext::AllocatePersistentBuffer(unsigned int)
 .text._ZN6tflite23MicroInterpreterContext24AllocateTempTfLiteTensorEi
                0x00010344       0x1c extern/tensorflow/helia_rt_v1_6_0/lib/libtensorflow-microlite-cm4-gcc-release.a(micro_interpreter_context.o)
                0x00010344                tflite::MicroInterpreterContext::AllocateTempTfLiteTensor(int)
 .text._ZN6tflite23MicroInterpreterContext26DeallocateTempTfLiteTensorEP12TfLiteTensor
                0x00010360        0x8 extern/tensorflow/helia_rt_v1_6_0/lib/libtensorflow-microlite-cm4-gcc-release.a(micro_interpreter_context.o)
                0x00010360                tflite::MicroInterpreterContext::DeallocateTempTfLiteTensor(TfLiteTensor*)
 .text._ZN6tflite23MicroInterpreterContext27RequestScratchBufferInArenaEjPi
                0x00010368       0x12 extern/tensorflow/helia_rt_v1_6_0/lib/libtensorflow-microlite-cm4-gcc-release.a(micro_interpreter_context.o)
                0x00010368                tflite::MicroInterpreterContext::RequestScratchBufferInArena(unsigned int, int*)
 .text._ZN6tflite23MicroInterpreterContext5graphEv
                0x0001037a        0x4 extern/tensorflow/helia_rt_v1_6_0/lib/libtensorflow-microlite-cm4-gcc-release.a(micro_interpreter_context.o)
                0x0001037a                tflite::MicroInterpreterContext::graph()
 *fill*         0x0001037e        0x2 
 .text._ZN6tflite23MicroInterpreterContextC2EPNS_14MicroAllocatorEPKNS_5ModelEPNS_21MicroInterpreterGraphE
                0x00010380       0x1c extern/tensorflow/helia_rt_v1_6_0/lib/libtensorflow-microlite-cm4-gcc-release.a(micro_interpreter_context.o)
                0x00010380                tflite::MicroInterpreterContext::MicroInterpreterContext(tflite::MicroAllocator*, tflite::Model const*, tflite::MicroInterpreterGraph*)
                0x00010380                tflite::MicroInterpreterContext::MicroInterpreterContext(tflite::MicroAllocator*, tflite::Model const*, tflite::MicroInterpreterGraph*)
 .text._ZN6tflite23MicroInterpreterContextD0Ev
                0x0001039c        0x2 extern/tensorflow/helia_rt_v1_6_0/lib/libtensorflow-microlite-cm4-gcc-release.a(micro_interpreter_context.o)
                0x0001039c                tflite::MicroInterpreterContext::~MicroInterpreterContext()
                0x0001039c                tflite::MicroInterpreterContext::~MicroInterpreterContext()
                0x0001039c                tflite::MicroInterpreterContext::~MicroInterpreterContext()
 .text._ZN6tflite24CallBuiltinParseFunctionEPF12TfLiteStatusPKNS_8OperatorEPNS_13ErrorReporterEPNS_20BuiltinDataAllocatorEPPvES3_S7_S9_
                0x0001039e       0x20 extern/tensorflow/helia_rt_v1_6_0/lib/libtensorflow-microlite-cm4-gcc-release.a(flatbuffer_conversions_bridge.o)
                0x0001039e                tflite::CallBuiltinParseFunction(TfLiteStatus (*)(tflite::Operator const*, tflite::ErrorReporter*, tflite::BuiltinDataAllocator*, void**), tflite::Operator const*, tflite::BuiltinDataAllocator*, void**)
 *fill*         0x000103be        0x2 
 .text._ZN6tflite24Register_FULLY_CONNECTEDEv
                0x000103c0       0x28 extern/tensorflow/helia_rt_v1_6_0/lib/libtensorflow-microlite-cm4-gcc-release.a(fully_connected.o)
                0x000103c0                tflite::Register_FULLY_CONNECTED()
 .text._ZN6tflite25FullyConnectedParamsFloatE21TfLiteFusedActivation
                0x000103e8       0x44 extern/tensorflow/helia_rt_v1_6_0/lib/libtensorflow-microlite-cm4-gcc-release.a(fully_connected_common.o)
                0x000103e8                tflite::FullyConnectedParamsFloat(TfLiteFusedActivation)
 .text._ZN6tflite25GetRegistrationFromOpCodeEPKNS_12OperatorCodeERKNS_15MicroOpResolverEPPK16TFLMRegistration
                0x0001042c       0x50 extern/tensorflow/helia_rt_v1_6_0/lib/libtensorflow-microlite-cm4-gcc-release.a(micro_op_resolver.o)
                0x0001042c                tflite::GetRegistrationFromOpCode(tflite::OperatorCode const*, tflite::MicroOpResolver const&, TFLMRegistration const**)
 .text._ZN6tflite25MicroContextGetEvalTensorEPK13TfLiteContexti
                0x0001047c        0x8 extern/tensorflow/helia_rt_v1_6_0/lib/libtensorflow-microlite-cm4-gcc-release.a(micro_interpreter.o)
                0x0001047c                tflite::MicroContextGetEvalTensor(TfLiteContext const*, int)
 .text._ZN6tflite25MicroContextReportOpErrorEP13TfLiteContextPKcz
                0x00010484        0xe extern/tensorflow/helia_rt_v1_6_0/lib/libtensorflow-microlite-cm4-gcc-release.a(micro_context.o)
                0x00010484                tflite::MicroContextReportOpError(TfLiteContext*, char const*, ...)
 .text._ZN6tflite26SingleArenaBufferAllocator12AllocateTempEjj
                0x00010492       0x2c extern/tensorflow/helia_rt_v1_6_0/lib/libtensorflow-microlite-cm4-gcc-release.a(single_arena_buffer_allocator.o)
                0x00010492                tflite::SingleArenaBufferAllocator::AllocateTemp(unsigned int, unsigned int)
 .text._ZN6tflite26SingleArenaBufferAllocator12ResizeBufferEPhjj
                0x000104be       0x3c extern/tensorflow/helia_rt_v1_6_0/lib/libtensorflow-microlite-cm4-gcc-release.a(single_arena_buffer_allocator.o)
                0x000104be                tflite::SingleArenaBufferAllocator::ResizeBuffer(unsigned char*, unsigned int, unsigned int)
 .text._ZN6tflite26SingleArenaBufferAllocator14DeallocateTempEPh
                0x000104fa        0xe extern/tensorflow/helia_rt_v1_6_0/lib/libtensorflow-microlite-cm4-gcc-release.a(single_arena_buffer_allocator.o)
                0x000104fa                tflite::SingleArenaBufferAllocator::DeallocateTemp(unsigned char*)
 .text._ZN6tflite26SingleArenaBufferAllocator20IsAllTempDeallocatedEv
                0x00010508       0x12 extern/tensorflow/helia_rt_v1_6_0/lib/libtensorflow-microlite-cm4-gcc-release.a(single_arena_buffer_allocator.o)
                0x00010508                tflite::SingleArenaBufferAllocator::IsAllTempDeallocated()
 .text._ZN6tflite26SingleArenaBufferAllocator20ResetTempAllocationsEv
                0x0001051a       0x18 extern/tensorflow/helia_rt_v1_6_0/lib/libtensorflow-microlite-cm4-gcc-release.a(single_arena_buffer_allocator.o)
                0x0001051a                tflite::SingleArenaBufferAllocator::ResetTempAllocations()
 .text._ZN6tflite26SingleArenaBufferAllocator23AllocateResizableBufferEjj
                0x00010532       0x30 extern/tensorflow/helia_rt_v1_6_0/lib/libtensorflow-microlite-cm4-gcc-release.a(single_arena_buffer_allocator.o)
                0x00010532                tflite::SingleArenaBufferAllocator::AllocateResizableBuffer(unsigned int, unsigned int)
 .text._ZN6tflite26SingleArenaBufferAllocator24AllocatePersistentBufferEjj
                0x00010562       0x1c extern/tensorflow/helia_rt_v1_6_0/lib/libtensorflow-microlite-cm4-gcc-release.a(single_arena_buffer_allocator.o)
                0x00010562                tflite::SingleArenaBufferAllocator::AllocatePersistentBuffer(unsigned int, unsigned int)
 .text._ZN6tflite26SingleArenaBufferAllocator25DeallocateResizableBufferEPh
                0x0001057e       0x12 extern/tensorflow/helia_rt_v1_6_0/lib/libtensorflow-microlite-cm4-gcc-release.a(single_arena_buffer_allocator.o)
                0x0001057e                tflite::SingleArenaBufferAllocator::DeallocateResizableBuffer(unsigned char*)
 .text._ZN6tflite26SingleArenaBufferAllocator33ReserveNonPersistentOverlayMemoryEjj
                0x00010590       0x26 extern/tensorflow/helia_rt_v1_6_0/lib/libtensorflow-microlite-cm4-gcc-release.a(single_arena_buffer_allocator.o)
                0x00010590                tflite::SingleArenaBufferAllocator::ReserveNonPersistentOverlayMemory(unsigned int, unsigned int)
 *fill*         0x000105b6        0x2 
 .text._ZN6tflite26SingleArenaBufferAllocator6CreateEPhj
                0x000105b8       0x48 extern/tensorflow/helia_rt_v1_6_0/lib/libtensorflow-microlite-cm4-gcc-release.a(single_arena_buffer_allocator.o)
                0x000105b8                tflite::SingleArenaBufferAllocator::Create(unsigned char*, unsigned int)
 .text._ZN6tflite26SingleArenaBufferAllocatorC2EPhS1_
                0x00010600       0x20 extern/tensorflow/helia_rt_v1_6_0/lib/libtensorflow-microlite-cm4-gcc-release.a(single_arena_buffer_allocator.o)
                0x00010600                tflite::SingleArenaBufferAllocator::SingleArenaBufferAllocator(unsigned char*, unsigned char*)
                0x00010600                tflite::SingleArenaBufferAllocator::SingleArenaBufferAllocator(unsigned char*, unsigned char*)
 .text._ZN6tflite26SingleArenaBufferAllocatorC2EPhj
                0x00010620        0xe extern/tensorflow/helia_rt_v1_6_0/lib/libtensorflow-microlite-cm4-gcc-release.a(single_arena_buffer_allocator.o)
                0x00010620                tflite::SingleArenaBufferAllocator::SingleArenaBufferAllocator(unsigned char*, unsigned int)
                0x00010620                tflite::SingleArenaBufferAllocator::SingleArenaBufferAllocator(unsigned char*, unsigned int)
 .text._ZN6tflite26SingleArenaBufferAllocatorD0Ev
                0x0001062e        0x2 extern/tensorflow/helia_rt_v1_6_0/lib/libtensorflow-microlite-cm4-gcc-release.a(single_arena_buffer_allocator.o)
                0x0001062e                tflite::SingleArenaBufferAllocator::~SingleArenaBufferAllocator()
                0x0001062e                tflite::SingleArenaBufferAllocator::~SingleArenaBufferAllocator()
                0x0001062e                tflite::SingleArenaBufferAllocator::~SingleArenaBufferAllocator()
 .text._ZN6tflite26TfLiteEvalTensorByteLengthEPK16TfLiteEvalTensorPj
                0x00010630       0x34 extern/tensorflow/helia_rt_v1_6_0/lib/libtensorflow-microlite-cm4-gcc-release.a(memory_helpers.o)
                0x00010630                tflite::TfLiteEvalTensorByteLength(TfLiteEvalTensor const*, unsigned int*)
 .text._ZN6tflite28MicroContextGetScratchBufferEP13TfLiteContexti
                0x00010664        0x8 extern/tensorflow/helia_rt_v1_6_0/lib/libtensorflow-microlite-cm4-gcc-release.a(micro_interpreter.o)
                0x00010664                tflite::MicroContextGetScratchBuffer(TfLiteContext*, int)
 .text._ZN6tflite29CalculateOpDataFullyConnectedEP13TfLiteContext21TfLiteFusedActivation10TfLiteTypePK12TfLiteTensorS6_S6_PS4_PNS_20OpDataFullyConnectedE
                0x0001066c      0x154 extern/tensorflow/helia_rt_v1_6_0/lib/libtensorflow-microlite-cm4-gcc-release.a(fully_connected_common.o)
                0x0001066c                tflite::CalculateOpDataFullyConnected(TfLiteContext*, TfLiteFusedActivation, TfLiteType, TfLiteTensor const*, TfLiteTensor const*, TfLiteTensor const*, TfLiteTensor*, tflite::OpDataFullyConnected*)
 .text._ZN6tflite30MicroContextGetExternalContextEP13TfLiteContext25TfLiteExternalContextType
                0x000107c0        0x8 extern/tensorflow/helia_rt_v1_6_0/lib/libtensorflow-microlite-cm4-gcc-release.a(micro_interpreter.o)
                0x000107c0                tflite::MicroContextGetExternalContext(TfLiteContext*, TfLiteExternalContextType)
 .text._ZN6tflite32GetQuantizedConvolutionMultiplerEP13TfLiteContextPK12TfLiteTensorS4_S4_PS2_Pd
                0x000107c8       0xb8 extern/tensorflow/helia_rt_v1_6_0/lib/libtensorflow-microlite-cm4-gcc-release.a(kernel_util.o)
                0x000107c8                tflite::GetQuantizedConvolutionMultipler(TfLiteContext*, TfLiteTensor const*, TfLiteTensor const*, TfLiteTensor const*, TfLiteTensor*, double*)
 .text._ZN6tflite33CalculateActivationRangeQuantizedEP13TfLiteContext21TfLiteFusedActivationP12TfLiteTensorPlS5_
                0x00010880       0xe8 extern/tensorflow/helia_rt_v1_6_0/lib/libtensorflow-microlite-cm4-gcc-release.a(kernel_util.o)
                0x00010880                tflite::CalculateActivationRangeQuantized(TfLiteContext*, TfLiteFusedActivation, TfLiteTensor*, long*, long*)
 .text._ZN6tflite33FlatBufferVectorToTfLiteTypeArrayEPKN11flatbuffers6VectorIfmEE
                0x00010968        0x2 extern/tensorflow/helia_rt_v1_6_0/lib/libtensorflow-microlite-cm4-gcc-release.a(flatbuffer_utils.o)
                0x00010968                tflite::FlatBufferVectorToTfLiteTypeArray(flatbuffers::Vector<float, unsigned long> const*)
 .text._ZN6tflite33FlatBufferVectorToTfLiteTypeArrayEPKN11flatbuffers6VectorIlmEE
                0x0001096a        0x2 extern/tensorflow/helia_rt_v1_6_0/lib/libtensorflow-microlite-cm4-gcc-release.a(flatbuffer_utils.o)
                0x0001096a                tflite::FlatBufferVectorToTfLiteTypeArray(flatbuffers::Vector<long, unsigned long> const*)
 .text._ZN6tflite36MicroContextAllocatePersistentBufferEP13TfLiteContextj
                0x0001096c        0x8 extern/tensorflow/helia_rt_v1_6_0/lib/libtensorflow-microlite-cm4-gcc-release.a(micro_interpreter.o)
                0x0001096c                tflite::MicroContextAllocatePersistentBuffer(TfLiteContext*, unsigned int)
 .text._ZN6tflite39MicroContextRequestScratchBufferInArenaEP13TfLiteContextjPi
                0x00010974        0x8 extern/tensorflow/helia_rt_v1_6_0/lib/libtensorflow-microlite-cm4-gcc-release.a(micro_interpreter.o)
                0x00010974                tflite::MicroContextRequestScratchBufferInArena(TfLiteContext*, unsigned int, int*)
 .text._ZN6tflite5micro10RegisterOpEPFPvP13TfLiteContextPKcjEPF12TfLiteStatusS3_P10TfLiteNodeESC_PFvS3_S1_ESE_
                0x0001097c       0x18 extern/tensorflow/helia_rt_v1_6_0/lib/libtensorflow-microlite-cm4-gcc-release.a(kernel_util.o)
                0x0001097c                tflite::micro::RegisterOp(void* (*)(TfLiteContext*, char const*, unsigned int), TfLiteStatus (*)(TfLiteContext*, TfLiteNode*), TfLiteStatus (*)(TfLiteContext*, TfLiteNode*), void (*)(TfLiteContext*, void*), void (*)(TfLiteContext*, void*))
 .text._ZN6tflite5micro12GetEvalInputEPK13TfLiteContextPK10TfLiteNodei
                0x00010994       0x30 extern/tensorflow/helia_rt_v1_6_0/lib/libtensorflow-microlite-cm4-gcc-release.a(kernel_util.o)
                0x00010994                tflite::micro::GetEvalInput(TfLiteContext const*, TfLiteNode const*, int)
 .text._ZN6tflite5micro13GetEvalOutputEPK13TfLiteContextPK10TfLiteNodei
                0x000109c4        0xc extern/tensorflow/helia_rt_v1_6_0/lib/libtensorflow-microlite-cm4-gcc-release.a(kernel_util.o)
                0x000109c4                tflite::micro::GetEvalOutput(TfLiteContext const*, TfLiteNode const*, int)
 .text._ZN6tflite5micro14GetTensorShapeEPK16TfLiteEvalTensor
                0x000109d0       0x24 extern/tensorflow/helia_rt_v1_6_0/lib/libtensorflow-microlite-cm4-gcc-release.a(kernel_util.o)
                0x000109d0                tflite::micro::GetTensorShape(TfLiteEvalTensor const*)
 .text._ZN6tflite8internal25GetFlatbufferTensorBufferERKNS_6TensorEPKN11flatbuffers6VectorINS4_6OffsetINS_6BufferEEEmEE
                0x000109f4       0x34 extern/tensorflow/helia_rt_v1_6_0/lib/libtensorflow-microlite-cm4-gcc-release.a(micro_allocator.o)
                0x000109f4                tflite::internal::GetFlatbufferTensorBuffer(tflite::Tensor const&, flatbuffers::Vector<flatbuffers::Offset<tflite::Buffer>, unsigned long> const*)
 .text._ZN6tflite8internal36InitializeTfLiteTensorFromFlatbufferEPNS_26IPersistentBufferAllocatorEPNS_29INonPersistentBufferAllocatorEbRKNS_6TensorEPKN11flatbuffers6VectorINS8_6OffsetINS_6BufferEEEmEEP12TfLiteTensor
                0x00010a28      0x188 extern/tensorflow/helia_rt_v1_6_0/lib/libtensorflow-microlite-cm4-gcc-release.a(micro_allocator.o)
                0x00010a28                tflite::internal::InitializeTfLiteTensorFromFlatbuffer(tflite::IPersistentBufferAllocator*, tflite::INonPersistentBufferAllocator*, bool, tflite::Tensor const&, flatbuffers::Vector<flatbuffers::Offset<tflite::Buffer>, unsigned long> const*, TfLiteTensor*)
 .text._ZN6tflite8internal40InitializeTfLiteEvalTensorFromFlatbufferERKNS_6TensorEPKN11flatbuffers6VectorINS4_6OffsetINS_6BufferEEEmEEP16TfLiteEvalTensor
                0x00010bb0       0x50 extern/tensorflow/helia_rt_v1_6_0/lib/libtensorflow-microlite-cm4-gcc-release.a(micro_allocator.o)
                0x00010bb0                tflite::internal::InitializeTfLiteEvalTensorFromFlatbuffer(tflite::Tensor const&, flatbuffers::Vector<flatbuffers::Offset<tflite::Buffer>, unsigned long> const*, TfLiteEvalTensor*)
 .text._ZN9__gnu_cxx20recursive_init_errorC2Ev
                0x00010c00        0xc C:/Program Files (x86)/Arm GNU Toolchain arm-none-eabi/14.3 rel1/bin/../lib/gcc/arm-none-eabi/14.3.1/../../../../arm-none-eabi/lib/thumb/v7e-m+fp/hard\libstdc++.a(guard_error.o)
                0x00010c00                __gnu_cxx::recursive_init_error::recursive_init_error()
                0x00010c00                __gnu_cxx::recursive_init_error::recursive_init_error()
 .text._ZN9__gnu_cxx20recursive_init_errorD0Ev
                0x00010c0c       0x1c C:/Program Files (x86)/Arm GNU Toolchain arm-none-eabi/14.3 rel1/bin/../lib/gcc/arm-none-eabi/14.3.1/../../../../arm-none-eabi/lib/thumb/v7e-m+fp/hard\libstdc++.a(guard_error.o)
                0x00010c0c                __gnu_cxx::recursive_init_error::~recursive_init_error()
 .text._ZN9__gnu_cxx20recursive_init_errorD2Ev
                0x00010c28       0x14 C:/Program Files (x86)/Arm GNU Toolchain arm-none-eabi/14.3 rel1/bin/../lib/gcc/arm-none-eabi/14.3.1/../../../../arm-none-eabi/lib/thumb/v7e-m+fp/hard\libstdc++.a(guard_error.o)
                0x00010c28                __gnu_cxx::recursive_init_error::~recursive_init_error()
                0x00010c28                __gnu_cxx::recursive_init_error::~recursive_init_error()
 .text._ZN9__gnu_cxx27__verbose_terminate_handlerEv
                0x00010c3c      0x108 C:/Program Files (x86)/Arm GNU Toolchain arm-none-eabi/14.3 rel1/bin/../lib/gcc/arm-none-eabi/14.3.1/../../../../arm-none-eabi/lib/thumb/v7e-m+fp/hard\libstdc++.a(vterminate.o)
                0x00010c3c                __gnu_cxx::__verbose_terminate_handler()
 .text._ZNK10__cxxabiv117__class_type_info10__do_catchEPKSt9type_infoPPvj
                0x00010d44       0x2c C:/Program Files (x86)/Arm GNU Toolchain arm-none-eabi/14.3 rel1/bin/../lib/gcc/arm-none-eabi/14.3.1/../../../../arm-none-eabi/lib/thumb/v7e-m+fp/hard\libstdc++.a(class_type_info.o)
                0x00010d44                __cxxabiv1::__class_type_info::__do_catch(std::type_info const*, void**, unsigned int) const
 .text._ZNK10__cxxabiv117__class_type_info11__do_upcastEPKS0_PKvRNS0_15__upcast_resultE
                0x00010d70       0x1c C:/Program Files (x86)/Arm GNU Toolchain arm-none-eabi/14.3 rel1/bin/../lib/gcc/arm-none-eabi/14.3.1/../../../../arm-none-eabi/lib/thumb/v7e-m+fp/hard\libstdc++.a(class_type_info.o)
                0x00010d70                __cxxabiv1::__class_type_info::__do_upcast(__cxxabiv1::__class_type_info const*, void const*, __cxxabiv1::__class_type_info::__upcast_result&) const
 .text._ZNK10__cxxabiv117__class_type_info11__do_upcastEPKS0_PPv
                0x00010d8c       0x34 C:/Program Files (x86)/Arm GNU Toolchain arm-none-eabi/14.3 rel1/bin/../lib/gcc/arm-none-eabi/14.3.1/../../../../arm-none-eabi/lib/thumb/v7e-m+fp/hard\libstdc++.a(class_type_info.o)
                0x00010d8c                __cxxabiv1::__class_type_info::__do_upcast(__cxxabiv1::__class_type_info const*, void**) const
 .text._ZNK10__cxxabiv117__class_type_info12__do_dyncastEiNS0_10__sub_kindEPKS0_PKvS3_S5_RNS0_16__dyncast_resultE
                0x00010dc0       0x44 C:/Program Files (x86)/Arm GNU Toolchain arm-none-eabi/14.3 rel1/bin/../lib/gcc/arm-none-eabi/14.3.1/../../../../arm-none-eabi/lib/thumb/v7e-m+fp/hard\libstdc++.a(class_type_info.o)
                0x00010dc0                __cxxabiv1::__class_type_info::__do_dyncast(int, __cxxabiv1::__class_type_info::__sub_kind, __cxxabiv1::__class_type_info const*, void const*, __cxxabiv1::__class_type_info const*, void const*, __cxxabiv1::__class_type_info::__dyncast_result&) const
 .text._ZNK10__cxxabiv117__class_type_info20__do_find_public_srcEiPKvPKS0_S2_
                0x00010e04        0xc C:/Program Files (x86)/Arm GNU Toolchain arm-none-eabi/14.3 rel1/bin/../lib/gcc/arm-none-eabi/14.3.1/../../../../arm-none-eabi/lib/thumb/v7e-m+fp/hard\libstdc++.a(class_type_info.o)
                0x00010e04                __cxxabiv1::__class_type_info::__do_find_public_src(int, void const*, __cxxabiv1::__class_type_info const*, void const*) const
 .text._ZNK10__cxxabiv120__si_class_type_info11__do_upcastEPKNS_17__class_type_infoEPKvRNS1_15__upcast_resultE
                0x00010e10       0x2c C:/Program Files (x86)/Arm GNU Toolchain arm-none-eabi/14.3 rel1/bin/../lib/gcc/arm-none-eabi/14.3.1/../../../../arm-none-eabi/lib/thumb/v7e-m+fp/hard\libstdc++.a(si_class_type_info.o)
                0x00010e10                __cxxabiv1::__si_class_type_info::__do_upcast(__cxxabiv1::__class_type_info const*, void const*, __cxxabiv1::__class_type_info::__upcast_result&) const
 .text._ZNK10__cxxabiv120__si_class_type_info12__do_dyncastEiNS_17__class_type_info10__sub_kindEPKS1_PKvS4_S6_RNS1_16__dyncast_resultE
                0x00010e3c       0x84 C:/Program Files (x86)/Arm GNU Toolchain arm-none-eabi/14.3 rel1/bin/../lib/gcc/arm-none-eabi/14.3.1/../../../../arm-none-eabi/lib/thumb/v7e-m+fp/hard\libstdc++.a(si_class_type_info.o)
                0x00010e3c                __cxxabiv1::__si_class_type_info::__do_dyncast(int, __cxxabiv1::__class_type_info::__sub_kind, __cxxabiv1::__class_type_info const*, void const*, __cxxabiv1::__class_type_info const*, void const*, __cxxabiv1::__class_type_info::__dyncast_result&) const
 .text._ZNK10__cxxabiv120__si_class_type_info20__do_find_public_srcEiPKvPKNS_17__class_type_infoES2_
                0x00010ec0       0x3c C:/Program Files (x86)/Arm GNU Toolchain arm-none-eabi/14.3 rel1/bin/../lib/gcc/arm-none-eabi/14.3.1/../../../../arm-none-eabi/lib/thumb/v7e-m+fp/hard\libstdc++.a(si_class_type_info.o)
                0x00010ec0                __cxxabiv1::__si_class_type_info::__do_find_public_src(int, void const*, __cxxabiv1::__class_type_info const*, void const*) const
 .text._ZNK11flatbuffers5Table22GetOptionalFieldOffsetEt
                0x00010efc       0x10 extern/tensorflow/helia_rt_v1_6_0/lib/libtensorflow-microlite-cm4-gcc-release.a(micro_allocator.o)
                0x00010efc                flatbuffers::Table::GetOptionalFieldOffset(unsigned short) const
 .text._ZNK11flatbuffers5Table8GetFieldIaEET_tS2_
                0x00010f0c       0x12 extern/tensorflow/helia_rt_v1_6_0/lib/libtensorflow-microlite-cm4-gcc-release.a(flatbuffer_conversions.o)
                0x00010f0c                signed char flatbuffers::Table::GetField<signed char>(unsigned short, signed char) const
 .text._ZNK11flatbuffers5Table8GetFieldIhEET_tS2_
                0x00010f1e       0x12 extern/tensorflow/helia_rt_v1_6_0/lib/libtensorflow-microlite-cm4-gcc-release.a(flatbuffer_conversions.o)
                0x00010f1e                unsigned char flatbuffers::Table::GetField<unsigned char>(unsigned short, unsigned char) const
 .text._ZNK11flatbuffers5Table8GetFieldIlEET_tS2_
                0x00010f30       0x12 extern/tensorflow/helia_rt_v1_6_0/lib/libtensorflow-microlite-cm4-gcc-release.a(flatbuffer_conversions.o)
                0x00010f30                long flatbuffers::Table::GetField<long>(unsigned short, long) const
 .text._ZNK6tflite14MicroAllocator10used_bytesEv
                0x00010f42       0x1a extern/tensorflow/helia_rt_v1_6_0/lib/libtensorflow-microlite-cm4-gcc-release.a(micro_allocator.o)
                0x00010f42                tflite::MicroAllocator::used_bytes() const
 .text._ZNK6tflite16MicroInterpreter11inputs_sizeEv.isra.0
                0x00010f5c       0x16 extern/tensorflow/helia_rt_v1_6_0/lib/libtensorflow-microlite-cm4-gcc-release.a(micro_interpreter.o)
 .text._ZNK6tflite16MicroInterpreter12outputs_sizeEv.isra.0
                0x00010f72       0x16 extern/tensorflow/helia_rt_v1_6_0/lib/libtensorflow-microlite-cm4-gcc-release.a(micro_interpreter.o)
 .text._ZNK6tflite19GreedyMemoryPlanner21preserves_all_tensorsEv
                0x00010f88        0x4 extern/tensorflow/helia_rt_v1_6_0/lib/libtensorflow-microlite-cm4-gcc-release.a(greedy_memory_planner.o)
                0x00010f88                tflite::GreedyMemoryPlanner::preserves_all_tensors() const
 .text._ZNK6tflite19GreedyMemoryPlanner22DoesEntryOverlapInTimeEPKNS0_9ListEntryEii
                0x00010f8c       0x20 extern/tensorflow/helia_rt_v1_6_0/lib/libtensorflow-microlite-cm4-gcc-release.a(greedy_memory_planner.o)
                0x00010f8c                tflite::GreedyMemoryPlanner::DoesEntryOverlapInTime(tflite::GreedyMemoryPlanner::ListEntry const*, int, int) const
 .text._ZNK6tflite19LinearMemoryPlanner21preserves_all_tensorsEv
                0x00010fac        0x4 extern/tensorflow/helia_rt_v1_6_0/lib/libtensorflow-microlite-cm4-gcc-release.a(linear_memory_planner.o)
                0x00010fac                tflite::LinearMemoryPlanner::preserves_all_tensors() const
 .text._ZNK6tflite22MicroMutableOpResolverILj1EE15GetOpDataParserENS_15BuiltinOperatorE
                0x00010fb0       0x20 build/apollo3p_evb/arm-none-eabi/apps/experiments/ad_demo/src/ad01_int8_aligned_power_model.o
                0x00010fb0                tflite::MicroMutableOpResolver<1u>::GetOpDataParser(tflite::BuiltinOperator) const
 .text._ZNK6tflite22MicroMutableOpResolverILj1EE6FindOpENS_15BuiltinOperatorE
                0x00010fd0       0x18 build/apollo3p_evb/arm-none-eabi/apps/experiments/ad_demo/src/ad01_int8_aligned_power_model.o
                0x00010fd0                tflite::MicroMutableOpResolver<1u>::FindOp(tflite::BuiltinOperator) const
 .text._ZNK6tflite22MicroMutableOpResolverILj1EE6FindOpEPKc
                0x00010fe8       0x20 build/apollo3p_evb/arm-none-eabi/apps/experiments/ad_demo/src/ad01_int8_aligned_power_model.o
                0x00010fe8                tflite::MicroMutableOpResolver<1u>::FindOp(char const*) const
 .text._ZNK6tflite22QuantizationParameters10zero_pointEv
                0x00011008       0x14 extern/tensorflow/helia_rt_v1_6_0/lib/libtensorflow-microlite-cm4-gcc-release.a(micro_allocator.o)
                0x00011008                tflite::QuantizationParameters::zero_point() const
 .text._ZNK6tflite22QuantizationParameters5scaleEv
                0x0001101c       0x14 extern/tensorflow/helia_rt_v1_6_0/lib/libtensorflow-microlite-cm4-gcc-release.a(micro_allocator.o)
                0x0001101c                tflite::QuantizationParameters::scale() const
 .text._ZNK6tflite26SingleArenaBufferAllocator18GetAvailableMemoryEj
                0x00011030       0x1a extern/tensorflow/helia_rt_v1_6_0/lib/libtensorflow-microlite-cm4-gcc-release.a(single_arena_buffer_allocator.o)
                0x00011030                tflite::SingleArenaBufferAllocator::GetAvailableMemory(unsigned int) const
 .text._ZNK6tflite26SingleArenaBufferAllocator22GetPersistentUsedBytesEv
                0x0001104a        0x8 extern/tensorflow/helia_rt_v1_6_0/lib/libtensorflow-microlite-cm4-gcc-release.a(single_arena_buffer_allocator.o)
                0x0001104a                tflite::SingleArenaBufferAllocator::GetPersistentUsedBytes() const
 .text._ZNK6tflite26SingleArenaBufferAllocator23GetOverlayMemoryAddressEv
                0x00011052        0x4 extern/tensorflow/helia_rt_v1_6_0/lib/libtensorflow-microlite-cm4-gcc-release.a(single_arena_buffer_allocator.o)
                0x00011052                tflite::SingleArenaBufferAllocator::GetOverlayMemoryAddress() const
 .text._ZNK6tflite26SingleArenaBufferAllocator25GetNonPersistentUsedBytesEv
                0x00011056       0x10 extern/tensorflow/helia_rt_v1_6_0/lib/libtensorflow-microlite-cm4-gcc-release.a(single_arena_buffer_allocator.o)
                0x00011056                tflite::SingleArenaBufferAllocator::GetNonPersistentUsedBytes() const
 .text._ZNK6tflite5Model9subgraphsEv
                0x00011066       0x14 extern/tensorflow/helia_rt_v1_6_0/lib/libtensorflow-microlite-cm4-gcc-release.a(micro_allocator.o)
                0x00011066                tflite::Model::subgraphs() const
 .text._ZNK6tflite6Tensor11is_variableEv
                0x0001107a       0x16 extern/tensorflow/helia_rt_v1_6_0/lib/libtensorflow-microlite-cm4-gcc-release.a(micro_allocator.o)
                0x0001107a                tflite::Tensor::is_variable() const
 .text._ZNK6tflite6Tensor4typeEv
                0x00011090       0x10 extern/tensorflow/helia_rt_v1_6_0/lib/libtensorflow-microlite-cm4-gcc-release.a(micro_allocator.o)
                0x00011090                tflite::Tensor::type() const
 .text._ZNK6tflite8Operator15builtin_optionsEv
                0x000110a0       0x14 extern/tensorflow/helia_rt_v1_6_0/lib/libtensorflow-microlite-cm4-gcc-release.a(flatbuffer_conversions.o)
                0x000110a0                tflite::Operator::builtin_options() const
 .text._ZNK6tflite8Operator20builtin_options_typeEv
                0x000110b4        0xc extern/tensorflow/helia_rt_v1_6_0/lib/libtensorflow-microlite-cm4-gcc-release.a(flatbuffer_conversions.o)
                0x000110b4                tflite::Operator::builtin_options_type() const
 .text._ZNK6tflite8SubGraph7tensorsEv
                0x000110c0       0x14 extern/tensorflow/helia_rt_v1_6_0/lib/libtensorflow-microlite-cm4-gcc-release.a(micro_allocator.o)
                0x000110c0                tflite::SubGraph::tensors() const
 .text._ZNKSt13bad_exception4whatEv
                0x000110d4        0x8 C:/Program Files (x86)/Arm GNU Toolchain arm-none-eabi/14.3 rel1/bin/../lib/gcc/arm-none-eabi/14.3.1/../../../../arm-none-eabi/lib/thumb/v7e-m+fp/hard\libstdc++.a(eh_exception.o)
                0x000110d4                std::bad_exception::what() const
                0x000110d4                transaction clone for std::bad_exception::what() const
 .text._ZNKSt9exception4whatEv
                0x000110dc        0x8 C:/Program Files (x86)/Arm GNU Toolchain arm-none-eabi/14.3 rel1/bin/../lib/gcc/arm-none-eabi/14.3.1/../../../../arm-none-eabi/lib/thumb/v7e-m+fp/hard\libstdc++.a(eh_exception.o)
                0x000110dc                std::exception::what() const
                0x000110dc                transaction clone for std::exception::what() const
 .text._ZNKSt9type_info10__do_catchEPKS_PPvj
                0x000110e4       0x2c C:/Program Files (x86)/Arm GNU Toolchain arm-none-eabi/14.3 rel1/bin/../lib/gcc/arm-none-eabi/14.3.1/../../../../arm-none-eabi/lib/thumb/v7e-m+fp/hard\libstdc++.a(tinfo.o)
                0x000110e4                std::type_info::__do_catch(std::type_info const*, void**, unsigned int) const
 .text._ZNKSt9type_info11__do_upcastEPKN10__cxxabiv117__class_type_infoEPPv
                0x00011110        0x4 C:/Program Files (x86)/Arm GNU Toolchain arm-none-eabi/14.3 rel1/bin/../lib/gcc/arm-none-eabi/14.3.1/../../../../arm-none-eabi/lib/thumb/v7e-m+fp/hard\libstdc++.a(tinfo.o)
                0x00011110                std::type_info::__do_upcast(__cxxabiv1::__class_type_info const*, void**) const
 .text._ZNKSt9type_info14__is_pointer_pEv
                0x00011114        0x4 C:/Program Files (x86)/Arm GNU Toolchain arm-none-eabi/14.3 rel1/bin/../lib/gcc/arm-none-eabi/14.3.1/../../../../arm-none-eabi/lib/thumb/v7e-m+fp/hard\libstdc++.a(tinfo.o)
                0x00011114                std::type_info::__is_pointer_p() const
                0x00011114                std::type_info::__is_function_p() const
 .text._ZNKSt9type_infoeqERKS_
                0x00011118       0x2c C:/Program Files (x86)/Arm GNU Toolchain arm-none-eabi/14.3 rel1/bin/../lib/gcc/arm-none-eabi/14.3.1/../../../../arm-none-eabi/lib/thumb/v7e-m+fp/hard\libstdc++.a(tinfo.o)
                0x00011118                std::type_info::operator==(std::type_info const&) const
                0x00011118                std::type_info::__equal(std::type_info const&) const
 .text._ZNSt13bad_exceptionD0Ev
                0x00011144       0x10 C:/Program Files (x86)/Arm GNU Toolchain arm-none-eabi/14.3 rel1/bin/../lib/gcc/arm-none-eabi/14.3.1/../../../../arm-none-eabi/lib/thumb/v7e-m+fp/hard\libstdc++.a(eh_exception.o)
                0x00011144                std::bad_exception::~bad_exception()
 .text._ZNSt13bad_exceptionD2Ev
                0x00011154        0x4 C:/Program Files (x86)/Arm GNU Toolchain arm-none-eabi/14.3 rel1/bin/../lib/gcc/arm-none-eabi/14.3.1/../../../../arm-none-eabi/lib/thumb/v7e-m+fp/hard\libstdc++.a(eh_exception.o)
                0x00011154                std::bad_exception::~bad_exception()
                0x00011154                std::bad_exception::~bad_exception()
 .text._ZNSt9exceptionD0Ev
                0x00011158       0x10 C:/Program Files (x86)/Arm GNU Toolchain arm-none-eabi/14.3 rel1/bin/../lib/gcc/arm-none-eabi/14.3.1/../../../../arm-none-eabi/lib/thumb/v7e-m+fp/hard\libstdc++.a(eh_exception.o)
                0x00011158                std::exception::~exception()
 .text._ZNSt9exceptionD2Ev
                0x00011168        0x4 C:/Program Files (x86)/Arm GNU Toolchain arm-none-eabi/14.3 rel1/bin/../lib/gcc/arm-none-eabi/14.3.1/../../../../arm-none-eabi/lib/thumb/v7e-m+fp/hard\libstdc++.a(eh_exception.o)
                0x00011168                std::exception::~exception()
                0x00011168                std::exception::~exception()
 .text._ZNSt9type_infoD0Ev
                0x0001116c       0x10 C:/Program Files (x86)/Arm GNU Toolchain arm-none-eabi/14.3 rel1/bin/../lib/gcc/arm-none-eabi/14.3.1/../../../../arm-none-eabi/lib/thumb/v7e-m+fp/hard\libstdc++.a(tinfo.o)
                0x0001116c                std::type_info::~type_info()
 .text._ZNSt9type_infoD2Ev
                0x0001117c        0x4 C:/Program Files (x86)/Arm GNU Toolchain arm-none-eabi/14.3 rel1/bin/../lib/gcc/arm-none-eabi/14.3.1/../../../../arm-none-eabi/lib/thumb/v7e-m+fp/hard\libstdc++.a(tinfo.o)
                0x0001117c                std::type_info::~type_info()
                0x0001117c                std::type_info::~type_info()
 .text._ZSt13get_terminatev
                0x00011180       0x10 C:/Program Files (x86)/Arm GNU Toolchain arm-none-eabi/14.3 rel1/bin/../lib/gcc/arm-none-eabi/14.3.1/../../../../arm-none-eabi/lib/thumb/v7e-m+fp/hard\libstdc++.a(eh_terminate.o)
                0x00011180                std::get_terminate()
 .text._ZSt13set_terminatePFvvE
                0x00011190       0x28 C:/Program Files (x86)/Arm GNU Toolchain arm-none-eabi/14.3 rel1/bin/../lib/gcc/arm-none-eabi/14.3.1/../../../../arm-none-eabi/lib/thumb/v7e-m+fp/hard\libstdc++.a(eh_terminate.o)
                0x00011190                std::set_terminate(void (*)())
 .text._ZSt14get_unexpectedv
                0x000111b8       0x10 C:/Program Files (x86)/Arm GNU Toolchain arm-none-eabi/14.3 rel1/bin/../lib/gcc/arm-none-eabi/14.3.1/../../../../arm-none-eabi/lib/thumb/v7e-m+fp/hard\libstdc++.a(eh_terminate.o)
                0x000111b8                std::get_unexpected()
 .text._ZSt14set_unexpectedPFvvE
                0x000111c8       0x28 C:/Program Files (x86)/Arm GNU Toolchain arm-none-eabi/14.3 rel1/bin/../lib/gcc/arm-none-eabi/14.3.1/../../../../arm-none-eabi/lib/thumb/v7e-m+fp/hard\libstdc++.a(eh_terminate.o)
                0x000111c8                std::set_unexpected(void (*)())
 .text._ZSt18uncaught_exceptionv
                0x000111f0       0x10 C:/Program Files (x86)/Arm GNU Toolchain arm-none-eabi/14.3 rel1/bin/../lib/gcc/arm-none-eabi/14.3.1/../../../../arm-none-eabi/lib/thumb/v7e-m+fp/hard\libstdc++.a(eh_catch.o)
                0x000111f0                std::uncaught_exception()
 .text._ZSt19uncaught_exceptionsv