Archive member included to satisfy reference by file (symbol)

C:/Program Files (x86)/Arm GNU Toolchain arm-none-eabi/14.3 rel1/bin/../lib/gcc/arm-none-eabi/14.3.1/../../../../arm-none-eabi/lib/thumb/v8-m.main+dp/hard\libc.a(libc_a-abort.o)
                              build/apollo510_evb/arm-none-eabi/apps/experiments/ad_demo/src/ad01_int8_aligned_power_model.o (abort)
C:/Program Files (x86)/Arm GNU Toolchain arm-none-eabi/14.3 rel1/bin/../lib/gcc/arm-none-eabi/14.3.1/../../../../arm-none-eabi/lib/thumb/v8-m.main+dp/hard\libc.a(libc_a-atexit.o)
                              build/apollo510_evb/arm-none-eabi/apps/experiments/ad_demo/src/ad01_int8_aligned_power_model.o (atexit)
C:/Program Files (x86)/Arm GNU Toolchain arm-none-eabi/14.3 rel1/bin/../lib/gcc/arm-none-eabi/14.3.1/../../../../arm-none-eabi/lib/thumb/v8-m.main+dp/hard\libc.a(libc_a-signal.o)
                              C:/Program Files (x86)/Arm GNU Toolchain arm-none-eabi/14.3 rel1/bin/../lib/gcc/arm-none-eabi/14.3.1/../../../../arm-none-eabi/lib/thumb/v8-m.main+dp/hard\libc.a(libc_a-abort.o) (raise)
C:/Program Files (x86)/Arm GNU Toolchain arm-none-eabi/14.3 rel1/bin/../lib/gcc/arm-none-eabi/14.3.1/../../../../arm-none-eabi/lib/thumb/v8-m.main+dp/hard\libc.a(libc_a-impure.o)
                              C:/Program Files (x86)/Arm GNU Toolchain arm-none-eabi/14.3 rel1/bin/../lib/gcc/arm-none-eabi/14.3.1/../../../../arm-none-eabi/lib/thumb/v8-m.main+dp/hard\libc.a(libc_a-signal.o) (_impure_ptr)
C:/Program Files (x86)/Arm GNU Toolchain arm-none-eabi/14.3 rel1/bin/../lib/gcc/arm-none-eabi/14.3.1/../../../../arm-none-eabi/lib/thumb/v8-m.main+dp/hard\libc.a(libc_a-strcmp.o)
                              build/apollo510_evb/arm-none-eabi/apps/experiments/ad_demo/src/ad01_int8_aligned_power_model.o (strcmp)
C:/Program Files (x86)/Arm GNU Toolchain arm-none-eabi/14.3 rel1/bin/../lib/gcc/arm-none-eabi/14.3.1/../../../../arm-none-eabi/lib/thumb/v8-m.main+dp/hard\libc.a(libc_a-memcpy.o)
                              build/apollo510_evb/arm-none-eabi/apps/experiments/ad_demo/src/ad_demo.o (memcpy)
C:/Program Files (x86)/Arm GNU Toolchain arm-none-eabi/14.3 rel1/bin/../lib/gcc/arm-none-eabi/14.3.1/../../../../arm-none-eabi/lib/thumb/v8-m.main+dp/hard\libc.a(libc_a-__atexit.o)
                              C:/Program Files (x86)/Arm GNU Toolchain arm-none-eabi/14.3 rel1/bin/../lib/gcc/arm-none-eabi/14.3.1/../../../../arm-none-eabi/lib/thumb/v8-m.main+dp/hard\libc.a(libc_a-atexit.o) (__register_exitproc)
C:/Program Files (x86)/Arm GNU Toolchain arm-none-eabi/14.3 rel1/bin/../lib/gcc/arm-none-eabi/14.3.1/../../../../arm-none-eabi/lib/thumb/v8-m.main+dp/hard\libc.a(libc_a-__call_atexit.o)
                              C:/Program Files (x86)/Arm GNU Toolchain arm-none-eabi/14.3 rel1/bin/../lib/gcc/arm-none-eabi/14.3.1/../../../../arm-none-eabi/lib/thumb/v8-m.main+dp/hard\libc.a(libc_a-__atexit.o) (__atexit_recursive_mutex)
C:/Program Files (x86)/Arm GNU Toolchain arm-none-eabi/14.3 rel1/bin/../lib/gcc/arm-none-eabi/14.3.1/../../../../arm-none-eabi/lib/thumb/v8-m.main+dp/hard\libc.a(libc_a-mallocr.o)
                              C:/Program Files (x86)/Arm GNU Toolchain arm-none-eabi/14.3 rel1/bin/../lib/gcc/arm-none-eabi/14.3.1/../../../../arm-none-eabi/lib/thumb/v8-m.main+dp/hard\libc.a(libc_a-signal.o) (_malloc_r)
C:/Program Files (x86)/Arm GNU Toolchain arm-none-eabi/14.3 rel1/bin/../lib/gcc/arm-none-eabi/14.3.1/../../../../arm-none-eabi/lib/thumb/v8-m.main+dp/hard\libc.a(libc_a-mlock.o)
                              C:/Program Files (x86)/Arm GNU Toolchain arm-none-eabi/14.3 rel1/bin/../lib/gcc/arm-none-eabi/14.3.1/../../../../arm-none-eabi/lib/thumb/v8-m.main+dp/hard\libc.a(libc_a-mallocr.o) (__malloc_lock)
C:/Program Files (x86)/Arm GNU Toolchain arm-none-eabi/14.3 rel1/bin/../lib/gcc/arm-none-eabi/14.3.1/../../../../arm-none-eabi/lib/thumb/v8-m.main+dp/hard\libc.a(libc_a-findfp.o)
                              C:/Program Files (x86)/Arm GNU Toolchain arm-none-eabi/14.3 rel1/bin/../lib/gcc/arm-none-eabi/14.3.1/../../../../arm-none-eabi/lib/thumb/v8-m.main+dp/hard\libc.a(libc_a-impure.o) (__sf)
C:/Program Files (x86)/Arm GNU Toolchain arm-none-eabi/14.3 rel1/bin/../lib/gcc/arm-none-eabi/14.3.1/../../../../arm-none-eabi/lib/thumb/v8-m.main+dp/hard\libc.a(libc_a-fwalk.o)
                              C:/Program Files (x86)/Arm GNU Toolchain arm-none-eabi/14.3 rel1/bin/../lib/gcc/arm-none-eabi/14.3.1/../../../../arm-none-eabi/lib/thumb/v8-m.main+dp/hard\libc.a(libc_a-findfp.o) (_fwalk_sglue)
C:/Program Files (x86)/Arm GNU Toolchain arm-none-eabi/14.3 rel1/bin/../lib/gcc/arm-none-eabi/14.3.1/../../../../arm-none-eabi/lib/thumb/v8-m.main+dp/hard\libc.a(libc_a-stdio.o)
                              C:/Program Files (x86)/Arm GNU Toolchain arm-none-eabi/14.3 rel1/bin/../lib/gcc/arm-none-eabi/14.3.1/../../../../arm-none-eabi/lib/thumb/v8-m.main+dp/hard\libc.a(libc_a-findfp.o) (__sread)
[...]
Memory Configuration

Name             Origin             Length             Attributes
MCU_ITCM         0x00000000         0x00040000         xrw
MCU_MRAM         0x00410000         0x003f0000         xr
MCU_TCM          0x20000000         0x0007c000         xrw
SHARED_SRAM      0x20080000         0x00300000         xrw
*default*        0x00000000         0xffffffff

Linker script and memory map


.text           0x00410000      0x400
                0x00410000                        . = ALIGN (0x4)
 *(.isr_vector)
 .isr_vector    0x00410000      0x25c build/apollo510_evb/arm-none-eabi/neuralspot/ns-core/ns-core.a(startup_gcc.o)
                0x00410000                __Vectors
 *(.patch)
 .patch         0x0041025c      0x1a4 build/apollo510_evb/arm-none-eabi/neuralspot/ns-core/ns-core.a(startup_gcc.o)
                0x0041025c                __Patchable
                0x00410400                        . = ALIGN (0x4)
                0x00482da8                        _etext = .

.glue_7         0x00410400        0x0
 .glue_7        0x00410400        0x0 linker stubs

.glue_7t        0x00410400        0x0
 .glue_7t       0x00410400        0x0 linker stubs

.vfp11_veneer   0x00410400        0x0
 .vfp11_veneer  0x00410400        0x0 linker stubs

.v4_bx          0x00410400        0x0
 .v4_bx         0x00410400        0x0 linker stubs

.iplt           0x00410400        0x0
 .iplt          0x00410400        0x0 build/apollo510_evb/arm-none-eabi/apps/experiments/ad_demo/src/ad01_int8_aligned_power_model.o

.itcm_text      0x00000000       0x1c load address 0x00410400
                0x00000000                        . = ALIGN (0x4)
                0x00000000                        _s_itcm_text = .
 *(.itcm_text)
 .itcm_text     0x00000000       0x1c build/apollo510_evb/arm-none-eabi/extern/AmbiqSuite/R5.3.0/ambiqsuite.a(am_hal_utils.o)
                0x00000000                br_util_delay_cycles
                0x00000008                internal_hal_read_word
                0x0000000c                internal_hal_read_words
 *(.itcm_text*)
                0x0000001c                        . = ALIGN (0x4)
                0x0000001c                        _e_itcm_text = .

.text           0x00410420    0x72988
                0x00410420                        . = ALIGN (0x4)
 *(.text)
 .text          0x00410420      0x1bc C:/Program Files (x86)/Arm GNU Toolchain arm-none-eabi/14.3 rel1/bin/../lib/gcc/arm-none-eabi/14.3.1/../../../../arm-none-eabi/lib/thumb/v8-m.main+dp/hard\libc.a(libc_a-strcmp.o)
                0x00410420                strcmp
 .text          0x004105dc       0xec C:/Program Files (x86)/Arm GNU Toolchain arm-none-eabi/14.3 rel1/bin/../lib/gcc/arm-none-eabi/14.3.1/../../../../arm-none-eabi/lib/thumb/v8-m.main+dp/hard\libc.a(libc_a-memcpy.o)
                0x004105dc                memcpy
 .text          0x004106c8      0x198 C:/Program Files (x86)/Arm GNU Toolchain arm-none-eabi/14.3 rel1/bin/../lib/gcc/arm-none-eabi/14.3.1/thumb/v8-m.main+dp/hard\libgcc.a(libunwind.o)
                0x004106c8                __restore_core_regs
                0x004106c8                restore_core_regs
                0x004106e0                __gnu_Unwind_Restore_VFP
                0x004106e8                __gnu_Unwind_Save_VFP
                0x004106f0                __gnu_Unwind_Restore_VFP_D
                0x004106f8                __gnu_Unwind_Save_VFP_D
                0x00410700                __gnu_Unwind_Restore_VFP_D_16_to_31
                0x00410708                __gnu_Unwind_Save_VFP_D_16_to_31
                0x00410710                __gnu_Unwind_Restore_WMMXD
                0x00410754                __gnu_Unwind_Save_WMMXD
                0x00410798                __gnu_Unwind_Restore_WMMXC
                0x004107ac                __gnu_Unwind_Save_WMMXC
                0x004107c0                ___Unwind_RaiseException
                0x004107c0                _Unwind_RaiseException
                0x004107e0                _Unwind_Resume
                0x004107e0                ___Unwind_Resume
                0x00410800                _Unwind_Resume_or_Rethrow
                0x00410800                ___Unwind_Resume_or_Rethrow
                0x00410820                _Unwind_ForcedUnwind
                0x00410820                ___Unwind_ForcedUnwind
                0x00410840                ___Unwind_Backtrace
                0x00410840                _Unwind_Backtrace
 *(.text*)
 .text._ZN6tflite22MicroMutableOpResolverILj1EED0Ev
                0x00410860        0x4 build/apollo510_evb/arm-none-eabi/apps/experiments/ad_demo/src/ad01_int8_aligned_power_model.o
                0x00410860                tflite::MicroMutableOpResolver<1u>::~MicroMutableOpResolver()
                0x00410860                tflite::MicroMutableOpResolver<1u>::~MicroMutableOpResolver()
                0x00410860                tflite::MicroMutableOpResolver<1u>::~MicroMutableOpResolver()
 .text.__tcf_0  0x00410864        0x4 build/apollo510_evb/arm-none-eabi/apps/experiments/ad_demo/src/ad01_int8_aligned_power_model.o
 .text._ZNK6tflite22MicroMutableOpResolverILj1EE6FindOpENS_15BuiltinOperatorE
                0x00410868       0x18 build/apollo510_evb/arm-none-eabi/apps/experiments/ad_demo/src/ad01_int8_aligned_power_model.o
                0x00410868                tflite::MicroMutableOpResolver<1u>::FindOp(tflite::BuiltinOperator) const
 .text.__tcf_1  0x00410880        0xc build/apollo510_evb/arm-none-eabi/apps/experiments/ad_demo/src/ad01_int8_aligned_power_model.o
 .text._ZNK6tflite22MicroMutableOpResolverILj1EE15GetOpDataParserENS_15BuiltinOperatorE
                0x0041088c       0x20 build/apollo510_evb/arm-none-eabi/apps/experiments/ad_demo/src/ad01_int8_aligned_power_model.o
                0x0041088c                tflite::MicroMutableOpResolver<1u>::GetOpDataParser(tflite::BuiltinOperator) const
 .text._ZNK6tflite22MicroMutableOpResolverILj1EE6FindOpEPKc
                0x004108ac       0x24 build/apollo510_evb/arm-none-eabi/apps/experiments/ad_demo/src/ad01_int8_aligned_power_model.o
                0x004108ac                tflite::MicroMutableOpResolver<1u>::FindOp(char const*) const
 .text._Z28ad01_int8_aligned_power_initP16ns_model_state_t
                0x004108d0      0x2f0 build/apollo510_evb/arm-none-eabi/apps/experiments/ad_demo/src/ad01_int8_aligned_power_model.o
                0x004108d0                ad01_int8_aligned_power_init(ns_model_state_t*)
 .text._Z36ad01_int8_aligned_power_minimal_initP16ns_model_state_t
                0x00410bc0       0x60 build/apollo510_evb/arm-none-eabi/apps/experiments/ad_demo/src/ad01_int8_aligned_power_model.o
                0x00410bc0                ad01_int8_aligned_power_minimal_init(ns_model_state_t*)
 .text.startup.main
                0x00410c20      0x1c8 build/apollo510_evb/arm-none-eabi/apps/experiments/ad_demo/src/ad_demo.o
                0x00410c20                main
 .text.abort    0x00410de8       0x10 C:/Program Files (x86)/Arm GNU Toolchain arm-none-eabi/14.3 rel1/bin/../lib/gcc/arm-none-eabi/14.3.1/../../../../arm-none-eabi/lib/thumb/v8-m.main+dp/hard\libc.a(libc_a-abort.o)
                0x00410de8                abort
 .text.atexit   0x00410df8        0xc C:/Program Files (x86)/Arm GNU Toolchain arm-none-eabi/14.3 rel1/bin/../lib/gcc/arm-none-eabi/14.3.1/../../../../arm-none-eabi/lib/thumb/v8-m.main+dp/hard\libc.a(libc_a-atexit.o)
                0x00410df8                atexit
 .text.raise    0x00410e04       0x58 C:/Program Files (x86)/Arm GNU Toolchain arm-none-eabi/14.3 rel1/bin/../lib/gcc/arm-none-eabi/14.3.1/../../../../arm-none-eabi/lib/thumb/v8-m.main+dp/hard\libc.a(libc_a-signal.o)
                0x00410e04                raise
 .text.__register_exitproc
                0x00410e5c       0x84 C:/Program Files (x86)/Arm GNU Toolchain arm-none-eabi/14.3 rel1/bin/../lib/gcc/arm-none-eabi/14.3.1/../../../../arm-none-eabi/lib/thumb/v8-m.main+dp/hard\libc.a(libc_a-__atexit.o)
                0x00410e5c                __register_exitproc
 .text.startup.register_fini
                0x00410ee0       0x14 C:/Program Files (x86)/Arm GNU Toolchain arm-none-eabi/14.3 rel1/bin/../lib/gcc/arm-none-eabi/14.3.1/../../../../arm-none-eabi/lib/thumb/v8-m.main+dp/hard\libc.a(libc_a-__call_atexit.o)
 .text._malloc_r
                0x00410ef4      0x578 C:/Program Files (x86)/Arm GNU Toolchain arm-none-eabi/14.3 rel1/bin/../lib/gcc/arm-none-eabi/14.3.1/../../../../arm-none-eabi/lib/thumb/v8-m.main+dp/hard\libc.a(libc_a-mallocr.o)
                0x00410ef4                _malloc_r
 .text.__malloc_lock
                0x0041146c        0xc C:/Program Files (x86)/Arm GNU Toolchain arm-none-eabi/14.3 rel1/bin/../lib/gcc/arm-none-eabi/14.3.1/../../../../arm-none-eabi/lib/thumb/v8-m.main+dp/hard\libc.a(libc_a-mlock.o)
                0x0041146c                __malloc_lock
 .text.__malloc_unlock
                0x00411478        0xc C:/Program Files (x86)/Arm GNU Toolchain arm-none-eabi/14.3 rel1/bin/../lib/gcc/arm-none-eabi/14.3.1/../../../../arm-none-eabi/lib/thumb/v8-m.main+dp/hard\libc.a(libc_a-mlock.o)
                0x00411478                __malloc_unlock
 .text.stdio_exit_handler
                0x00411484       0x18 C:/Program Files (x86)/Arm GNU Toolchain arm-none-eabi/14.3 rel1/bin/../lib/gcc/arm-none-eabi/14.3.1/../../../../arm-none-eabi/lib/thumb/v8-m.main+dp/hard\libc.a(libc_a-findfp.o)
 .text.cleanup_stdio
                0x0041149c       0x40 C:/Program Files (x86)/Arm GNU Toolchain arm-none-eabi/14.3 rel1/bin/../lib/gcc/arm-none-eabi/14.3.1/../../../../arm-none-eabi/lib/thumb/v8-m.main+dp/hard\libc.a(libc_a-findfp.o)
 .text.global_stdio_init.part.0
                0x004114dc       0xf0 C:/Program Files (x86)/Arm GNU Toolchain arm-none-eabi/14.3 rel1/bin/../lib/gcc/arm-none-eabi/14.3.1/../../../../arm-none-eabi/lib/thumb/v8-m.main+dp/hard\libc.a(libc_a-findfp.o)
 .text.__sinit  0x004115cc       0x3c C:/Program Files (x86)/Arm GNU Toolchain arm-none-eabi/14.3 rel1/bin/../lib/gcc/arm-none-eabi/14.3.1/../../../../arm-none-eabi/lib/thumb/v8-m.main+dp/hard\libc.a(libc_a-findfp.o)
                0x004115cc                __sinit
 .text.__sfp_lock_acquire
                0x00411608        0xc C:/Program Files (x86)/Arm GNU Toolchain arm-none-eabi/14.3 rel1/bin/../lib/gcc/arm-none-eabi/14.3.1/../../../../arm-none-eabi/lib/thumb/v8-m.main+dp/hard\libc.a(libc_a-findfp.o)
                0x00411608                __sfp_lock_acquire
 .text.__sfp_lock_release
                0x00411614        0xc C:/Program Files (x86)/Arm GNU Toolchain arm-none-eabi/14.3 rel1/bin/../lib/gcc/arm-none-eabi/14.3.1/../../../../arm-none-eabi/lib/thumb/v8-m.main+dp/hard\libc.a(libc_a-findfp.o)
                0x00411614                __sfp_lock_release
 .text._fwalk_sglue
                0x00411620       0x44 C:/Program Files (x86)/Arm GNU Toolchain arm-none-eabi/14.3 rel1/bin/../lib/gcc/arm-none-eabi/14.3.1/../../../../arm-none-eabi/lib/thumb/v8-m.main+dp/hard\libc.a(libc_a-fwalk.o)
                0x00411620                _fwalk_sglue
 .text.__sread  0x00411664       0x24 C:/Program Files (x86)/Arm GNU Toolchain arm-none-eabi/14.3 rel1/bin/../lib/gcc/arm-none-eabi/14.3.1/../../../../arm-none-eabi/lib/thumb/v8-m.main+dp/hard\libc.a(libc_a-stdio.o)
                0x00411664                __sread
 .text.__swrite
                0x00411688       0x40 C:/Program Files (x86)/Arm GNU Toolchain arm-none-eabi/14.3 rel1/bin/../lib/gcc/arm-none-eabi/14.3.1/../../../../arm-none-eabi/lib/thumb/v8-m.main+dp/hard\libc.a(libc_a-stdio.o)
                0x00411688                __swrite
 .text.__sseek  0x004116c8       0x28 C:/Program Files (x86)/Arm GNU Toolchain arm-none-eabi/14.3 rel1/bin/../lib/gcc/arm-none-eabi/14.3.1/../../../../arm-none-eabi/lib/thumb/v8-m.main+dp/hard\libc.a(libc_a-stdio.o)
                0x004116c8                __sseek
 .text.__sclose
                0x004116f0        0x8 C:/Program Files (x86)/Arm GNU Toolchain arm-none-eabi/14.3 rel1/bin/../lib/gcc/arm-none-eabi/14.3.1/../../../../arm-none-eabi/lib/thumb/v8-m.main+dp/hard\libc.a(libc_a-stdio.o)
                0x004116f0                __sclose
 .text.memset   0x004116f8       0x9c C:/Program Files (x86)/Arm GNU Toolchain arm-none-eabi/14.3 rel1/bin/../lib/gcc/arm-none-eabi/14.3.1/../../../../arm-none-eabi/lib/thumb/v8-m.main+dp/hard\libc.a(libc_a-memset.o)
                0x004116f8                memset
 .text._sbrk_r  0x00411794       0x24 C:/Program Files (x86)/Arm GNU Toolchain arm-none-eabi/14.3 rel1/bin/../lib/gcc/arm-none-eabi/14.3.1/../../../../arm-none-eabi/lib/thumb/v8-m.main+dp/hard\libc.a(libc_a-sbrkr.o)
                0x00411794                _sbrk_r
 .text.__libc_fini_array
                0x004117b8       0x28 C:/Program Files (x86)/Arm GNU Toolchain arm-none-eabi/14.3 rel1/bin/../lib/gcc/arm-none-eabi/14.3.1/../../../../arm-none-eabi/lib/thumb/v8-m.main+dp/hard\libc.a(libc_a-fini.o)
                0x004117b8                __libc_fini_array
 .text.__retarget_lock_init_recursive
                0x004117e0        0x4 C:/Program Files (x86)/Arm GNU Toolchain arm-none-eabi/14.3 rel1/bin/../lib/gcc/arm-none-eabi/14.3.1/../../../../arm-none-eabi/lib/thumb/v8-m.main+dp/hard\libc.a(libc_a-lock.o)
                0x004117e0                __retarget_lock_init_recursive
 .text.__retarget_lock_close_recursive
                0x004117e4        0x4 C:/Program Files (x86)/Arm GNU Toolchain arm-none-eabi/14.3 rel1/bin/../lib/gcc/arm-none-eabi/14.3.1/../../../../arm-none-eabi/lib/thumb/v8-m.main+dp/hard\libc.a(libc_a-lock.o)
                0x004117e4                __retarget_lock_close_recursive
 .text.__retarget_lock_acquire_recursive
                0x004117e8        0x4 C:/Program Files (x86)/Arm GNU Toolchain arm-none-eabi/14.3 rel1/bin/../lib/gcc/arm-none-eabi/14.3.1/../../../../arm-none-eabi/lib/thumb/v8-m.main+dp/hard\libc.a(libc_a-lock.o)
                0x004117e8                __retarget_lock_acquire_recursive
 .text.__retarget_lock_release_recursive
                0x004117ec        0x4 C:/Program Files (x86)/Arm GNU Toolchain arm-none-eabi/14.3 rel1/bin/../lib/gcc/arm-none-eabi/14.3.1/../../../../arm-none-eabi/lib/thumb/v8-m.main+dp/hard\libc.a(libc_a-lock.o)
                0x004117ec                __retarget_lock_release_recursive
 .text.sysconf  0x004117f0       0x1c C:/Program Files (x86)/Arm GNU Toolchain arm-none-eabi/14.3 rel1/bin/../lib/gcc/arm-none-eabi/14.3.1/../../../../arm-none-eabi/lib/thumb/v8-m.main+dp/hard\libc.a(libc_a-sysconf.o)
                0x004117f0                sysconf
 .text._malloc_trim_r
                0x0041180c       0xb8 C:/Program Files (x86)/Arm GNU Toolchain arm-none-eabi/14.3 rel1/bin/../lib/gcc/arm-none-eabi/14.3.1/../../../../arm-none-eabi/lib/thumb/v8-m.main+dp/hard\libc.a(libc_a-freer.o)
                0x0041180c                _malloc_trim_r
 .text._free_r  0x004118c4      0x1e8 C:/Program Files (x86)/Arm GNU Toolchain arm-none-eabi/14.3 rel1/bin/../lib/gcc/arm-none-eabi/14.3.1/../../../../arm-none-eabi/lib/thumb/v8-m.main+dp/hard\libc.a(libc_a-freer.o)
                0x004118c4                _free_r
 .text._fclose_r
                0x00411aac       0xc0 C:/Program Files (x86)/Arm GNU Toolchain arm-none-eabi/14.3 rel1/bin/../lib/gcc/arm-none-eabi/14.3.1/../../../../arm-none-eabi/lib/thumb/v8-m.main+dp/hard\libc.a(libc_a-fclose.o)
                0x00411aac                _fclose_r
 .text.__sflush_r
                0x00411b6c      0x138 C:/Program Files (x86)/Arm GNU Toolchain arm-none-eabi/14.3 rel1/bin/../lib/gcc/arm-none-eabi/14.3.1/../../../../arm-none-eabi/lib/thumb/v8-m.main+dp/hard\libc.a(libc_a-fflush.o)
                0x00411b6c                __sflush_r
 .text._fflush_r
                0x00411ca4       0x54 C:/Program Files (x86)/Arm GNU Toolchain arm-none-eabi/14.3 rel1/bin/../lib/gcc/arm-none-eabi/14.3.1/../../../../arm-none-eabi/lib/thumb/v8-m.main+dp/hard\libc.a(libc_a-fflush.o)
                0x00411ca4                _fflush_r
 .text.__errno  0x00411cf8        0xc C:/Program Files (x86)/Arm GNU Toolchain arm-none-eabi/14.3 rel1/bin/../lib/gcc/arm-none-eabi/14.3.1/../../../../arm-none-eabi/lib/thumb/v8-m.main+dp/hard\libc.a(libc_a-errno.o)
                0x00411cf8                __errno
 .text._sbrk    0x00411d04       0x20 C:/Program Files (x86)/Arm GNU Toolchain arm-none-eabi/14.3 rel1/bin/../lib/gcc/arm-none-eabi/14.3.1/../../../../arm-none-eabi/lib/thumb/v8-m.main+dp/hard\libnosys.a(sbrk.o)
                0x00411d04                _sbrk
 .text._exit    0x00411d24        0x4 C:/Program Files (x86)/Arm GNU Toolchain arm-none-eabi/14.3 rel1/bin/../lib/gcc/arm-none-eabi/14.3.1/../../../../arm-none-eabi/lib/thumb/v8-m.main+dp/hard\libnosys.a(_exit.o)
                0x00411d24                _exit
 .text.ns_core_check_api
                0x00411d28       0x8c build/apollo510_evb/arm-none-eabi/neuralspot/ns-core/ns-core.a(ns_core.o)
                0x00411d28                ns_core_check_api
 .text.ns_core_init
                0x00411db4       0x60 build/apollo510_evb/arm-none-eabi/neuralspot/ns-core/ns-core.a(ns_core.o)
                0x00411db4                ns_core_init
 .text.ns_core_fail_loop
                0x00411e14        0x4 build/apollo510_evb/arm-none-eabi/neuralspot/ns-core/ns-core.a(ns_core.o)
                0x00411e14                ns_core_fail_loop
 .text.am_gpio0_203f_isr
                0x00411e18       0x34 build/apollo510_evb/arm-none-eabi/neuralspot/ns-core/ns-core.a(ns_core.o)
                0x00411e18                am_gpio0_203f_isr
 .text.__wrap__write_r
                0x00411e4c        0x4 build/apollo510_evb/arm-none-eabi/neuralspot/ns-core/ns-core.a(ns_core.o)
                0x00411e4c                __wrap__write_r
 .text.__wrap__read_r
                0x00411e50        0x4 build/apollo510_evb/arm-none-eabi/neuralspot/ns-core/ns-core.a(ns_core.o)
                0x00411e50                __wrap__read_r
 .text.__wrap__close_r
                0x00411e54        0x4 build/apollo510_evb/arm-none-eabi/neuralspot/ns-core/ns-core.a(ns_core.o)
                0x00411e54                __wrap__close_r
 .text.__wrap__lseek_r
                0x00411e58        0x4 build/apollo510_evb/arm-none-eabi/neuralspot/ns-core/ns-core.a(ns_core.o)
                0x00411e58                __wrap__lseek_r
 .text.__wrap__kill_r
                0x00411e5c        0x4 build/apollo510_evb/arm-none-eabi/neuralspot/ns-core/ns-core.a(ns_core.o)
                0x00411e5c                __wrap__kill_r
 .text.__wrap__getpid_r
                0x00411e60        0x4 build/apollo510_evb/arm-none-eabi/neuralspot/ns-core/ns-core.a(ns_core.o)
                0x00411e60                __wrap__getpid_r
 .text.__wrap__isatty_r
                0x00411e64        0x4 build/apollo510_evb/arm-none-eabi/neuralspot/ns-core/ns-core.a(ns_core.o)
                0x00411e64                __wrap__isatty_r
 .text.__wrap__fstat_r
                0x00411e68        0x4 build/apollo510_evb/arm-none-eabi/neuralspot/ns-core/ns-core.a(ns_core.o)
                0x00411e68                __wrap__fstat_r
 .text.NMI_Handler
                0x00411e6c        0x4 build/apollo510_evb/arm-none-eabi/neuralspot/ns-core/ns-core.a(startup_gcc.o)
                0x00411e6c                NMI_Handler
 .text.HardFault_Handler
                0x00411e70        0x4 build/apollo510_evb/arm-none-eabi/neuralspot/ns-core/ns-core.a(startup_gcc.o)
                0x00411e70                UsageFault_Handler
                0x00411e70                MemManage_Handler
                0x00411e70                BusFault_Handler
                0x00411e70                HardFault_Handler
 .text.am_default_isr
                0x00411e74        0x4 build/apollo510_evb/arm-none-eabi/neuralspot/ns-core/ns-core.a(startup_gcc.o)
                0x00411e74                am_timer08_isr
                0x00411e74                DebugMon_Handler
                0x00411e74                am_sdio0_isr
                0x00411e74                am_iomaster4_isr
                0x00411e74                am_gpio1_203f_isr
                0x00411e74                am_timer00_isr
                0x00411e74                am_ioslave_fd0_acc_isr
                0x00411e74                am_dspi2s1_isr
                0x00411e74                SysTick_Handler
                0x00411e74                PendSV_Handler
                0x00411e74                am_rtc_isr
                0x00411e74                am_stimer_cmpr3_isr
                0x00411e74                am_adc_isr
                0x00411e74                am_gpio0_e0ff_isr
                0x00411e74                am_iomaster3_isr
                0x00411e74                am_clkgen_isr
                0x00411e74                FloatingPoint_Handler
                0x00411e74                am_stimerof_isr
                0x00411e74                am_timer14_isr
                0x00411e74                am_software0_isr
                0x00411e74                am_cachecpu_isr
                0x00411e74                am_dspi2s0_isr
                0x00411e74                am_stimer_cmpr5_isr
                0x00411e74                am_iomaster5_isr
                0x00411e74                am_pdm0_isr
                0x00411e74                am_uart_isr
                0x00411e74                am_ctimer_isr
                0x00411e74                am_gpio0_607f_isr
                0x00411e74                am_gpio1_607f_isr
                0x00411e74                am_dsi_isr
                0x00411e74                am_disp_isr
                0x00411e74                am_audadc0_isr
                0x00411e74                am_ioslave_acc_isr
                0x00411e74                am_mspi0_isr
                0x00411e74                am_ioslave_fd0_isr
                0x00411e74                am_timer10_isr
                0x00411e74                am_software1_isr
                0x00411e74                am_timer05_isr
                0x00411e74                am_sdio1_isr
                0x00411e74                am_gpio0_809f_isr
                0x00411e74                am_stimer_cmpr6_isr
                0x00411e74                am_gpio1_405f_isr
                0x00411e74                am_iomaster7_isr
                0x00411e74                SecureFault_Handler
                0x00411e74                am_iomaster1_isr
                0x00411e74                am_timer06_isr
                0x00411e74                am_brownout_isr
                0x00411e74                am_timer13_isr
                0x00411e74                am_otp_isr
                0x00411e74                am_vcomp_isr
                0x00411e74                am_stimer_cmpr1_isr
                0x00411e74                am_timer07_isr
                0x00411e74                am_mspi3_isr
                0x00411e74                am_cryptosec_isr
                0x00411e74                am_uart2_isr
                0x00411e74                am_iomaster2_isr
                0x00411e74                am_mspi2_isr
                0x00411e74                am_ioslave_fd1_isr
                0x00411e74                am_ioslave_fd1_acc_isr
                0x00411e74                am_gpio1_809f_isr
                0x00411e74                SVC_Handler
                0x00411e74                am_iomaster6_isr
                0x00411e74                am_timer11_isr
                0x00411e74                am_gpio0_a0bf_isr
                0x00411e74                am_stimer_cmpr2_isr
                0x00411e74                am_ioslave_ios_isr
                0x00411e74                am_mspi1_isr
                0x00411e74                am_gpio1_001f_isr
                0x00411e74                am_uart1_isr
                0x00411e74                am_stimer_cmpr7_isr
                0x00411e74                am_uart3_isr
                0x00411e74                am_watchdog_isr
                0x00411e74                am_stimer_cmpr0_isr
                0x00411e74                am_timer12_isr
                0x00411e74                am_software3_isr
                0x00411e74                am_gpio1_a0bf_isr
                0x00411e74                am_iomaster0_isr
                0x00411e74                am_software2_isr
                0x00411e74                am_gpio1_c0df_isr
                0x00411e74                am_stimer_cmpr4_isr
                0x00411e74                am_timer09_isr
                0x00411e74                am_gpio0_c0df_isr
                0x00411e74                am_default_isr
                0x00411e74                am_gpu_isr
 .text.Reset_Handler
                0x00411e78       0xd4 build/apollo510_evb/arm-none-eabi/neuralspot/ns-core/ns-core.a(startup_gcc.o)
                0x00411e78                Reset_Handler
 .text._init    0x00411f4c        0x4 build/apollo510_evb/arm-none-eabi/neuralspot/ns-core/ns-core.a(startup_gcc.o)
                0x00411f4c                _init
 .text._fini    0x00411f50        0x4 build/apollo510_evb/arm-none-eabi/neuralspot/ns-core/ns-core.a(startup_gcc.o)
                0x00411f50                _fini
 .text.ns_button_0_handler
                0x00411f54       0x10 build/apollo510_evb/arm-none-eabi/neuralspot/ns-peripherals/ns-peripherals.a(ns_button.o)
                0x00411f54                ns_button_0_handler
 .text.ns_button_1_handler
                0x00411f64       0x10 build/apollo510_evb/arm-none-eabi/neuralspot/ns-peripherals/ns-peripherals.a(ns_button.o)
                0x00411f64                ns_button_1_handler
 .text.ns_joulescope_trigger_handler
                0x00411f74       0x10 build/apollo510_evb/arm-none-eabi/neuralspot/ns-peripherals/ns-peripherals.a(ns_button.o)
                0x00411f74                ns_joulescope_trigger_handler
 .text.ns_peripheral_button_init
                0x00411f84       0x2c build/apollo510_evb/arm-none-eabi/neuralspot/ns-peripherals/ns-peripherals.a(ns_button.o)
                0x00411f84                ns_peripheral_button_init
 .text.ns_power_config
                0x00411fb0       0x38 build/apollo510_evb/arm-none-eabi/neuralspot/ns-peripherals/ns-peripherals.a(ns_power.o)
                0x00411fb0                ns_power_config
 .text.am_gpio0_001f_isr
                0x00411fe8       0x34 build/apollo510_evb/arm-none-eabi/neuralspot/ns-peripherals/ns-peripherals.a(ns_button.o)
                0x00411fe8                am_gpio0_001f_isr
 .text.am_gpio0_405f_isr
                0x0041201c       0x34 build/apollo510_evb/arm-none-eabi/neuralspot/ns-peripherals/ns-peripherals.a(ns_button.o)
                0x0041201c                am_gpio0_405f_isr
 .text.ns_button_platform_init
                0x00412050      0x158 build/apollo510_evb/arm-none-eabi/neuralspot/ns-peripherals/ns-peripherals.a(ns_button.o)
                0x00412050                ns_button_platform_init
 .text.ns_set_performance_mode
                0x004121a8       0x14 build/apollo510_evb/arm-none-eabi/neuralspot/ns-peripherals/ns-peripherals.a(ns_power.o)
                0x004121a8                ns_set_performance_mode
 .text.ns_power_platform_config
                0x004121bc      0x124 build/apollo510_evb/arm-none-eabi/neuralspot/ns-peripherals/ns-peripherals.a(ns_power.o)
                0x004121bc                ns_power_platform_config
 .text.ns_init_power_monitor_state
                0x004122e0       0x40 build/apollo510_evb/arm-none-eabi/neuralspot/ns-utils/ns-utils.a(ns_energy_monitor.o)
                0x004122e0                ns_init_power_monitor_state
 .text.ns_set_power_monitor_state
                0x00412320       0x28 build/apollo510_evb/arm-none-eabi/neuralspot/ns-utils/ns-utils.a(ns_energy_monitor.o)
                0x00412320                ns_set_power_monitor_state
 .text.ns_core_initialized
                0x00412348        0xc build/apollo510_evb/arm-none-eabi/neuralspot/ns-utils/ns-utils.a(ns_timer.o)
                0x00412348                ns_core_initialized
 .text.capture_snapshot
                0x00412354       0x50 build/apollo510_evb/arm-none-eabi/neuralspot/ns-utils/ns-utils.a(ns_power_profile.o)
                0x00412354                capture_snapshot
 .text.print_snapshot
                0x004123a4      0x270 build/apollo510_evb/arm-none-eabi/neuralspot/ns-utils/ns-utils.a(ns_power_profile.o)
                0x004123a4                print_snapshot
 .text.am_timer01_isr
                0x00412614       0x28 build/apollo510_evb/arm-none-eabi/neuralspot/ns-utils/ns-utils.a(ns_timer_ap5.o)
                0x00412614                am_timer01_isr
 .text.am_timer02_isr
                0x0041263c       0x28 build/apollo510_evb/arm-none-eabi/neuralspot/ns-utils/ns-utils.a(ns_timer_ap5.o)
                0x0041263c                am_timer02_isr
 .text.am_timer03_isr
                0x00412664       0x28 build/apollo510_evb/arm-none-eabi/neuralspot/ns-utils/ns-utils.a(ns_timer_ap5.o)
                0x00412664                am_timer03_isr
 .text.am_timer04_isr
                0x0041268c       0x28 build/apollo510_evb/arm-none-eabi/neuralspot/ns-utils/ns-utils.a(ns_timer_ap5.o)
                0x0041268c                am_timer04_isr
 .text.am_hal_pwrctrl_mcu_mode_select
                0x004126b4      0x19c build/apollo510_evb/arm-none-eabi/extern/AmbiqSuite/R5.3.0/ambiqsuite.a(am_hal_pwrctrl.o)
                0x004126b4                am_hal_pwrctrl_mcu_mode_select
 .text.am_hal_pwrctrl_gpu_mode_select
                0x00412850       0xdc build/apollo510_evb/arm-none-eabi/extern/AmbiqSuite/R5.3.0/ambiqsuite.a(am_hal_pwrctrl.o)
                0x00412850                am_hal_pwrctrl_gpu_mode_select
 .text.am_hal_pwrctrl_mcu_memory_config
                0x0041292c      0x190 build/apollo510_evb/arm-none-eabi/extern/AmbiqSuite/R5.3.0/ambiqsuite.a(am_hal_pwrctrl.o)
                0x0041292c                am_hal_pwrctrl_mcu_memory_config
 .text.am_hal_pwrctrl_sram_config
                0x00412abc       0xf8 build/apollo510_evb/arm-none-eabi/extern/AmbiqSuite/R5.3.0/ambiqsuite.a(am_hal_pwrctrl.o)
                0x00412abc                am_hal_pwrctrl_sram_config
 .text.am_hal_pwrctrl_periph_enable
                0x00412bb4      0x164 build/apollo510_evb/arm-none-eabi/extern/AmbiqSuite/R5.3.0/ambiqsuite.a(am_hal_pwrctrl.o)
                0x00412bb4                am_hal_pwrctrl_periph_enable
 .text.am_hal_pwrctrl_periph_disable
                0x00412d18      0x1ac build/apollo510_evb/arm-none-eabi/extern/AmbiqSuite/R5.3.0/ambiqsuite.a(am_hal_pwrctrl.o)
                0x00412d18                am_hal_pwrctrl_periph_disable
 .text.am_hal_pwrctrl_periph_enabled
                0x00412ec4       0x34 build/apollo510_evb/arm-none-eabi/extern/AmbiqSuite/R5.3.0/ambiqsuite.a(am_hal_pwrctrl.o)
                0x00412ec4                am_hal_pwrctrl_periph_enabled
 .text.am_hal_pwrctrl_low_power_init
                0x00412ef8      0x42c build/apollo510_evb/arm-none-eabi/extern/AmbiqSuite/R5.3.0/ambiqsuite.a(am_hal_pwrctrl.o)
                0x00412ef8                am_hal_pwrctrl_low_power_init
 .text.buck_ldo_update_override
                0x00413324       0x20 build/apollo510_evb/arm-none-eabi/extern/AmbiqSuite/R5.3.0/ambiqsuite.a(am_hal_pwrctrl.o)
                0x00413324                buck_ldo_update_override
 .text.am_hal_pwrctrl_control
                0x00413344      0x1b4 build/apollo510_evb/arm-none-eabi/extern/AmbiqSuite/R5.3.0/ambiqsuite.a(am_hal_pwrctrl.o)
                0x00413344                am_hal_pwrctrl_control
 .text.am_hal_pwrctrl_pwrmodctl_cpdlp_config
                0x004134f8       0x40 build/apollo510_evb/arm-none-eabi/extern/AmbiqSuite/R5.3.0/ambiqsuite.a(am_hal_pwrctrl.o)
                0x004134f8                am_hal_pwrctrl_pwrmodctl_cpdlp_config
 .text.am_hal_pwrctrl_temp_update
                0x00413538       0x30 build/apollo510_evb/arm-none-eabi/extern/AmbiqSuite/R5.3.0/ambiqsuite.a(am_hal_pwrctrl.o)
                0x00413538                am_hal_pwrctrl_temp_update
 .text.am_hal_pwrctrl_syspll_enable
                0x00413568       0x5c build/apollo510_evb/arm-none-eabi/extern/AmbiqSuite/R5.3.0/ambiqsuite.a(am_hal_pwrctrl.o)
                0x00413568                am_hal_pwrctrl_syspll_enable
 .text.am_hal_pwrctrl_syspll_disable
                0x004135c4       0x50 build/apollo510_evb/arm-none-eabi/extern/AmbiqSuite/R5.3.0/ambiqsuite.a(am_hal_pwrctrl.o)
                0x004135c4                am_hal_pwrctrl_syspll_disable
 .text.am_hal_pwrctrl_syspll_enabled
                0x00413614       0x1c build/apollo510_evb/arm-none-eabi/extern/AmbiqSuite/R5.3.0/ambiqsuite.a(am_hal_pwrctrl.o)
                0x00413614                am_hal_pwrctrl_syspll_enabled
 .text.am_hal_delay_us
                0x00413630       0x54 build/apollo510_evb/arm-none-eabi/extern/AmbiqSuite/R5.3.0/ambiqsuite.a(am_hal_utils.o)
                0x00413630                am_hal_delay_us
 .text.am_hal_delay_us_status_change
                0x00413684       0x60 build/apollo510_evb/arm-none-eabi/extern/AmbiqSuite/R5.3.0/ambiqsuite.a(am_hal_utils.o)
                0x00413684                am_hal_delay_us_status_change
 .text.am_hal_delay_us_status_check
                0x004136e4       0x70 build/apollo510_evb/arm-none-eabi/extern/AmbiqSuite/R5.3.0/ambiqsuite.a(am_hal_utils.o)
                0x004136e4                am_hal_delay_us_status_check
 .text.am_hal_read_words
                0x00413754        0x4 build/apollo510_evb/arm-none-eabi/extern/AmbiqSuite/R5.3.0/ambiqsuite.a(am_hal_utils.o)
                0x00413754                am_hal_read_words
 .text.am_util_delay_ms
                0x00413758        0xc build/apollo510_evb/arm-none-eabi/extern/AmbiqSuite/R5.3.0/ambiqsuite.a(am_util_delay.o)
                0x00413758                am_util_delay_ms
 .text.am_util_delay_us
                0x00413764        0x4 build/apollo510_evb/arm-none-eabi/extern/AmbiqSuite/R5.3.0/ambiqsuite.a(am_util_delay.o)
                0x00413764                am_util_delay_us
 .text.divu64_10
                0x00413768       0xd8 build/apollo510_evb/arm-none-eabi/extern/AmbiqSuite/R5.3.0/ambiqsuite.a(am_util_stdio.o)
 .text.uint64_to_str
                0x00413840      0x15c build/apollo510_evb/arm-none-eabi/extern/AmbiqSuite/R5.3.0/ambiqsuite.a(am_util_stdio.o)
 .text.am_util_stdio_printf_init
                0x0041399c        0xc build/apollo510_evb/arm-none-eabi/extern/AmbiqSuite/R5.3.0/ambiqsuite.a(am_util_stdio.o)
                0x0041399c                am_util_stdio_printf_init
 .text.am_util_stdio_vsprintf
                0x004139a8      0xaa8 build/apollo510_evb/arm-none-eabi/extern/AmbiqSuite/R5.3.0/ambiqsuite.a(am_util_stdio.o)
                0x004139a8                am_util_stdio_vsprintf
 .text.am_util_stdio_printf
                0x00414450       0x34 build/apollo510_evb/arm-none-eabi/extern/AmbiqSuite/R5.3.0/ambiqsuite.a(am_util_stdio.o)
                0x00414450                am_util_stdio_printf
 .text.SystemInit
                0x00414484       0x50 build/apollo510_evb/arm-none-eabi/extern/AmbiqSuite/R5.3.0/ambiqsuite.a(system_apollo510.o)
                0x00414484                SystemInit
 .text.am_usb_isr
                0x004144d4       0x38 build/apollo510_evb/arm-none-eabi/extern/AmbiqSuite/R5.3.0/ambiqsuite.a(dcd_apollo5.o)
                0x004144d4                am_usb_isr
 .text.am_hal_cachectrl_icache_enable
                0x0041450c       0x44 extern/AmbiqSuite/R5.3.0/lib/apollo510/libam_hal.a(am_hal_cachectrl.o)
                0x0041450c                am_hal_cachectrl_icache_enable
 .text.am_hal_cachectrl_icache_disable
                0x00414550       0x34 extern/AmbiqSuite/R5.3.0/lib/apollo510/libam_hal.a(am_hal_cachectrl.o)
                0x00414550                am_hal_cachectrl_icache_disable
 .text.am_hal_cachectrl_dcache_enable
                0x00414584       0xf8 extern/AmbiqSuite/R5.3.0/lib/apollo510/libam_hal.a(am_hal_cachectrl.o)
                0x00414584                am_hal_cachectrl_dcache_enable
 .text.am_hal_cachectrl_dcache_invalidate
                0x0041467c      0x12c extern/AmbiqSuite/R5.3.0/lib/apollo510/libam_hal.a(am_hal_cachectrl.o)
                0x0041467c                am_hal_cachectrl_dcache_invalidate
 .text.am_hal_clkgen_hfrc2adj_ratio_calculate
                0x004147a8       0x34 extern/AmbiqSuite/R5.3.0/lib/apollo510/libam_hal.a(am_hal_clkgen.o)
                0x004147a8                am_hal_clkgen_hfrc2adj_ratio_calculate
 .text.am_hal_clkgen_hfrcadj_target_calculate
                0x004147dc        0xc extern/AmbiqSuite/R5.3.0/lib/apollo510/libam_hal.a(am_hal_clkgen.o)
                0x004147dc                am_hal_clkgen_hfrcadj_target_calculate
 .text.am_hal_clkgen_private_hfrc_force_on
                0x004147e8       0x14 extern/AmbiqSuite/R5.3.0/lib/apollo510/libam_hal.a(am_hal_clkgen.o)
                0x004147e8                am_hal_clkgen_private_hfrc_force_on
 .text.am_hal_clkgen_private_hfadj_apply
                0x004147fc       0x10 extern/AmbiqSuite/R5.3.0/lib/apollo510/libam_hal.a(am_hal_clkgen.o)
                0x004147fc                am_hal_clkgen_private_hfadj_apply
 .text.am_hal_clkgen_private_hfadj_disable
                0x0041480c       0x10 extern/AmbiqSuite/R5.3.0/lib/apollo510/libam_hal.a(am_hal_clkgen.o)
                0x0041480c                am_hal_clkgen_private_hfadj_disable
 .text.am_hal_clkgen_private_hfrc2_force_on
                0x0041481c       0x44 extern/AmbiqSuite/R5.3.0/lib/apollo510/libam_hal.a(am_hal_clkgen.o)
                0x0041481c                am_hal_clkgen_private_hfrc2_force_on
 .text.am_hal_clkgen_private_hf2adj_apply
                0x00414860       0x44 extern/AmbiqSuite/R5.3.0/lib/apollo510/libam_hal.a(am_hal_clkgen.o)
                0x00414860                am_hal_clkgen_private_hf2adj_apply
 .text.am_hal_clkgen_private_hf2adj_disable
                0x004148a4       0x10 extern/AmbiqSuite/R5.3.0/lib/apollo510/libam_hal.a(am_hal_clkgen.o)
                0x004148a4                am_hal_clkgen_private_hf2adj_disable
 .text.am_hal_clkmgr_request_XTAL_HS
                0x004148b4      0x178 extern/AmbiqSuite/R5.3.0/lib/apollo510/libam_hal.a(am_hal_clkmgr.o)
 .text.am_hal_clkmgr_config_HFRC
                0x00414a2c      0x1c0 extern/AmbiqSuite/R5.3.0/lib/apollo510/libam_hal.a(am_hal_clkmgr.o)
 .text.am_hal_clkmgr_clock_config
                0x00414bec      0x5b0 extern/AmbiqSuite/R5.3.0/lib/apollo510/libam_hal.a(am_hal_clkmgr.o)
                0x00414bec                am_hal_clkmgr_clock_config
 .text.am_hal_clkmgr_clock_request
                0x0041519c      0x934 extern/AmbiqSuite/R5.3.0/lib/apollo510/libam_hal.a(am_hal_clkmgr.o)
                0x0041519c                am_hal_clkmgr_clock_request
 .text.am_hal_clkmgr_clock_release
                0x00415ad0      0x2fc extern/AmbiqSuite/R5.3.0/lib/apollo510/libam_hal.a(am_hal_clkmgr.o)
                0x00415ad0                am_hal_clkmgr_clock_release
 .text.am_hal_clkmgr_clock_release_all
                0x00415dcc       0xbc extern/AmbiqSuite/R5.3.0/lib/apollo510/libam_hal.a(am_hal_clkmgr.o)
                0x00415dcc                am_hal_clkmgr_clock_release_all
 .text.am_hal_clkmgr_board_info_set
                0x00415e88       0x34 extern/AmbiqSuite/R5.3.0/lib/apollo510/libam_hal.a(am_hal_clkmgr.o)
                0x00415e88                am_hal_clkmgr_board_info_set
 .text.am_hal_debug_enable
                0x00415ebc       0xd8 extern/AmbiqSuite/R5.3.0/lib/apollo510/libam_hal.a(am_hal_debug.o)
                0x00415ebc                am_hal_debug_enable
 .text.am_hal_debug_disable
                0x00415f94       0xd0 extern/AmbiqSuite/R5.3.0/lib/apollo510/libam_hal.a(am_hal_debug.o)
                0x00415f94                am_hal_debug_disable
 .text.am_hal_debug_trace_disable
                0x00416064       0x60 extern/AmbiqSuite/R5.3.0/lib/apollo510/libam_hal.a(am_hal_debug.o)
                0x00416064                am_hal_debug_trace_disable
 .text.am_hal_gpio_pinconfig_get
                0x004160c4       0x20 extern/AmbiqSuite/R5.3.0/lib/apollo510/libam_hal.a(am_hal_gpio.o)
                0x004160c4                am_hal_gpio_pinconfig_get
 .text.am_hal_gpio_pinconfig
                0x004160e4       0x90 extern/AmbiqSuite/R5.3.0/lib/apollo510/libam_hal.a(am_hal_gpio.o)
                0x004160e4                am_hal_gpio_pinconfig
 .text.am_hal_gpio_state_write
                0x00416174       0xe0 extern/AmbiqSuite/R5.3.0/lib/apollo510/libam_hal.a(am_hal_gpio.o)
                0x00416174                am_hal_gpio_state_write
 .text.am_hal_gpio_interrupt_control
                0x00416254      0x244 extern/AmbiqSuite/R5.3.0/lib/apollo510/libam_hal.a(am_hal_gpio.o)
                0x00416254                am_hal_gpio_interrupt_control
 .text.am_hal_gpio_interrupt_irq_status_get
                0x00416498       0x60 extern/AmbiqSuite/R5.3.0/lib/apollo510/libam_hal.a(am_hal_gpio.o)
                0x00416498                am_hal_gpio_interrupt_irq_status_get
 .text.am_hal_gpio_interrupt_irq_clear
                0x004164f8       0x34 extern/AmbiqSuite/R5.3.0/lib/apollo510/libam_hal.a(am_hal_gpio.o)
                0x004164f8                am_hal_gpio_interrupt_irq_clear
 .text.am_hal_gpio_interrupt_register
                0x0041652c       0x74 extern/AmbiqSuite/R5.3.0/lib/apollo510/libam_hal.a(am_hal_gpio.o)
                0x0041652c                am_hal_gpio_interrupt_register
 .text.am_hal_gpio_interrupt_service
                0x004165a0       0x7c extern/AmbiqSuite/R5.3.0/lib/apollo510/libam_hal.a(am_hal_gpio.o)
                0x004165a0                am_hal_gpio_interrupt_service
 .text.am_hal_info1_read
                0x0041661c       0xbc extern/AmbiqSuite/R5.3.0/lib/apollo510/libam_hal.a(am_hal_info.o)
                0x0041661c                am_hal_info1_read
 .text.am_hal_interrupt_master_enable
                0x004166d8        0x8 extern/AmbiqSuite/R5.3.0/lib/apollo510/libam_hal.a(am_hal_interrupt.o)
                0x004166d8                am_hal_interrupt_master_enable
 .text.am_hal_interrupt_master_disable
                0x004166e0        0x8 extern/AmbiqSuite/R5.3.0/lib/apollo510/libam_hal.a(am_hal_interrupt.o)
                0x004166e0                am_hal_interrupt_master_disable
 .text.am_hal_interrupt_master_set
                0x004166e8        0x8 extern/AmbiqSuite/R5.3.0/lib/apollo510/libam_hal.a(am_hal_interrupt.o)
                0x004166e8                am_hal_interrupt_master_set
 .text.am_hal_mcuctrl_control
                0x004166f0      0x2c0 extern/AmbiqSuite/R5.3.0/lib/apollo510/libam_hal.a(am_hal_mcuctrl.o)
                0x004166f0                am_hal_mcuctrl_control
 .text.am_hal_mcuctrl_extclk32m_status_get
                0x004169b0       0x20 extern/AmbiqSuite/R5.3.0/lib/apollo510/libam_hal.a(am_hal_mcuctrl.o)
                0x004169b0                am_hal_mcuctrl_extclk32m_status_get
 .text.am_hal_rtc_osc_disable
                0x004169d0       0x14 extern/AmbiqSuite/R5.3.0/lib/apollo510/libam_hal.a(am_hal_rtc.o)
                0x004169d0                am_hal_rtc_osc_disable
 .text.am_hal_rtc_osc_select
                0x004169e4       0x24 extern/AmbiqSuite/R5.3.0/lib/apollo510/libam_hal.a(am_hal_rtc.o)
                0x004169e4                am_hal_rtc_osc_select
 .text.am_hal_spotmgr_timer_init
                0x00416a08       0x48 extern/AmbiqSuite/R5.3.0/lib/apollo510/libam_hal.a(am_hal_spotmgr.o)
                0x00416a08                am_hal_spotmgr_timer_init
 .text.am_hal_spotmgr_timer_start
                0x00416a50       0x5c extern/AmbiqSuite/R5.3.0/lib/apollo510/libam_hal.a(am_hal_spotmgr.o)
                0x00416a50                am_hal_spotmgr_timer_start
 .text.am_hal_spotmgr_timer_restart
                0x00416aac       0x60 extern/AmbiqSuite/R5.3.0/lib/apollo510/libam_hal.a(am_hal_spotmgr.o)
                0x00416aac                am_hal_spotmgr_timer_restart
 .text.am_hal_spotmgr_timer_stop
                0x00416b0c       0x4c extern/AmbiqSuite/R5.3.0/lib/apollo510/libam_hal.a(am_hal_spotmgr.o)
                0x00416b0c                am_hal_spotmgr_timer_stop
 .text.am_hal_spotmgr_power_state_update
                0x00416b58       0x10 extern/AmbiqSuite/R5.3.0/lib/apollo510/libam_hal.a(am_hal_spotmgr.o)
                0x00416b58                am_hal_spotmgr_power_state_update
 .text.am_hal_spotmgr_tempco_postpone
                0x00416b68       0x10 extern/AmbiqSuite/R5.3.0/lib/apollo510/libam_hal.a(am_hal_spotmgr.o)
                0x00416b68                am_hal_spotmgr_tempco_postpone
 .text.am_hal_spotmgr_tempco_pending_handle
                0x00416b78       0x10 extern/AmbiqSuite/R5.3.0/lib/apollo510/libam_hal.a(am_hal_spotmgr.o)
                0x00416b78                am_hal_spotmgr_tempco_pending_handle
 .text.am_hal_spotmgr_simobuck_init_bfr_ovr
                0x00416b88       0x10 extern/AmbiqSuite/R5.3.0/lib/apollo510/libam_hal.a(am_hal_spotmgr.o)
                0x00416b88                am_hal_spotmgr_simobuck_init_bfr_ovr
 .text.am_hal_spotmgr_simobuck_init_bfr_enable
                0x00416b98       0x10 extern/AmbiqSuite/R5.3.0/lib/apollo510/libam_hal.a(am_hal_spotmgr.o)
                0x00416b98                am_hal_spotmgr_simobuck_init_bfr_enable
 .text.am_hal_spotmgr_simobuck_init_aft_enable
                0x00416ba8       0x10 extern/AmbiqSuite/R5.3.0/lib/apollo510/libam_hal.a(am_hal_spotmgr.o)
                0x00416ba8                am_hal_spotmgr_simobuck_init_aft_enable
 .text.am_hal_spotmgr_boost_timer_interrupt_service
                0x00416bb8       0x10 extern/AmbiqSuite/R5.3.0/lib/apollo510/libam_hal.a(am_hal_spotmgr.o)
                0x00416bb8                am_hal_spotmgr_boost_timer_interrupt_service
 .text.am_hal_spotmgr_ton_config_init
                0x00416bc8       0x10 extern/AmbiqSuite/R5.3.0/lib/apollo510/libam_hal.a(am_hal_spotmgr.o)
                0x00416bc8                am_hal_spotmgr_ton_config_init
 .text.am_hal_spotmgr_ton_config_update
                0x00416bd8       0x10 extern/AmbiqSuite/R5.3.0/lib/apollo510/libam_hal.a(am_hal_spotmgr.o)
                0x00416bd8                am_hal_spotmgr_ton_config_update
 .text.am_hal_spotmgr_post_lptohp_handle
                0x00416be8       0x10 extern/AmbiqSuite/R5.3.0/lib/apollo510/libam_hal.a(am_hal_spotmgr.o)
                0x00416be8                am_hal_spotmgr_post_lptohp_handle
 .text.am_hal_spotmgr_simobuck_lp_autosw_init
                0x00416bf8       0x10 extern/AmbiqSuite/R5.3.0/lib/apollo510/libam_hal.a(am_hal_spotmgr.o)
                0x00416bf8                am_hal_spotmgr_simobuck_lp_autosw_init
 .text.am_hal_spotmgr_init
                0x00416c08      0x3bc extern/AmbiqSuite/R5.3.0/lib/apollo510/libam_hal.a(am_hal_spotmgr.o)
                0x00416c08                am_hal_spotmgr_init
 .text.am_hal_spotmgr_pcm0_7_power_state_update
                0x00416fc4      0x214 extern/AmbiqSuite/R5.3.0/lib/apollo510/libam_hal.a(am_hal_spotmgr_pcm0_7.o)
                0x00416fc4                am_hal_spotmgr_pcm0_7_power_state_update
 .text.am_hal_spotmgr_pcm0_7_simobuck_init_bfr_enable
                0x004171d8       0x30 extern/AmbiqSuite/R5.3.0/lib/apollo510/libam_hal.a(am_hal_spotmgr_pcm0_7.o)
                0x004171d8                am_hal_spotmgr_pcm0_7_simobuck_init_bfr_enable
 .text.am_hal_spotmgr_pcm0_7_simobuck_init_aft_enable
                0x00417208       0x24 extern/AmbiqSuite/R5.3.0/lib/apollo510/libam_hal.a(am_hal_spotmgr_pcm0_7.o)
                0x00417208                am_hal_spotmgr_pcm0_7_simobuck_init_aft_enable
 .text.am_hal_spotmgr_pcm0_7_ton_config_init
                0x0041722c       0xbc extern/AmbiqSuite/R5.3.0/lib/apollo510/libam_hal.a(am_hal_spotmgr_pcm0_7.o)
                0x0041722c                am_hal_spotmgr_pcm0_7_ton_config_init
 .text.am_hal_spotmgr_pcm0_7_ton_config_update
                0x004172e8      0x154 extern/AmbiqSuite/R5.3.0/lib/apollo510/libam_hal.a(am_hal_spotmgr_pcm0_7.o)
                0x004172e8                am_hal_spotmgr_pcm0_7_ton_config_update
 .text.am_hal_spotmgr_pcm0_7_init
                0x0041743c        0x4 extern/AmbiqSuite/R5.3.0/lib/apollo510/libam_hal.a(am_hal_spotmgr_pcm0_7.o)
                0x0041743c                am_hal_spotmgr_pcm0_7_init
 .text.am_hal_spotmgr_pcm2_0_power_state_update
                0x00417440      0x6d4 extern/AmbiqSuite/R5.3.0/lib/apollo510/libam_hal.a(am_hal_spotmgr_pcm2_0.o)
                0x00417440                am_hal_spotmgr_pcm2_0_power_state_update
 .text.am_hal_spotmgr_pcm2_0_tempco_postpone
                0x00417b14       0x10 extern/AmbiqSuite/R5.3.0/lib/apollo510/libam_hal.a(am_hal_spotmgr_pcm2_0.o)
                0x00417b14                am_hal_spotmgr_pcm2_0_tempco_postpone
 .text.am_hal_spotmgr_pcm2_0_tempco_pending_handle
                0x00417b24       0xb4 extern/AmbiqSuite/R5.3.0/lib/apollo510/libam_hal.a(am_hal_spotmgr_pcm2_0.o)
                0x00417b24                am_hal_spotmgr_pcm2_0_tempco_pending_handle
 .text.am_hal_spotmgr_pcm2_0_simobuck_init_bfr_enable
                0x00417bd8       0x30 extern/AmbiqSuite/R5.3.0/lib/apollo510/libam_hal.a(am_hal_spotmgr_pcm2_0.o)
                0x00417bd8                am_hal_spotmgr_pcm2_0_simobuck_init_bfr_enable
 .text.am_hal_spotmgr_pcm2_0_simobuck_init_aft_enable
                0x00417c08       0x28 extern/AmbiqSuite/R5.3.0/lib/apollo510/libam_hal.a(am_hal_spotmgr_pcm2_0.o)
                0x00417c08                am_hal_spotmgr_pcm2_0_simobuck_init_aft_enable
 .text.am_hal_spotmgr_pcm2_0_simobuck_lp_autosw_init
                0x00417c30       0x60 extern/AmbiqSuite/R5.3.0/lib/apollo510/libam_hal.a(am_hal_spotmgr_pcm2_0.o)
                0x00417c30                am_hal_spotmgr_pcm2_0_simobuck_lp_autosw_init
 .text.am_hal_spotmgr_pcm2_0_simobuck_lp_autosw_enable
                0x00417c90       0x24 extern/AmbiqSuite/R5.3.0/lib/apollo510/libam_hal.a(am_hal_spotmgr_pcm2_0.o)
                0x00417c90                am_hal_spotmgr_pcm2_0_simobuck_lp_autosw_enable
 .text.am_hal_spotmgr_pcm2_0_simobuck_lp_autosw_disable
                0x00417cb4       0x24 extern/AmbiqSuite/R5.3.0/lib/apollo510/libam_hal.a(am_hal_spotmgr_pcm2_0.o)
                0x00417cb4                am_hal_spotmgr_pcm2_0_simobuck_lp_autosw_disable
 .text.am_hal_spotmgr_pcm2_0_init
                0x00417cd8       0x90 extern/AmbiqSuite/R5.3.0/lib/apollo510/libam_hal.a(am_hal_spotmgr_pcm2_0.o)
                0x00417cd8                am_hal_spotmgr_pcm2_0_init
 .text.am_hal_spotmgr_pcm2_0_default_reset
                0x00417d68        0x4 extern/AmbiqSuite/R5.3.0/lib/apollo510/libam_hal.a(am_hal_spotmgr_pcm2_0.o)
                0x00417d68                am_hal_spotmgr_pcm2_0_default_reset
 .text.spotmgr_power_ton_adjust
                0x00417d6c      0x23c extern/AmbiqSuite/R5.3.0/lib/apollo510/libam_hal.a(am_hal_spotmgr_pcm2_1.o)
 .text.am_hal_spotmgr_pcm2_1_boost_timer_interrupt_service
                0x00417fa8       0xc4 extern/AmbiqSuite/R5.3.0/lib/apollo510/libam_hal.a(am_hal_spotmgr_pcm2_1.o)
                0x00417fa8                am_hal_spotmgr_pcm2_1_boost_timer_interrupt_service
 .text.am_hal_spotmgr_pcm2_1_power_state_update
                0x0041806c      0xd88 extern/AmbiqSuite/R5.3.0/lib/apollo510/libam_hal.a(am_hal_spotmgr_pcm2_1.o)
                0x0041806c                am_hal_spotmgr_pcm2_1_power_state_update
 .text.am_hal_spotmgr_pcm2_1_simobuck_init_bfr_ovr
                0x00418df4       0x18 extern/AmbiqSuite/R5.3.0/lib/apollo510/libam_hal.a(am_hal_spotmgr_pcm2_1.o)
                0x00418df4                am_hal_spotmgr_pcm2_1_simobuck_init_bfr_ovr
 .text.am_hal_spotmgr_pcm2_1_simobuck_init_bfr_enable
                0x00418e0c       0x30 extern/AmbiqSuite/R5.3.0/lib/apollo510/libam_hal.a(am_hal_spotmgr_pcm2_1.o)
                0x00418e0c                am_hal_spotmgr_pcm2_1_simobuck_init_bfr_enable
 .text.am_hal_spotmgr_pcm2_1_simobuck_init_aft_enable
                0x00418e3c       0x3c extern/AmbiqSuite/R5.3.0/lib/apollo510/libam_hal.a(am_hal_spotmgr_pcm2_1.o)
                0x00418e3c                am_hal_spotmgr_pcm2_1_simobuck_init_aft_enable
 .text.am_hal_spotmgr_pcm2_1_init
                0x00418e78      0x154 extern/AmbiqSuite/R5.3.0/lib/apollo510/libam_hal.a(am_hal_spotmgr_pcm2_1.o)
                0x00418e78                am_hal_spotmgr_pcm2_1_init
 .text.am_hal_spotmgr_pcm2_1_default_reset
                0x00418fcc       0x54 extern/AmbiqSuite/R5.3.0/lib/apollo510/libam_hal.a(am_hal_spotmgr_pcm2_1.o)
                0x00418fcc                am_hal_spotmgr_pcm2_1_default_reset
 .text.transition_sequence_24
                0x00419020        0x4 extern/AmbiqSuite/R5.3.0/lib/apollo510/libam_hal.a(am_hal_spotmgr_pcm2_2.o)
 .text.spotmgr_power_ton_adjust
                0x00419024       0xd0 extern/AmbiqSuite/R5.3.0/lib/apollo510/libam_hal.a(am_hal_spotmgr_pcm2_2.o)
 .text.transition_sequence_temp
                0x004190f4        0x4 extern/AmbiqSuite/R5.3.0/lib/apollo510/libam_hal.a(am_hal_spotmgr_pcm2_2.o)
 .text.transition_sequence_invalid
                0x004190f8        0x4 extern/AmbiqSuite/R5.3.0/lib/apollo510/libam_hal.a(am_hal_spotmgr_pcm2_2.o)
 .text.spotmgr_temperature_transition_separate
                0x004190fc      0x1e8 extern/AmbiqSuite/R5.3.0/lib/apollo510/libam_hal.a(am_hal_spotmgr_pcm2_2.o)
 .text.am_hal_spotmgr_pcm2_2_post_lptohp_handle
                0x004192e4       0x6c extern/AmbiqSuite/R5.3.0/lib/apollo510/libam_hal.a(am_hal_spotmgr_pcm2_2.o)
                0x004192e4                am_hal_spotmgr_pcm2_2_post_lptohp_handle
 .text.am_hal_spotmgr_pcm2_2_boost_timer_interrupt_service
                0x00419350      0x17c extern/AmbiqSuite/R5.3.0/lib/apollo510/libam_hal.a(am_hal_spotmgr_pcm2_2.o)
                0x00419350                am_hal_spotmgr_pcm2_2_boost_timer_interrupt_service
 .text.transition_sequence_22
                0x004194cc      0x148 extern/AmbiqSuite/R5.3.0/lib/apollo510/libam_hal.a(am_hal_spotmgr_pcm2_2.o)
 .text.transition_sequence_21
                0x00419614      0x15c extern/AmbiqSuite/R5.3.0/lib/apollo510/libam_hal.a(am_hal_spotmgr_pcm2_2.o)
 .text.transition_sequence_20
                0x00419770       0xc0 extern/AmbiqSuite/R5.3.0/lib/apollo510/libam_hal.a(am_hal_spotmgr_pcm2_2.o)
 .text.transition_sequence_19
                0x00419830      0x134 extern/AmbiqSuite/R5.3.0/lib/apollo510/libam_hal.a(am_hal_spotmgr_pcm2_2.o)
 .text.transition_sequence_18
                0x00419964      0x1e0 extern/AmbiqSuite/R5.3.0/lib/apollo510/libam_hal.a(am_hal_spotmgr_pcm2_2.o)
 .text.transition_sequence_17
                0x00419b44      0x144 extern/AmbiqSuite/R5.3.0/lib/apollo510/libam_hal.a(am_hal_spotmgr_pcm2_2.o)
 .text.transition_sequence_16
                0x00419c88       0xe8 extern/AmbiqSuite/R5.3.0/lib/apollo510/libam_hal.a(am_hal_spotmgr_pcm2_2.o)
 .text.transition_sequence_15
                0x00419d70      0x108 extern/AmbiqSuite/R5.3.0/lib/apollo510/libam_hal.a(am_hal_spotmgr_pcm2_2.o)
 .text.transition_sequence_14
                0x00419e78       0xa8 extern/AmbiqSuite/R5.3.0/lib/apollo510/libam_hal.a(am_hal_spotmgr_pcm2_2.o)
 .text.transition_sequence_13
                0x00419f20      0x1e4 extern/AmbiqSuite/R5.3.0/lib/apollo510/libam_hal.a(am_hal_spotmgr_pcm2_2.o)
 .text.transition_sequence_12
                0x0041a104      0x104 extern/AmbiqSuite/R5.3.0/lib/apollo510/libam_hal.a(am_hal_spotmgr_pcm2_2.o)
 .text.transition_sequence_11
                0x0041a208      0x19c extern/AmbiqSuite/R5.3.0/lib/apollo510/libam_hal.a(am_hal_spotmgr_pcm2_2.o)
 .text.transition_sequence_8
                0x0041a3a4       0xa4 extern/AmbiqSuite/R5.3.0/lib/apollo510/libam_hal.a(am_hal_spotmgr_pcm2_2.o)
 .text.transition_sequence_7
                0x0041a448      0x150 extern/AmbiqSuite/R5.3.0/lib/apollo510/libam_hal.a(am_hal_spotmgr_pcm2_2.o)
 .text.transition_sequence_6
                0x0041a598       0xb0 extern/AmbiqSuite/R5.3.0/lib/apollo510/libam_hal.a(am_hal_spotmgr_pcm2_2.o)
 .text.transition_sequence_5
                0x0041a648      0x188 extern/AmbiqSuite/R5.3.0/lib/apollo510/libam_hal.a(am_hal_spotmgr_pcm2_2.o)
 .text.transition_sequence_4
                0x0041a7d0       0xf4 extern/AmbiqSuite/R5.3.0/lib/apollo510/libam_hal.a(am_hal_spotmgr_pcm2_2.o)
 .text.transition_sequence_3
                0x0041a8c4       0xfc extern/AmbiqSuite/R5.3.0/lib/apollo510/libam_hal.a(am_hal_spotmgr_pcm2_2.o)
 .text.transition_sequence_2
                0x0041a9c0      0x110 extern/AmbiqSuite/R5.3.0/lib/apollo510/libam_hal.a(am_hal_spotmgr_pcm2_2.o)
 .text.transition_sequence_1
                0x0041aad0      0x1dc extern/AmbiqSuite/R5.3.0/lib/apollo510/libam_hal.a(am_hal_spotmgr_pcm2_2.o)
 .text.transition_sequence_0
                0x0041acac      0x1b4 extern/AmbiqSuite/R5.3.0/lib/apollo510/libam_hal.a(am_hal_spotmgr_pcm2_2.o)
 .text.transition_sequence_9
                0x0041ae60       0xb0 extern/AmbiqSuite/R5.3.0/lib/apollo510/libam_hal.a(am_hal_spotmgr_pcm2_2.o)
 .text.transition_sequence_10
                0x0041af10       0xa4 extern/AmbiqSuite/R5.3.0/lib/apollo510/libam_hal.a(am_hal_spotmgr_pcm2_2.o)
 .text.transition_sequence_23
                0x0041afb4       0xa4 extern/AmbiqSuite/R5.3.0/lib/apollo510/libam_hal.a(am_hal_spotmgr_pcm2_2.o)
 .text.am_hal_spotmgr_pcm2_2_power_state_update
                0x0041b058      0x9ac extern/AmbiqSuite/R5.3.0/lib/apollo510/libam_hal.a(am_hal_spotmgr_pcm2_2.o)
                0x0041b058                am_hal_spotmgr_pcm2_2_power_state_update
 .text.am_hal_spotmgr_pcm2_2_simobuck_init_aft_enable
                0x0041ba04       0x4c extern/AmbiqSuite/R5.3.0/lib/apollo510/libam_hal.a(am_hal_spotmgr_pcm2_2.o)
                0x0041ba04                am_hal_spotmgr_pcm2_2_simobuck_init_aft_enable
 .text.am_hal_spotmgr_pcm2_2_init
                0x0041ba50       0x88 extern/AmbiqSuite/R5.3.0/lib/apollo510/libam_hal.a(am_hal_spotmgr_pcm2_2.o)
                0x0041ba50                am_hal_spotmgr_pcm2_2_init
 .text.am_hal_spotmgr_pcm2_2_default_reset
                0x0041bad8       0x54 extern/AmbiqSuite/R5.3.0/lib/apollo510/libam_hal.a(am_hal_spotmgr_pcm2_2.o)
                0x0041bad8                am_hal_spotmgr_pcm2_2_default_reset
 .text.am_hal_stimer_is_running
                0x0041bb2c       0x30 extern/AmbiqSuite/R5.3.0/lib/apollo510/libam_hal.a(am_hal_stimer.o)
                0x0041bb2c                am_hal_stimer_is_running
 .text.am_hal_sysctrl_fpu_enable
                0x0041bb5c       0x1c extern/AmbiqSuite/R5.3.0/lib/apollo510/libam_hal.a(am_hal_sysctrl.o)
                0x0041bb5c                am_hal_sysctrl_fpu_enable
 .text.am_hal_sysctrl_fpu_stacking_enable
                0x0041bb78       0x34 extern/AmbiqSuite/R5.3.0/lib/apollo510/libam_hal.a(am_hal_sysctrl.o)
                0x0041bb78                am_hal_sysctrl_fpu_stacking_enable
 .text.am_hal_sysctrl_clkmuxrst_pll_fref_update
                0x0041bbac       0x28 extern/AmbiqSuite/R5.3.0/lib/apollo510/libam_hal.a(am_hal_sysctrl.o)
                0x0041bbac                am_hal_sysctrl_clkmuxrst_pll_fref_update
 .text.am_hal_sysctrl_clkmuxrst_low_power_init
                0x0041bbd4      0x360 extern/AmbiqSuite/R5.3.0/lib/apollo510/libam_hal.a(am_hal_sysctrl.o)
                0x0041bbd4                am_hal_sysctrl_clkmuxrst_low_power_init
 .text.am_hal_syspll_config_generate
                0x0041bf34      0x37c extern/AmbiqSuite/R5.3.0/lib/apollo510/libam_hal.a(am_hal_syspll.o)
                0x0041bf34                am_hal_syspll_config_generate
 .text.am_hal_syspll_config_generate_minFVCO
                0x0041c2b0      0x2a0 extern/AmbiqSuite/R5.3.0/lib/apollo510/libam_hal.a(am_hal_syspll.o)
 .text.am_hal_syspll_config_generate_with_postdiv
                0x0041c550      0x130 extern/AmbiqSuite/R5.3.0/lib/apollo510/libam_hal.a(am_hal_syspll.o)
                0x0041c550                am_hal_syspll_config_generate_with_postdiv
 .text.am_hal_syspll_initialize
                0x0041c680       0x40 extern/AmbiqSuite/R5.3.0/lib/apollo510/libam_hal.a(am_hal_syspll.o)
                0x0041c680                am_hal_syspll_initialize
 .text.am_hal_syspll_deinitialize
                0x0041c6c0       0x6c extern/AmbiqSuite/R5.3.0/lib/apollo510/libam_hal.a(am_hal_syspll.o)
                0x0041c6c0                am_hal_syspll_deinitialize
 .text.am_hal_syspll_enable
                0x0041c72c       0x58 extern/AmbiqSuite/R5.3.0/lib/apollo510/libam_hal.a(am_hal_syspll.o)
                0x0041c72c                am_hal_syspll_enable
 .text.am_hal_syspll_disable
                0x0041c784       0x38 extern/AmbiqSuite/R5.3.0/lib/apollo510/libam_hal.a(am_hal_syspll.o)
                0x0041c784                am_hal_syspll_disable
 .text.am_hal_syspll_configure
                0x0041c7bc      0x108 extern/AmbiqSuite/R5.3.0/lib/apollo510/libam_hal.a(am_hal_syspll.o)
                0x0041c7bc                am_hal_syspll_configure
 .text.am_hal_syspll_lock_wait
                0x0041c8c4       0x70 extern/AmbiqSuite/R5.3.0/lib/apollo510/libam_hal.a(am_hal_syspll.o)
                0x0041c8c4                am_hal_syspll_lock_wait
 .text.am_hal_timer_clear
                0x0041c934       0x60 extern/AmbiqSuite/R5.3.0/lib/apollo510/libam_hal.a(am_hal_timer.o)
                0x0041c934                am_hal_timer_clear
 .text.am_hal_timer_interrupt_clear
                0x0041c994       0x10 extern/AmbiqSuite/R5.3.0/lib/apollo510/libam_hal.a(am_hal_timer.o)
                0x0041c994                am_hal_timer_interrupt_clear
 .text.am_hal_usb_ep0_handle_setup_req.part.0.constprop.0
                0x0041c9a4      0x180 extern/AmbiqSuite/R5.3.0/lib/apollo510/libam_hal.a(am_hal_usb.o)
 .text.am_hal_usb_in_ep_dma1_handling.constprop.0
                0x0041cb24      0x100 extern/AmbiqSuite/R5.3.0/lib/apollo510/libam_hal.a(am_hal_usb.o)
 .text.am_hal_usb_out_ep_dma0_handling.constprop.0
                0x0041cc24      0x2c4 extern/AmbiqSuite/R5.3.0/lib/apollo510/libam_hal.a(am_hal_usb.o)
 .text.am_hal_usb_out_ep_handling.constprop.0
                0x0041cee8      0x208 extern/AmbiqSuite/R5.3.0/lib/apollo510/libam_hal.a(am_hal_usb.o)
 .text.am_hal_usb_out_ep_dma1_adma_handling.constprop.0
                0x0041d0f0      0x2d8 extern/AmbiqSuite/R5.3.0/lib/apollo510/libam_hal.a(am_hal_usb.o)
 .text.am_hal_usb_phy_electrical_tuning_set
                0x0041d3c8       0x64 extern/AmbiqSuite/R5.3.0/lib/apollo510/libam_hal.a(am_hal_usb.o)
                0x0041d3c8                am_hal_usb_phy_electrical_tuning_set
 .text.am_hal_usb_intr_status_get
                0x0041d42c       0x6c extern/AmbiqSuite/R5.3.0/lib/apollo510/libam_hal.a(am_hal_usb.o)
                0x0041d42c                am_hal_usb_intr_status_get
 .text.am_hal_usb_interrupt_service
                0x0041d498      0xd6c extern/AmbiqSuite/R5.3.0/lib/apollo510/libam_hal.a(am_hal_usb.o)
                0x0041d498                am_hal_usb_interrupt_service
 .text.am_timer15_isr
                0x0041e204        0x4 extern/AmbiqSuite/R5.3.0/lib/apollo510/libam_hal.a(am_hal_global.o)
                0x0041e204                am_timer15_isr
 .text.am_hal_queue_item_add
                0x0041e208       0x7c extern/AmbiqSuite/R5.3.0/lib/apollo510/libam_hal.a(am_hal_queue.o)
                0x0041e208                am_hal_queue_item_add
 .text.am_hal_queue_item_get
                0x0041e284       0x7c extern/AmbiqSuite/R5.3.0/lib/apollo510/libam_hal.a(am_hal_queue.o)
                0x0041e284                am_hal_queue_item_get
 .text.am_bsp_low_power_init
                0x0041e300       0x94 extern/AmbiqSuite/R5.3.0/lib/apollo510/evb/libam_bsp.a(am_bsp.o)
                0x0041e300                am_bsp_low_power_init
 .text.am_bsp_itm_printf_enable
                0x0041e394      0x180 extern/AmbiqSuite/R5.3.0/lib/apollo510/evb/libam_bsp.a(am_bsp.o)
                0x0041e394                am_bsp_itm_printf_enable
 .text.am_bsp_itm_printf_disable
                0x0041e514       0x50 extern/AmbiqSuite/R5.3.0/lib/apollo510/evb/libam_bsp.a(am_bsp.o)
                0x0041e514                am_bsp_itm_printf_disable
 .text._ZN6tflite12_GLOBAL__N_14InitEP13TfLiteContextPKcj
                0x0041e564        0x8 extern/tensorflow/helia_rt_v1_6_0/lib/libtensorflow-microlite-cm55-gcc-release.a(fully_connected.o)
 .text._ZN6tflite12_GLOBAL__N_17PrepareEP13TfLiteContextP10TfLiteNode
                0x0041e56c      0x288 extern/tensorflow/helia_rt_v1_6_0/lib/libtensorflow-microlite-cm55-gcc-release.a(fully_connected.o)
 *fill*         0x0041e7f4        0x4 
 .text._ZN6tflite12_GLOBAL__N_117EvalQuantizedInt8EP13TfLiteContextP10TfLiteNodeRKNS0_6OpDataEPK16TfLiteEvalTensorSA_SA_PS8_.isra.0
                0x0041e7f8      0x1d8 extern/tensorflow/helia_rt_v1_6_0/lib/libtensorflow-microlite-cm55-gcc-release.a(fully_connected.o)
 .text._ZN6tflite12_GLOBAL__N_117EvalQuantizedInt4EP13TfLiteContextP10TfLiteNodeRKNS0_6OpDataEPK16TfLiteEvalTensorSA_SA_PS8_.isra.0
                0x0041e9d0       0xb4 extern/tensorflow/helia_rt_v1_6_0/lib/libtensorflow-microlite-cm55-gcc-release.a(fully_connected.o)
 .text._ZN6tflite12_GLOBAL__N_118EvalQuantizedInt16EP13TfLiteContextP10TfLiteNodeRKNS0_6OpDataEPK16TfLiteEvalTensorSA_SA_PS8_.isra.0
                0x0041ea84       0xbc extern/tensorflow/helia_rt_v1_6_0/lib/libtensorflow-microlite-cm55-gcc-release.a(fully_connected.o)
 .text._ZN6tflite12_GLOBAL__N_14EvalEP13TfLiteContextP10TfLiteNode
                0x0041eb40      0x224 extern/tensorflow/helia_rt_v1_6_0/lib/libtensorflow-microlite-cm55-gcc-release.a(fully_connected.o)
 .text._ZN6tflite24Register_FULLY_CONNECTEDEv
                0x0041ed64       0x28 extern/tensorflow/helia_rt_v1_6_0/lib/libtensorflow-microlite-cm55-gcc-release.a(fully_connected.o)
                0x0041ed64                tflite::Register_FULLY_CONNECTED()
 .text._ZN6tflite25FullyConnectedParamsFloatE21TfLiteFusedActivation
                0x0041ed8c       0x44 extern/tensorflow/helia_rt_v1_6_0/lib/libtensorflow-microlite-cm55-gcc-release.a(fully_connected_common.o)
                0x0041ed8c                tflite::FullyConnectedParamsFloat(TfLiteFusedActivation)
 .text._ZN6tflite29CalculateOpDataFullyConnectedEP13TfLiteContext21TfLiteFusedActivation10TfLiteTypePK12TfLiteTensorS6_S6_PS4_PNS_20OpDataFullyConnectedE
                0x0041edd0      0x14c extern/tensorflow/helia_rt_v1_6_0/lib/libtensorflow-microlite-cm55-gcc-release.a(fully_connected_common.o)
                0x0041edd0                tflite::CalculateOpDataFullyConnected(TfLiteContext*, TfLiteFusedActivation, TfLiteType, TfLiteTensor const*, TfLiteTensor const*, TfLiteTensor const*, TfLiteTensor*, tflite::OpDataFullyConnected*)
 .text._ZN6tflite5micro10RegisterOpEPFPvP13TfLiteContextPKcjEPF12TfLiteStatusS3_P10TfLiteNodeESC_PFvS3_S1_ESE_
                0x0041ef1c       0x28 extern/tensorflow/helia_rt_v1_6_0/lib/libtensorflow-microlite-cm55-gcc-release.a(kernel_util.o)
                0x0041ef1c                tflite::micro::RegisterOp(void* (*)(TfLiteContext*, char const*, unsigned int), TfLiteStatus (*)(TfLiteContext*, TfLiteNode*), TfLiteStatus (*)(TfLiteContext*, TfLiteNode*), void (*)(TfLiteContext*, void*), void (*)(TfLiteContext*, void*))
 .text._ZN6tflite5micro12GetEvalInputEPK13TfLiteContextPK10TfLiteNodei
                0x0041ef44       0x30 extern/tensorflow/helia_rt_v1_6_0/lib/libtensorflow-microlite-cm55-gcc-release.a(kernel_util.o)
                0x0041ef44                tflite::micro::GetEvalInput(TfLiteContext const*, TfLiteNode const*, int)
 .text._ZN6tflite5micro13GetEvalOutputEPK13TfLiteContextPK10TfLiteNodei
                0x0041ef74        0xc extern/tensorflow/helia_rt_v1_6_0/lib/libtensorflow-microlite-cm55-gcc-release.a(kernel_util.o)
                0x0041ef74                tflite::micro::GetEvalOutput(TfLiteContext const*, TfLiteNode const*, int)
 .text._ZN6tflite5micro14GetTensorShapeEPK16TfLiteEvalTensor
                0x0041ef80       0x24 extern/tensorflow/helia_rt_v1_6_0/lib/libtensorflow-microlite-cm55-gcc-release.a(kernel_util.o)
                0x0041ef80                tflite::micro::GetTensorShape(TfLiteEvalTensor const*)
 .text._ZN6tflite14AlignPointerUpEPhj
                0x0041efa4        0xc extern/tensorflow/helia_rt_v1_6_0/lib/libtensorflow-microlite-cm55-gcc-release.a(memory_helpers.o)
                0x0041efa4                tflite::AlignPointerUp(unsigned char*, unsigned int)
 .text._ZN6tflite16AlignPointerDownEPhj
                0x0041efb0        0x8 extern/tensorflow/helia_rt_v1_6_0/lib/libtensorflow-microlite-cm55-gcc-release.a(memory_helpers.o)
                0x0041efb0                tflite::AlignPointerDown(unsigned char*, unsigned int)
 .text._ZN6tflite11AlignSizeUpEjj
                0x0041efb8        0xe extern/tensorflow/helia_rt_v1_6_0/lib/libtensorflow-microlite-cm55-gcc-release.a(memory_helpers.o)
                0x0041efb8                tflite::AlignSizeUp(unsigned int, unsigned int)
 *fill*         0x0041efc6        0x2 
 .text._ZN6tflite16TfLiteTypeSizeOfE10TfLiteTypePj
                0x0041efc8       0x78 extern/tensorflow/helia_rt_v1_6_0/lib/libtensorflow-microlite-cm55-gcc-release.a(memory_helpers.o)
                0x0041efc8                tflite::TfLiteTypeSizeOf(TfLiteType, unsigned int*)
 .text._ZN6tflite22BytesRequiredForTensorERKNS_6TensorEPjS3_
                0x0041f040       0x6e extern/tensorflow/helia_rt_v1_6_0/lib/libtensorflow-microlite-cm55-gcc-release.a(memory_helpers.o)
                0x0041f040                tflite::BytesRequiredForTensor(tflite::Tensor const&, unsigned int*, unsigned int*)
 .text._ZN6tflite26TfLiteEvalTensorByteLengthEPK16TfLiteEvalTensorPj
                0x0041f0ae       0x40 extern/tensorflow/helia_rt_v1_6_0/lib/libtensorflow-microlite-cm55-gcc-release.a(memory_helpers.o)
                0x0041f0ae                tflite::TfLiteEvalTensorByteLength(TfLiteEvalTensor const*, unsigned int*)
 .text._ZN6tflite12_GLOBAL__N_125MicroBuiltinDataAllocator8AllocateEjj
                0x0041f0ee        0x8 extern/tensorflow/helia_rt_v1_6_0/lib/libtensorflow-microlite-cm55-gcc-release.a(micro_allocator.o)
 .text._ZN6tflite12_GLOBAL__N_125MicroBuiltinDataAllocator10DeallocateEPv
                0x0041f0f6        0x2 extern/tensorflow/helia_rt_v1_6_0/lib/libtensorflow-microlite-cm55-gcc-release.a(micro_allocator.o)
 .text._ZN6tflite14MicroAllocatorD0Ev
                0x0041f0f8        0x2 extern/tensorflow/helia_rt_v1_6_0/lib/libtensorflow-microlite-cm55-gcc-release.a(micro_allocator.o)
                0x0041f0f8                tflite::MicroAllocator::~MicroAllocator()
                0x0041f0f8                tflite::MicroAllocator::~MicroAllocator()
                0x0041f0f8                tflite::MicroAllocator::~MicroAllocator()
 .text._ZN6tflite14MicroAllocator24AllocatePersistentBufferEj
                0x0041f0fa        0xa extern/tensorflow/helia_rt_v1_6_0/lib/libtensorflow-microlite-cm55-gcc-release.a(micro_allocator.o)
                0x0041f0fa                tflite::MicroAllocator::AllocatePersistentBuffer(unsigned int)
 .text._ZN6tflite14MicroAllocator30AllocatePersistentTfLiteTensorEPKNS_5ModelEPKNS_19SubgraphAllocationsEii
                0x0041f104       0x58 extern/tensorflow/helia_rt_v1_6_0/lib/libtensorflow-microlite-cm55-gcc-release.a(micro_allocator.o)
                0x0041f104                tflite::MicroAllocator::AllocatePersistentTfLiteTensor(tflite::Model const*, tflite::SubgraphAllocations const*, int, int)
 .text._ZN6tflite14MicroAllocator26DeallocateTempTfLiteTensorEP12TfLiteTensor
                0x0041f15c       0x3a extern/tensorflow/helia_rt_v1_6_0/lib/libtensorflow-microlite-cm55-gcc-release.a(micro_allocator.o)
                0x0041f15c                tflite::MicroAllocator::DeallocateTempTfLiteTensor(TfLiteTensor*)
 .text._ZN6tflite14MicroAllocator24AllocateTempTfLiteTensorEPKNS_5ModelEPKNS_19SubgraphAllocationsEii
                0x0041f196       0x5e extern/tensorflow/helia_rt_v1_6_0/lib/libtensorflow-microlite-cm55-gcc-release.a(micro_allocator.o)
                0x0041f196                tflite::MicroAllocator::AllocateTempTfLiteTensor(tflite::Model const*, tflite::SubgraphAllocations const*, int, int)
 .text._ZN6tflite14MicroAllocator18AllocateTempBufferEjj
                0x0041f1f4        0x8 extern/tensorflow/helia_rt_v1_6_0/lib/libtensorflow-microlite-cm55-gcc-release.a(micro_allocator.o)
                0x0041f1f4                tflite::MicroAllocator::AllocateTempBuffer(unsigned int, unsigned int)
 .text._ZN6tflite14MicroAllocator20DeallocateTempBufferEPh
                0x0041f1fc        0x8 extern/tensorflow/helia_rt_v1_6_0/lib/libtensorflow-microlite-cm55-gcc-release.a(micro_allocator.o)
                0x0041f1fc                tflite::MicroAllocator::DeallocateTempBuffer(unsigned char*)
 .text._ZN6tflite14MicroAllocator20ResetTempAllocationsEv
                0x0041f204        0x8 extern/tensorflow/helia_rt_v1_6_0/lib/libtensorflow-microlite-cm55-gcc-release.a(micro_allocator.o)
                0x0041f204                tflite::MicroAllocator::ResetTempAllocations()
 .text._ZN6tflite14MicroAllocator20IsAllTempDeallocatedEv
                0x0041f20c        0x8 extern/tensorflow/helia_rt_v1_6_0/lib/libtensorflow-microlite-cm55-gcc-release.a(micro_allocator.o)
                0x0041f20c                tflite::MicroAllocator::IsAllTempDeallocated()
 .text._ZN6tflite14MicroAllocator38AllocatePersistentTfLiteTensorInternalEv
                0x0041f214        0xc extern/tensorflow/helia_rt_v1_6_0/lib/libtensorflow-microlite-cm55-gcc-release.a(micro_allocator.o)
                0x0041f214                tflite::MicroAllocator::AllocatePersistentTfLiteTensorInternal()
 .text._ZN6tflite12_GLOBAL__N_125MicroBuiltinDataAllocatorD0Ev
                0x0041f220        0x2 extern/tensorflow/helia_rt_v1_6_0/lib/libtensorflow-microlite-cm55-gcc-release.a(micro_allocator.o)
 .text._ZN6tflite14MicroAllocator28AllocateScratchBufferHandlesEPPNS_19ScratchBufferHandleEj
                0x0041f222       0x1c extern/tensorflow/helia_rt_v1_6_0/lib/libtensorflow-microlite-cm55-gcc-release.a(micro_allocator.o)
                0x0041f222                tflite::MicroAllocator::AllocateScratchBufferHandles(tflite::ScratchBufferHandle**, unsigned int)
 .text._ZNK11flatbuffers5Table22GetOptionalFieldOffsetEt
                0x0041f23e       0x10 extern/tensorflow/helia_rt_v1_6_0/lib/libtensorflow-microlite-cm55-gcc-release.a(micro_allocator.o)
                0x0041f23e                flatbuffers::Table::GetOptionalFieldOffset(unsigned short) const
 .text._ZNK6tflite22QuantizationParameters5scaleEv
                0x0041f24e       0x14 extern/tensorflow/helia_rt_v1_6_0/lib/libtensorflow-microlite-cm55-gcc-release.a(micro_allocator.o)
                0x0041f24e                tflite::QuantizationParameters::scale() const
 .text._ZNK6tflite22QuantizationParameters10zero_pointEv
                0x0041f262       0x14 extern/tensorflow/helia_rt_v1_6_0/lib/libtensorflow-microlite-cm55-gcc-release.a(micro_allocator.o)
                0x0041f262                tflite::QuantizationParameters::zero_point() const
 .text._ZNK6tflite6Tensor4typeEv
                0x0041f276       0x10 extern/tensorflow/helia_rt_v1_6_0/lib/libtensorflow-microlite-cm55-gcc-release.a(micro_allocator.o)
                0x0041f276                tflite::Tensor::type() const
 .text._ZNK6tflite6Tensor11is_variableEv
                0x0041f286       0x18 extern/tensorflow/helia_rt_v1_6_0/lib/libtensorflow-microlite-cm55-gcc-release.a(micro_allocator.o)
                0x0041f286                tflite::Tensor::is_variable() const
 .text._ZNK6tflite8SubGraph7tensorsEv
                0x0041f29e       0x14 extern/tensorflow/helia_rt_v1_6_0/lib/libtensorflow-microlite-cm55-gcc-release.a(micro_allocator.o)
                0x0041f29e                tflite::SubGraph::tensors() const
 .text._ZN6tflite14MicroAllocator17AllocateVariablesEPKNS_8SubGraphEP16TfLiteEvalTensorPKl
                0x0041f2b2       0x66 extern/tensorflow/helia_rt_v1_6_0/lib/libtensorflow-microlite-cm55-gcc-release.a(micro_allocator.o)
                0x0041f2b2                tflite::MicroAllocator::AllocateVariables(tflite::SubGraph const*, TfLiteEvalTensor*, long const*)
 .text._ZNK6tflite5Model9subgraphsEv
                0x0041f318       0x14 extern/tensorflow/helia_rt_v1_6_0/lib/libtensorflow-microlite-cm55-gcc-release.a(micro_allocator.o)
                0x0041f318                tflite::Model::subgraphs() const
 .text._ZN6tflite14MicroAllocator28AllocateNodeAndRegistrationsEPKNS_5ModelEPNS_19SubgraphAllocationsE
                0x0041f32c       0x4c extern/tensorflow/helia_rt_v1_6_0/lib/libtensorflow-microlite-cm55-gcc-release.a(micro_allocator.o)
                0x0041f32c                tflite::MicroAllocator::AllocateNodeAndRegistrations(tflite::Model const*, tflite::SubgraphAllocations*)
 .text._ZN6tflite8internal25GetFlatbufferTensorBufferERKNS_6TensorEPKN11flatbuffers6VectorINS4_6OffsetINS_6BufferEEEmEE
                0x0041f378       0x3a extern/tensorflow/helia_rt_v1_6_0/lib/libtensorflow-microlite-cm55-gcc-release.a(micro_allocator.o)
                0x0041f378                tflite::internal::GetFlatbufferTensorBuffer(tflite::Tensor const&, flatbuffers::Vector<flatbuffers::Offset<tflite::Buffer>, unsigned long> const*)
 *fill*         0x0041f3b2        0x2 
 .text._ZN6tflite8internal36InitializeTfLiteTensorFromFlatbufferEPNS_26IPersistentBufferAllocatorEPNS_29INonPersistentBufferAllocatorEbRKNS_6TensorEPKN11flatbuffers6VectorINS8_6OffsetINS_6BufferEEEmEEP12TfLiteTensor
                0x0041f3b4      0x188 extern/tensorflow/helia_rt_v1_6_0/lib/libtensorflow-microlite-cm55-gcc-release.a(micro_allocator.o)
                0x0041f3b4                tflite::internal::InitializeTfLiteTensorFromFlatbuffer(tflite::IPersistentBufferAllocator*, tflite::INonPersistentBufferAllocator*, bool, tflite::Tensor const&, flatbuffers::Vector<flatbuffers::Offset<tflite::Buffer>, unsigned long> const*, TfLiteTensor*)
 .text._ZN6tflite14MicroAllocator34PopulateTfLiteTensorFromFlatbufferEPKNS_5ModelEP12TfLiteTensoriib
                0x0041f53c       0x5c extern/tensorflow/helia_rt_v1_6_0/lib/libtensorflow-microlite-cm55-gcc-release.a(micro_allocator.o)
                0x0041f53c                tflite::MicroAllocator::PopulateTfLiteTensorFromFlatbuffer(tflite::Model const*, TfLiteTensor*, int, int, bool)
 .text._ZN6tflite8internal40InitializeTfLiteEvalTensorFromFlatbufferERKNS_6TensorEPKN11flatbuffers6VectorINS4_6OffsetINS_6BufferEEEmEEP16TfLiteEvalTensor
                0x0041f598       0x50 extern/tensorflow/helia_rt_v1_6_0/lib/libtensorflow-microlite-cm55-gcc-release.a(micro_allocator.o)
                0x0041f598                tflite::internal::InitializeTfLiteEvalTensorFromFlatbuffer(tflite::Tensor const&, flatbuffers::Vector<flatbuffers::Offset<tflite::Buffer>, unsigned long> const*, TfLiteEvalTensor*)
 .text._ZN6tflite14MicroAllocator25AllocateTfLiteEvalTensorsEPKNS_5ModelEPNS_19SubgraphAllocationsE
                0x0041f5e8       0x9c extern/tensorflow/helia_rt_v1_6_0/lib/libtensorflow-microlite-cm55-gcc-release.a(micro_allocator.o)
                0x0041f5e8                tflite::MicroAllocator::AllocateTfLiteEvalTensors(tflite::Model const*, tflite::SubgraphAllocations*)
 .text._ZN6tflite14MicroAllocator6CreateEPNS_26SingleArenaBufferAllocatorEPNS_18MicroMemoryPlannerE
                0x0041f684       0x30 extern/tensorflow/helia_rt_v1_6_0/lib/libtensorflow-microlite-cm55-gcc-release.a(micro_allocator.o)
                0x0041f684                tflite::MicroAllocator::Create(tflite::SingleArenaBufferAllocator*, tflite::MicroMemoryPlanner*)
 .text._ZN6tflite14MicroAllocator6CreateEPhjPNS_18MicroMemoryPlannerE
                0x0041f6b4       0x20 extern/tensorflow/helia_rt_v1_6_0/lib/libtensorflow-microlite-cm55-gcc-release.a(micro_allocator.o)
                0x0041f6b4                tflite::MicroAllocator::Create(unsigned char*, unsigned int, tflite::MicroMemoryPlanner*)
 .text._ZN6tflite14MicroAllocator6CreateEPhjNS_17MemoryPlannerTypeE
                0x0041f6d4       0x5c extern/tensorflow/helia_rt_v1_6_0/lib/libtensorflow-microlite-cm55-gcc-release.a(micro_allocator.o)
                0x0041f6d4                tflite::MicroAllocator::Create(unsigned char*, unsigned int, tflite::MemoryPlannerType)
 .text._ZN6tflite14MicroAllocator21FinishModelAllocationEPKNS_5ModelEPNS_19SubgraphAllocationsEPPNS_19ScratchBufferHandleE
                0x0041f730       0x38 extern/tensorflow/helia_rt_v1_6_0/lib/libtensorflow-microlite-cm55-gcc-release.a(micro_allocator.o)
                0x0041f730                tflite::MicroAllocator::FinishModelAllocation(tflite::Model const*, tflite::SubgraphAllocations*, tflite::ScratchBufferHandle**)
 .text._ZNK6tflite14MicroAllocator10used_bytesEv
                0x0041f768       0x1a extern/tensorflow/helia_rt_v1_6_0/lib/libtensorflow-microlite-cm55-gcc-release.a(micro_allocator.o)
                0x0041f768                tflite::MicroAllocator::used_bytes() const
 .text._ZN6tflite14MicroAllocator21InitScratchBufferDataEv
                0x0041f782       0x1e extern/tensorflow/helia_rt_v1_6_0/lib/libtensorflow-microlite-cm55-gcc-release.a(micro_allocator.o)
                0x0041f782                tflite::MicroAllocator::InitScratchBufferData()
 .text._ZN6tflite14MicroAllocator20StartModelAllocationEPKNS_5ModelE
                0x0041f7a0       0x78 extern/tensorflow/helia_rt_v1_6_0/lib/libtensorflow-microlite-cm55-gcc-release.a(micro_allocator.o)
                0x0041f7a0                tflite::MicroAllocator::StartModelAllocation(tflite::Model const*)
 .text._ZN6tflite14MicroAllocator24GetScratchBufferRequestsEv
                0x0041f818        0x8 extern/tensorflow/helia_rt_v1_6_0/lib/libtensorflow-microlite-cm55-gcc-release.a(micro_allocator.o)
                0x0041f818                tflite::MicroAllocator::GetScratchBufferRequests()
 .text._ZN6tflite14MicroAllocator28FinishPrepareNodeAllocationsEi
                0x0041f820       0x54 extern/tensorflow/helia_rt_v1_6_0/lib/libtensorflow-microlite-cm55-gcc-release.a(micro_allocator.o)
                0x0041f820                tflite::MicroAllocator::FinishPrepareNodeAllocations(int)
 .text._ZN6tflite14MicroAllocator27RequestScratchBufferInArenaEjiPi
                0x0041f874       0x68 extern/tensorflow/helia_rt_v1_6_0/lib/libtensorflow-microlite-cm55-gcc-release.a(micro_allocator.o)
                0x0041f874                tflite::MicroAllocator::RequestScratchBufferInArena(unsigned int, int, int*)
 .text._ZN6tflite14MicroAllocator22CommitStaticMemoryPlanEPKNS_5ModelEPNS_19SubgraphAllocationsEPNS_19ScratchBufferHandleE
                0x0041f8dc      0x1ba extern/tensorflow/helia_rt_v1_6_0/lib/libtensorflow-microlite-cm55-gcc-release.a(micro_allocator.o)
                0x0041f8dc                tflite::MicroAllocator::CommitStaticMemoryPlan(tflite::Model const*, tflite::SubgraphAllocations*, tflite::ScratchBufferHandle*)
 .text._ZN6tflite14MicroAllocator23GetBuiltinDataAllocatorEv
                0x0041fa96        0x4 extern/tensorflow/helia_rt_v1_6_0/lib/libtensorflow-microlite-cm55-gcc-release.a(micro_allocator.o)
                0x0041fa96                tflite::MicroAllocator::GetBuiltinDataAllocator()
 .text._ZN6tflite12MicroContext23AllocateTempInputTensorEPK10TfLiteNodei
                0x0041fa9a       0x2a extern/tensorflow/helia_rt_v1_6_0/lib/libtensorflow-microlite-cm55-gcc-release.a(micro_context.o)
                0x0041fa9a                tflite::MicroContext::AllocateTempInputTensor(TfLiteNode const*, int)
 .text._ZN6tflite12MicroContext24AllocateTempOutputTensorEPK10TfLiteNodei
                0x0041fac4       0x2a extern/tensorflow/helia_rt_v1_6_0/lib/libtensorflow-microlite-cm55-gcc-release.a(micro_context.o)
                0x0041fac4                tflite::MicroContext::AllocateTempOutputTensor(TfLiteNode const*, int)
 .text._ZN6tflite25MicroContextReportOpErrorEP13TfLiteContextPKcz
                0x0041faee        0xe extern/tensorflow/helia_rt_v1_6_0/lib/libtensorflow-microlite-cm55-gcc-release.a(micro_context.o)
                0x0041faee                tflite::MicroContextReportOpError(TfLiteContext*, char const*, ...)
 .text._ZN6tflite36MicroContextAllocatePersistentBufferEP13TfLiteContextj
                0x0041fafc        0x8 extern/tensorflow/helia_rt_v1_6_0/lib/libtensorflow-microlite-cm55-gcc-release.a(micro_interpreter.o)
                0x0041fafc                tflite::MicroContextAllocatePersistentBuffer(TfLiteContext*, unsigned int)
 .text._ZN6tflite39MicroContextRequestScratchBufferInArenaEP13TfLiteContextjPi
                0x0041fb04        0x8 extern/tensorflow/helia_rt_v1_6_0/lib/libtensorflow-microlite-cm55-gcc-release.a(micro_interpreter.o)
                0x0041fb04                tflite::MicroContextRequestScratchBufferInArena(TfLiteContext*, unsigned int, int*)
 .text._ZN6tflite28MicroContextGetScratchBufferEP13TfLiteContexti
                0x0041fb0c        0x8 extern/tensorflow/helia_rt_v1_6_0/lib/libtensorflow-microlite-cm55-gcc-release.a(micro_interpreter.o)
                0x0041fb0c                tflite::MicroContextGetScratchBuffer(TfLiteContext*, int)
 .text._ZN6tflite21MicroContextGetTensorEPK13TfLiteContexti
                0x0041fb14        0x8 extern/tensorflow/helia_rt_v1_6_0/lib/libtensorflow-microlite-cm55-gcc-release.a(micro_interpreter.o)
                0x0041fb14                tflite::MicroContextGetTensor(TfLiteContext const*, int)
 .text._ZN6tflite25MicroContextGetEvalTensorEPK13TfLiteContexti
                0x0041fb1c        0x8 extern/tensorflow/helia_rt_v1_6_0/lib/libtensorflow-microlite-cm55-gcc-release.a(micro_interpreter.o)
                0x0041fb1c                tflite::MicroContextGetEvalTensor(TfLiteContext const*, int)
 .text._ZN6tflite30MicroContextGetExternalContextEP13TfLiteContext25TfLiteExternalContextType
                0x0041fb24        0x8 extern/tensorflow/helia_rt_v1_6_0/lib/libtensorflow-microlite-cm55-gcc-release.a(micro_interpreter.o)
                0x0041fb24                tflite::MicroContextGetExternalContext(TfLiteContext*, TfLiteExternalContextType)
 .text._ZN6tflite16MicroInterpreter4InitEPNS_22MicroProfilerInterfaceE
                0x0041fb2c       0x58 extern/tensorflow/helia_rt_v1_6_0/lib/libtensorflow-microlite-cm55-gcc-release.a(micro_interpreter.o)
                0x0041fb2c                tflite::MicroInterpreter::Init(tflite::MicroProfilerInterface*)
 .text._ZN6tflite16MicroInterpreterC2EPKNS_5ModelERKNS_15MicroOpResolverEPhjPNS_22MicroResourceVariablesEPNS_22MicroProfilerInterfaceEb
                0x0041fb84       0x6a extern/tensorflow/helia_rt_v1_6_0/lib/libtensorflow-microlite-cm55-gcc-release.a(micro_interpreter.o)
                0x0041fb84                tflite::MicroInterpreter::MicroInterpreter(tflite::Model const*, tflite::MicroOpResolver const&, unsigned char*, unsigned int, tflite::MicroResourceVariables*, tflite::MicroProfilerInterface*, bool)
                0x0041fb84                tflite::MicroInterpreter::MicroInterpreter(tflite::Model const*, tflite::MicroOpResolver const&, unsigned char*, unsigned int, tflite::MicroResourceVariables*, tflite::MicroProfilerInterface*, bool)
 .text._ZN11flatbuffers5Table10GetPointerIPKNS_6VectorIlmEEmEET_t
                0x0041fbee       0x12 extern/tensorflow/helia_rt_v1_6_0/lib/libtensorflow-microlite-cm55-gcc-release.a(micro_interpreter.o)
                0x0041fbee                flatbuffers::Vector<long, unsigned long> const* flatbuffers::Table::GetPointer<flatbuffers::Vector<long, unsigned long> const*, unsigned long>(unsigned short)
 .text._ZNK6tflite16MicroInterpreter11inputs_sizeEv.isra.0
                0x0041fc00       0x16 extern/tensorflow/helia_rt_v1_6_0/lib/libtensorflow-microlite-cm55-gcc-release.a(micro_interpreter.o)
 .text._ZN6tflite16MicroInterpreter5inputEj
                0x0041fc16       0x1c extern/tensorflow/helia_rt_v1_6_0/lib/libtensorflow-microlite-cm55-gcc-release.a(micro_interpreter.o)
                0x0041fc16                tflite::MicroInterpreter::input(unsigned int)
 .text._ZNK6tflite16MicroInterpreter12outputs_sizeEv.isra.0
                0x0041fc32       0x16 extern/tensorflow/helia_rt_v1_6_0/lib/libtensorflow-microlite-cm55-gcc-release.a(micro_interpreter.o)
 .text._ZN6tflite16MicroInterpreter6outputEj
                0x0041fc48       0x1c extern/tensorflow/helia_rt_v1_6_0/lib/libtensorflow-microlite-cm55-gcc-release.a(micro_interpreter.o)
                0x0041fc48                tflite::MicroInterpreter::output(unsigned int)
 .text._ZN6tflite16MicroInterpreterD2Ev
                0x0041fc64       0x26 extern/tensorflow/helia_rt_v1_6_0/lib/libtensorflow-microlite-cm55-gcc-release.a(micro_interpreter.o)
                0x0041fc64                tflite::MicroInterpreter::~MicroInterpreter()
                0x0041fc64                tflite::MicroInterpreter::~MicroInterpreter()
 .text._ZN6tflite16MicroInterpreter44PrepareNodeAndRegistrationDataFromFlatbufferEv
                0x0041fc8a      0x1b0 extern/tensorflow/helia_rt_v1_6_0/lib/libtensorflow-microlite-cm55-gcc-release.a(micro_interpreter.o)
                0x0041fc8a                tflite::MicroInterpreter::PrepareNodeAndRegistrationDataFromFlatbuffer()
 .text._ZN6tflite16MicroInterpreter5ResetEv
                0x0041fe3a       0x1a extern/tensorflow/helia_rt_v1_6_0/lib/libtensorflow-microlite-cm55-gcc-release.a(micro_interpreter.o)
                0x0041fe3a                tflite::MicroInterpreter::Reset()
 .text._ZN6tflite16MicroInterpreter15AllocateTensorsEv
                0x0041fe54      0x1ac extern/tensorflow/helia_rt_v1_6_0/lib/libtensorflow-microlite-cm55-gcc-release.a(micro_interpreter.o)
                0x0041fe54                tflite::MicroInterpreter::AllocateTensors()
 .text._ZN6tflite16MicroInterpreter6InvokeEv
                0x00420000       0x2c extern/tensorflow/helia_rt_v1_6_0/lib/libtensorflow-microlite-cm55-gcc-release.a(micro_interpreter.o)
                0x00420000                tflite::MicroInterpreter::Invoke()
 .text._ZN6tflite23MicroInterpreterContext16external_contextEv
                0x0042002c        0x4 extern/tensorflow/helia_rt_v1_6_0/lib/libtensorflow-microlite-cm55-gcc-release.a(micro_interpreter_context.o)
                0x0042002c                tflite::MicroInterpreterContext::external_context()
 .text._ZN6tflite23MicroInterpreterContext5graphEv
                0x00420030        0x4 extern/tensorflow/helia_rt_v1_6_0/lib/libtensorflow-microlite-cm55-gcc-release.a(micro_interpreter_context.o)
                0x00420030                tflite::MicroInterpreterContext::graph()
 .text._ZN6tflite23MicroInterpreterContextD0Ev
                0x00420034        0x2 extern/tensorflow/helia_rt_v1_6_0/lib/libtensorflow-microlite-cm55-gcc-release.a(micro_interpreter_context.o)
                0x00420034                tflite::MicroInterpreterContext::~MicroInterpreterContext()
                0x00420034                tflite::MicroInterpreterContext::~MicroInterpreterContext()
                0x00420034                tflite::MicroInterpreterContext::~MicroInterpreterContext()
 .text._ZN6tflite23MicroInterpreterContext24AllocatePersistentBufferEj
                0x00420036        0x8 extern/tensorflow/helia_rt_v1_6_0/lib/libtensorflow-microlite-cm55-gcc-release.a(micro_interpreter_context.o)
                0x00420036                tflite::MicroInterpreterContext::AllocatePersistentBuffer(unsigned int)
 .text._ZN6tflite23MicroInterpreterContext16GetScratchBufferEi
                0x0042003e        0x8 extern/tensorflow/helia_rt_v1_6_0/lib/libtensorflow-microlite-cm55-gcc-release.a(micro_interpreter_context.o)
                0x0042003e                tflite::MicroInterpreterContext::GetScratchBuffer(int)
 .text._ZN6tflite23MicroInterpreterContext24AllocateTempTfLiteTensorEi
                0x00420046       0x1c extern/tensorflow/helia_rt_v1_6_0/lib/libtensorflow-microlite-cm55-gcc-release.a(micro_interpreter_context.o)
                0x00420046                tflite::MicroInterpreterContext::AllocateTempTfLiteTensor(int)
 .text._ZN6tflite23MicroInterpreterContext26DeallocateTempTfLiteTensorEP12TfLiteTensor
                0x00420062        0x8 extern/tensorflow/helia_rt_v1_6_0/lib/libtensorflow-microlite-cm55-gcc-release.a(micro_interpreter_context.o)
                0x00420062                tflite::MicroInterpreterContext::DeallocateTempTfLiteTensor(TfLiteTensor*)
 .text._ZN6tflite23MicroInterpreterContext18AllocateTempBufferEjj
                0x0042006a        0x8 extern/tensorflow/helia_rt_v1_6_0/lib/libtensorflow-microlite-cm55-gcc-release.a(micro_interpreter_context.o)
                0x0042006a                tflite::MicroInterpreterContext::AllocateTempBuffer(unsigned int, unsigned int)
 .text._ZN6tflite23MicroInterpreterContext20DeallocateTempBufferEPh
                0x00420072        0x8 extern/tensorflow/helia_rt_v1_6_0/lib/libtensorflow-microlite-cm55-gcc-release.a(micro_interpreter_context.o)
                0x00420072                tflite::MicroInterpreterContext::DeallocateTempBuffer(unsigned char*)
 .text._ZN6tflite23MicroInterpreterContext13GetEvalTensorEi
                0x0042007a       0x14 extern/tensorflow/helia_rt_v1_6_0/lib/libtensorflow-microlite-cm55-gcc-release.a(micro_interpreter_context.o)
                0x0042007a                tflite::MicroInterpreterContext::GetEvalTensor(int)
 .text._ZN6tflite23MicroInterpreterContext20set_external_contextEPv
                0x0042008e       0x10 extern/tensorflow/helia_rt_v1_6_0/lib/libtensorflow-microlite-cm55-gcc-release.a(micro_interpreter_context.o)
                0x0042008e                tflite::MicroInterpreterContext::set_external_context(void*)
 .text._ZN6tflite23MicroInterpreterContext27RequestScratchBufferInArenaEjPi
                0x0042009e       0x12 extern/tensorflow/helia_rt_v1_6_0/lib/libtensorflow-microlite-cm55-gcc-release.a(micro_interpreter_context.o)
                0x0042009e                tflite::MicroInterpreterContext::RequestScratchBufferInArena(unsigned int, int*)
 .text._ZN6tflite23MicroInterpreterContextC2EPNS_14MicroAllocatorEPKNS_5ModelEPNS_21MicroInterpreterGraphE
                0x004200b0       0x1c extern/tensorflow/helia_rt_v1_6_0/lib/libtensorflow-microlite-cm55-gcc-release.a(micro_interpreter_context.o)